Archive member included to satisfy reference by file (symbol)

c:/st/stm32cubeide_1.3.0/stm32cubeide/plugins/com.st.stm32cube.ide.mcu.externaltools.gnu-tools-for-stm32.7-2018-q2-update.win32_1.0.0.201904181610/tools/bin/../lib/gcc/arm-none-eabi/7.3.1/../../../../arm-none-eabi/lib/thumb/v7e-m/fpv4-sp/hard\libc_nano.a(lib_a-errno.o)
                              Core/Src/syscalls.o (__errno)
c:/st/stm32cubeide_1.3.0/stm32cubeide/plugins/com.st.stm32cube.ide.mcu.externaltools.gnu-tools-for-stm32.7-2018-q2-update.win32_1.0.0.201904181610/tools/bin/../lib/gcc/arm-none-eabi/7.3.1/../../../../arm-none-eabi/lib/thumb/v7e-m/fpv4-sp/hard\libc_nano.a(lib_a-exit.o)
                              c:/st/stm32cubeide_1.3.0/stm32cubeide/plugins/com.st.stm32cube.ide.mcu.externaltools.gnu-tools-for-stm32.7-2018-q2-update.win32_1.0.0.201904181610/tools/bin/../lib/gcc/arm-none-eabi/7.3.1/../../../../arm-none-eabi/lib/thumb/v7e-m/fpv4-sp/hard/crt0.o (exit)
c:/st/stm32cubeide_1.3.0/stm32cubeide/plugins/com.st.stm32cube.ide.mcu.externaltools.gnu-tools-for-stm32.7-2018-q2-update.win32_1.0.0.201904181610/tools/bin/../lib/gcc/arm-none-eabi/7.3.1/../../../../arm-none-eabi/lib/thumb/v7e-m/fpv4-sp/hard\libc_nano.a(lib_a-impure.o)
                              c:/st/stm32cubeide_1.3.0/stm32cubeide/plugins/com.st.stm32cube.ide.mcu.externaltools.gnu-tools-for-stm32.7-2018-q2-update.win32_1.0.0.201904181610/tools/bin/../lib/gcc/arm-none-eabi/7.3.1/../../../../arm-none-eabi/lib/thumb/v7e-m/fpv4-sp/hard\libc_nano.a(lib_a-exit.o) (_global_impure_ptr)
c:/st/stm32cubeide_1.3.0/stm32cubeide/plugins/com.st.stm32cube.ide.mcu.externaltools.gnu-tools-for-stm32.7-2018-q2-update.win32_1.0.0.201904181610/tools/bin/../lib/gcc/arm-none-eabi/7.3.1/../../../../arm-none-eabi/lib/thumb/v7e-m/fpv4-sp/hard\libc_nano.a(lib_a-init.o)
                              c:/st/stm32cubeide_1.3.0/stm32cubeide/plugins/com.st.stm32cube.ide.mcu.externaltools.gnu-tools-for-stm32.7-2018-q2-update.win32_1.0.0.201904181610/tools/bin/../lib/gcc/arm-none-eabi/7.3.1/../../../../arm-none-eabi/lib/thumb/v7e-m/fpv4-sp/hard/crt0.o (__libc_init_array)
c:/st/stm32cubeide_1.3.0/stm32cubeide/plugins/com.st.stm32cube.ide.mcu.externaltools.gnu-tools-for-stm32.7-2018-q2-update.win32_1.0.0.201904181610/tools/bin/../lib/gcc/arm-none-eabi/7.3.1/../../../../arm-none-eabi/lib/thumb/v7e-m/fpv4-sp/hard\libc_nano.a(lib_a-memset.o)
                              c:/st/stm32cubeide_1.3.0/stm32cubeide/plugins/com.st.stm32cube.ide.mcu.externaltools.gnu-tools-for-stm32.7-2018-q2-update.win32_1.0.0.201904181610/tools/bin/../lib/gcc/arm-none-eabi/7.3.1/../../../../arm-none-eabi/lib/thumb/v7e-m/fpv4-sp/hard/crt0.o (memset)
c:/st/stm32cubeide_1.3.0/stm32cubeide/plugins/com.st.stm32cube.ide.mcu.externaltools.gnu-tools-for-stm32.7-2018-q2-update.win32_1.0.0.201904181610/tools/bin/../lib/gcc/arm-none-eabi/7.3.1/thumb/v7e-m/fpv4-sp/hard\libgcc.a(_aeabi_uldivmod.o)
                              Drivers/STM32F4xx_HAL_Driver/Src/stm32f4xx_hal_rcc.o (__aeabi_uldivmod)
c:/st/stm32cubeide_1.3.0/stm32cubeide/plugins/com.st.stm32cube.ide.mcu.externaltools.gnu-tools-for-stm32.7-2018-q2-update.win32_1.0.0.201904181610/tools/bin/../lib/gcc/arm-none-eabi/7.3.1/thumb/v7e-m/fpv4-sp/hard\libgcc.a(_udivmoddi4.o)
                              c:/st/stm32cubeide_1.3.0/stm32cubeide/plugins/com.st.stm32cube.ide.mcu.externaltools.gnu-tools-for-stm32.7-2018-q2-update.win32_1.0.0.201904181610/tools/bin/../lib/gcc/arm-none-eabi/7.3.1/thumb/v7e-m/fpv4-sp/hard\libgcc.a(_aeabi_uldivmod.o) (__udivmoddi4)
c:/st/stm32cubeide_1.3.0/stm32cubeide/plugins/com.st.stm32cube.ide.mcu.externaltools.gnu-tools-for-stm32.7-2018-q2-update.win32_1.0.0.201904181610/tools/bin/../lib/gcc/arm-none-eabi/7.3.1/thumb/v7e-m/fpv4-sp/hard\libgcc.a(_dvmd_tls.o)
                              c:/st/stm32cubeide_1.3.0/stm32cubeide/plugins/com.st.stm32cube.ide.mcu.externaltools.gnu-tools-for-stm32.7-2018-q2-update.win32_1.0.0.201904181610/tools/bin/../lib/gcc/arm-none-eabi/7.3.1/thumb/v7e-m/fpv4-sp/hard\libgcc.a(_aeabi_uldivmod.o) (__aeabi_ldiv0)

Allocating common symbols
Common symbol       size              file

invader1_missile_prev_xpos
                    0x18              Core/Src/main.o
invader1_missile_prev_ypos
                    0x18              Core/Src/main.o
player_missile_ypos
                    0xc               Core/Src/main.o
player_missile_prev_xpos
                    0xc               Core/Src/main.o
ship_x              0x4               Core/Src/main.o
ship_px             0x4               Core/Src/main.o
invader1_missile_ypos
                    0x18              Core/Src/main.o
player_missile_prev_ypos
                    0xc               Core/Src/main.o
uwTick              0x4               Drivers/STM32F4xx_HAL_Driver/Src/stm32f4xx_hal.o
pFlash              0x20              Drivers/STM32F4xx_HAL_Driver/Src/stm32f4xx_hal_flash.o
hdma_spi3_tx        0x60              Core/Src/main.o
gameStatus          0x1               Core/Src/main.o
[...]
Memory Configuration

Name             Origin             Length             Attributes
RAM              0x0000000020000000 0x0000000000020000 xrw
FLASH            0x0000000008000000 0x0000000000080000 xr
*default*        0x0000000000000000 0xffffffffffffffff

Linker script and memory map

LOAD c:/st/stm32cubeide_1.3.0/stm32cubeide/plugins/com.st.stm32cube.ide.mcu.externaltools.gnu-tools-for-stm32.7-2018-q2-update.win32_1.0.0.201904181610/tools/bin/../lib/gcc/arm-none-eabi/7.3.1/thumb/v7e-m/fpv4-sp/hard/crti.o
LOAD c:/st/stm32cubeide_1.3.0/stm32cubeide/plugins/com.st.stm32cube.ide.mcu.externaltools.gnu-tools-for-stm32.7-2018-q2-update.win32_1.0.0.201904181610/tools/bin/../lib/gcc/arm-none-eabi/7.3.1/thumb/v7e-m/fpv4-sp/hard/crtbegin.o
LOAD c:/st/stm32cubeide_1.3.0/stm32cubeide/plugins/com.st.stm32cube.ide.mcu.externaltools.gnu-tools-for-stm32.7-2018-q2-update.win32_1.0.0.201904181610/tools/bin/../lib/gcc/arm-none-eabi/7.3.1/../../../../arm-none-eabi/lib/thumb/v7e-m/fpv4-sp/hard/crt0.o
LOAD Core/Src/main.o
LOAD Core/Src/stm32f4xx_hal_msp.o
LOAD Core/Src/stm32f4xx_it.o
LOAD Core/Src/syscalls.o
LOAD Core/Src/sysmem.o
LOAD Core/Src/system_stm32f4xx.o
LOAD Core/Startup/startup_stm32f411vetx.o
LOAD Drivers/STM32F4xx_HAL_Driver/Src/stm32f4xx_hal.o
LOAD Drivers/STM32F4xx_HAL_Driver/Src/stm32f4xx_hal_cortex.o
LOAD Drivers/STM32F4xx_HAL_Driver/Src/stm32f4xx_hal_dma.o
LOAD Drivers/STM32F4xx_HAL_Driver/Src/stm32f4xx_hal_dma_ex.o
LOAD Drivers/STM32F4xx_HAL_Driver/Src/stm32f4xx_hal_exti.o
LOAD Drivers/STM32F4xx_HAL_Driver/Src/stm32f4xx_hal_flash.o
LOAD Drivers/STM32F4xx_HAL_Driver/Src/stm32f4xx_hal_flash_ex.o
LOAD Drivers/STM32F4xx_HAL_Driver/Src/stm32f4xx_hal_flash_ramfunc.o
LOAD Drivers/STM32F4xx_HAL_Driver/Src/stm32f4xx_hal_gpio.o
LOAD Drivers/STM32F4xx_HAL_Driver/Src/stm32f4xx_hal_i2s.o
LOAD Drivers/STM32F4xx_HAL_Driver/Src/stm32f4xx_hal_i2s_ex.o
LOAD Drivers/STM32F4xx_HAL_Driver/Src/stm32f4xx_hal_pwr.o
LOAD Drivers/STM32F4xx_HAL_Driver/Src/stm32f4xx_hal_pwr_ex.o
LOAD Drivers/STM32F4xx_HAL_Driver/Src/stm32f4xx_hal_rcc.o
LOAD Drivers/STM32F4xx_HAL_Driver/Src/stm32f4xx_hal_rcc_ex.o
LOAD Drivers/STM32F4xx_HAL_Driver/Src/stm32f4xx_hal_tim.o
LOAD Drivers/STM32F4xx_HAL_Driver/Src/stm32f4xx_hal_tim_ex.o
START GROUP
LOAD c:/st/stm32cubeide_1.3.0/stm32cubeide/plugins/com.st.stm32cube.ide.mcu.externaltools.gnu-tools-for-stm32.7-2018-q2-update.win32_1.0.0.201904181610/tools/bin/../lib/gcc/arm-none-eabi/7.3.1/../../../../arm-none-eabi/lib/thumb/v7e-m/fpv4-sp/hard\libc_nano.a
LOAD c:/st/stm32cubeide_1.3.0/stm32cubeide/plugins/com.st.stm32cube.ide.mcu.externaltools.gnu-tools-for-stm32.7-2018-q2-update.win32_1.0.0.201904181610/tools/bin/../lib/gcc/arm-none-eabi/7.3.1/../../../../arm-none-eabi/lib/thumb/v7e-m/fpv4-sp/hard\libm.a
END GROUP
START GROUP
LOAD c:/st/stm32cubeide_1.3.0/stm32cubeide/plugins/com.st.stm32cube.ide.mcu.externaltools.gnu-tools-for-stm32.7-2018-q2-update.win32_1.0.0.201904181610/tools/bin/../lib/gcc/arm-none-eabi/7.3.1/thumb/v7e-m/fpv4-sp/hard\libgcc.a
LOAD c:/st/stm32cubeide_1.3.0/stm32cubeide/plugins/com.st.stm32cube.ide.mcu.externaltools.gnu-tools-for-stm32.7-2018-q2-update.win32_1.0.0.201904181610/tools/bin/../lib/gcc/arm-none-eabi/7.3.1/../../../../arm-none-eabi/lib/thumb/v7e-m/fpv4-sp/hard\libc_nano.a
END GROUP
START GROUP
LOAD c:/st/stm32cubeide_1.3.0/stm32cubeide/plugins/com.st.stm32cube.ide.mcu.externaltools.gnu-tools-for-stm32.7-2018-q2-update.win32_1.0.0.201904181610/tools/bin/../lib/gcc/arm-none-eabi/7.3.1/thumb/v7e-m/fpv4-sp/hard\libgcc.a
LOAD c:/st/stm32cubeide_1.3.0/stm32cubeide/plugins/com.st.stm32cube.ide.mcu.externaltools.gnu-tools-for-stm32.7-2018-q2-update.win32_1.0.0.201904181610/tools/bin/../lib/gcc/arm-none-eabi/7.3.1/../../../../arm-none-eabi/lib/thumb/v7e-m/fpv4-sp/hard\libc_nano.a
LOAD c:/st/stm32cubeide_1.3.0/stm32cubeide/plugins/com.st.stm32cube.ide.mcu.externaltools.gnu-tools-for-stm32.7-2018-q2-update.win32_1.0.0.201904181610/tools/bin/../lib/gcc/arm-none-eabi/7.3.1/../../../../arm-none-eabi/lib/thumb/v7e-m/fpv4-sp/hard\libnosys.a
END GROUP
START GROUP
LOAD c:/st/stm32cubeide_1.3.0/stm32cubeide/plugins/com.st.stm32cube.ide.mcu.externaltools.gnu-tools-for-stm32.7-2018-q2-update.win32_1.0.0.201904181610/tools/bin/../lib/gcc/arm-none-eabi/7.3.1/thumb/v7e-m/fpv4-sp/hard\libgcc.a
LOAD c:/st/stm32cubeide_1.3.0/stm32cubeide/plugins/com.st.stm32cube.ide.mcu.externaltools.gnu-tools-for-stm32.7-2018-q2-update.win32_1.0.0.201904181610/tools/bin/../lib/gcc/arm-none-eabi/7.3.1/../../../../arm-none-eabi/lib/thumb/v7e-m/fpv4-sp/hard\libc_nano.a
LOAD c:/st/stm32cubeide_1.3.0/stm32cubeide/plugins/com.st.stm32cube.ide.mcu.externaltools.gnu-tools-for-stm32.7-2018-q2-update.win32_1.0.0.201904181610/tools/bin/../lib/gcc/arm-none-eabi/7.3.1/../../../../arm-none-eabi/lib/thumb/v7e-m/fpv4-sp/hard\libnosys.a
END GROUP
LOAD c:/st/stm32cubeide_1.3.0/stm32cubeide/plugins/com.st.stm32cube.ide.mcu.externaltools.gnu-tools-for-stm32.7-2018-q2-update.win32_1.0.0.201904181610/tools/bin/../lib/gcc/arm-none-eabi/7.3.1/thumb/v7e-m/fpv4-sp/hard/crtend.o
LOAD c:/st/stm32cubeide_1.3.0/stm32cubeide/plugins/com.st.stm32cube.ide.mcu.externaltools.gnu-tools-for-stm32.7-2018-q2-update.win32_1.0.0.201904181610/tools/bin/../lib/gcc/arm-none-eabi/7.3.1/thumb/v7e-m/fpv4-sp/hard/crtn.o
                0x0000000020020000                _estack = (ORIGIN (RAM) + LENGTH (RAM))
                0x0000000000000200                _Min_Heap_Size = 0x200
                0x0000000000000400                _Min_Stack_Size = 0x400

.isr_vector     0x0000000008000000      0x198
                0x0000000008000000                . = ALIGN (0x4)
 *(.isr_vector)
 .isr_vector    0x0000000008000000      0x198 Core/Startup/startup_stm32f411vetx.o
                0x0000000008000000                g_pfnVectors
                0x0000000008000198                . = ALIGN (0x4)

.text           0x0000000008000198     0x4498
                0x0000000008000198                . = ALIGN (0x4)
 *(.text)
 .text          0x0000000008000198       0x40 c:/st/stm32cubeide_1.3.0/stm32cubeide/plugins/com.st.stm32cube.ide.mcu.externaltools.gnu-tools-for-stm32.7-2018-q2-update.win32_1.0.0.201904181610/tools/bin/../lib/gcc/arm-none-eabi/7.3.1/thumb/v7e-m/fpv4-sp/hard/crtbegin.o
 .text          0x00000000080001d8       0x30 c:/st/stm32cubeide_1.3.0/stm32cubeide/plugins/com.st.stm32cube.ide.mcu.externaltools.gnu-tools-for-stm32.7-2018-q2-update.win32_1.0.0.201904181610/tools/bin/../lib/gcc/arm-none-eabi/7.3.1/thumb/v7e-m/fpv4-sp/hard\libgcc.a(_aeabi_uldivmod.o)
                0x00000000080001d8                __aeabi_uldivmod
 .text          0x0000000008000208      0x2cc c:/st/stm32cubeide_1.3.0/stm32cubeide/plugins/com.st.stm32cube.ide.mcu.externaltools.gnu-tools-for-stm32.7-2018-q2-update.win32_1.0.0.201904181610/tools/bin/../lib/gcc/arm-none-eabi/7.3.1/thumb/v7e-m/fpv4-sp/hard\libgcc.a(_udivmoddi4.o)
                0x0000000008000208                __udivmoddi4
 .text          0x00000000080004d4        0x4 c:/st/stm32cubeide_1.3.0/stm32cubeide/plugins/com.st.stm32cube.ide.mcu.externaltools.gnu-tools-for-stm32.7-2018-q2-update.win32_1.0.0.201904181610/tools/bin/../lib/gcc/arm-none-eabi/7.3.1/thumb/v7e-m/fpv4-sp/hard\libgcc.a(_dvmd_tls.o)
                0x00000000080004d4                __aeabi_idiv0
                0x00000000080004d4                __aeabi_ldiv0
 *(.text*)
 .text.displayIntroScreen
                0x00000000080004d8       0xc8 Core/Src/main.o
                0x00000000080004d8                displayIntroScreen
 .text.displayGameOver
                0x00000000080005a0       0xcc Core/Src/main.o
                0x00000000080005a0                displayGameOver
 .text.clearscreen
                0x000000000800066c       0x90 Core/Src/main.o
                0x000000000800066c                clearscreen
 .text.displayint
                0x00000000080006fc       0xb4 Core/Src/main.o
                0x00000000080006fc                displayint
 .text.updatescreen
                0x00000000080007b0      0x574 Core/Src/main.o
                0x00000000080007b0                updatescreen
 .text.updatePlayerMissileStatus
                0x0000000008000d24      0x388 Core/Src/main.o
                0x0000000008000d24                updatePlayerMissileStatus
 .text.updateEnemyMissileStatus
                0x00000000080010ac      0x19c Core/Src/main.o
                0x00000000080010ac                updateEnemyMissileStatus
 .text.explodeInvader1
                0x0000000008001248      0x18c Core/Src/main.o
                0x0000000008001248                explodeInvader1
 .text.main     0x00000000080013d4      0x8dc Core/Src/main.o
                0x00000000080013d4                main
 .text.SystemClock_Config
                0x0000000008001cb0      0x110 Core/Src/main.o
                0x0000000008001cb0                SystemClock_Config
 .text.MX_I2S3_Init
                0x0000000008001dc0       0x5c Core/Src/main.o
 .text.MX_DMA_Init
                0x0000000008001e1c       0x40 Core/Src/main.o
 .text.MX_GPIO_Init
                0x0000000008001e5c      0x138 Core/Src/main.o
 .text.Error_Handler
                0x0000000008001f94        0xe Core/Src/main.o
                0x0000000008001f94                Error_Handler
 *fill*         0x0000000008001fa2        0x2 
 .text.HAL_MspInit
                0x0000000008001fa4       0x50 Core/Src/stm32f4xx_hal_msp.o
                0x0000000008001fa4                HAL_MspInit
 .text.HAL_I2S_MspInit
                0x0000000008001ff4      0x138 Core/Src/stm32f4xx_hal_msp.o
                0x0000000008001ff4                HAL_I2S_MspInit
 .text.NMI_Handler
                0x000000000800212c        0xe Core/Src/stm32f4xx_it.o
                0x000000000800212c                NMI_Handler
 .text.HardFault_Handler
                0x000000000800213a        0x6 Core/Src/stm32f4xx_it.o
                0x000000000800213a                HardFault_Handler
 .text.MemManage_Handler
                0x0000000008002140        0x6 Core/Src/stm32f4xx_it.o
                0x0000000008002140                MemManage_Handler
 .text.BusFault_Handler
                0x0000000008002146        0x6 Core/Src/stm32f4xx_it.o
                0x0000000008002146                BusFault_Handler
 .text.UsageFault_Handler
                0x000000000800214c        0x6 Core/Src/stm32f4xx_it.o
                0x000000000800214c                UsageFault_Handler
 .text.SVC_Handler
                0x0000000008002152        0xe Core/Src/stm32f4xx_it.o
                0x0000000008002152                SVC_Handler
 .text.DebugMon_Handler
                0x0000000008002160        0xe Core/Src/stm32f4xx_it.o
                0x0000000008002160                DebugMon_Handler
 .text.PendSV_Handler
                0x000000000800216e        0xe Core/Src/stm32f4xx_it.o
                0x000000000800216e                PendSV_Handler
 .text.SysTick_Handler
                0x000000000800217c        0xc Core/Src/stm32f4xx_it.o
                0x000000000800217c                SysTick_Handler
 .text.EXTI0_IRQHandler
                0x0000000008002188       0x18 Core/Src/stm32f4xx_it.o
                0x0000000008002188                EXTI0_IRQHandler
 .text.EXTI4_IRQHandler
                0x00000000080021a0       0x18 Core/Src/stm32f4xx_it.o
                0x00000000080021a0                EXTI4_IRQHandler
 .text.DMA1_Stream5_IRQHandler
                0x00000000080021b8       0x14 Core/Src/stm32f4xx_it.o
                0x00000000080021b8                DMA1_Stream5_IRQHandler
 .text.EXTI9_5_IRQHandler
                0x00000000080021cc       0x1c Core/Src/stm32f4xx_it.o
                0x00000000080021cc                EXTI9_5_IRQHandler
 .text.SystemInit
                0x00000000080021e8       0x2c Core/Src/system_stm32f4xx.o
                0x00000000080021e8                SystemInit
 .text.Reset_Handler
                0x0000000008002214       0x50 Core/Startup/startup_stm32f411vetx.o
                0x0000000008002214                Reset_Handler
 .text.Default_Handler
                0x0000000008002264        0x2 Core/Startup/startup_stm32f411vetx.o
                0x0000000008002264                RTC_Alarm_IRQHandler
                0x0000000008002264                EXTI2_IRQHandler
                0x0000000008002264                SPI4_IRQHandler
                0x0000000008002264                TIM1_CC_IRQHandler
                0x0000000008002264                DMA2_Stream5_IRQHandler
                0x0000000008002264                PVD_IRQHandler
                0x0000000008002264                SDIO_IRQHandler
                0x0000000008002264                TAMP_STAMP_IRQHandler
                0x0000000008002264                EXTI3_IRQHandler
                0x0000000008002264                TIM1_UP_TIM10_IRQHandler
                0x0000000008002264                I2C3_ER_IRQHandler
                0x0000000008002264                I2C2_EV_IRQHandler
                0x0000000008002264                DMA1_Stream2_IRQHandler
                0x0000000008002264                FPU_IRQHandler
                0x0000000008002264                DMA2_Stream2_IRQHandler
                0x0000000008002264                SPI1_IRQHandler
                0x0000000008002264                TIM1_BRK_TIM9_IRQHandler
                0x0000000008002264                DMA2_Stream3_IRQHandler
                0x0000000008002264                USART6_IRQHandler
                0x0000000008002264                DMA2_Stream0_IRQHandler
                0x0000000008002264                TIM4_IRQHandler
                0x0000000008002264                I2C1_EV_IRQHandler
                0x0000000008002264                DMA1_Stream6_IRQHandler
                0x0000000008002264                DMA1_Stream1_IRQHandler
                0x0000000008002264                TIM3_IRQHandler
                0x0000000008002264                RCC_IRQHandler
                0x0000000008002264                Default_Handler
                0x0000000008002264                EXTI15_10_IRQHandler
                0x0000000008002264                ADC_IRQHandler
                0x0000000008002264                DMA1_Stream7_IRQHandler
                0x0000000008002264                SPI5_IRQHandler
                0x0000000008002264                TIM5_IRQHandler
                0x0000000008002264                DMA2_Stream7_IRQHandler
                0x0000000008002264                I2C3_EV_IRQHandler
                0x0000000008002264                RTC_WKUP_IRQHandler
                0x0000000008002264                SPI2_IRQHandler
                0x0000000008002264                DMA1_Stream0_IRQHandler
                0x0000000008002264                WWDG_IRQHandler
                0x0000000008002264                TIM2_IRQHandler
                0x0000000008002264                OTG_FS_WKUP_IRQHandler
                0x0000000008002264                TIM1_TRG_COM_TIM11_IRQHandler
                0x0000000008002264                EXTI1_IRQHandler
                0x0000000008002264                USART2_IRQHandler
                0x0000000008002264                I2C2_ER_IRQHandler
                0x0000000008002264                DMA2_Stream1_IRQHandler
                0x0000000008002264                FLASH_IRQHandler
                0x0000000008002264                DMA2_Stream4_IRQHandler
                0x0000000008002264                USART1_IRQHandler
                0x0000000008002264                OTG_FS_IRQHandler
                0x0000000008002264                SPI3_IRQHandler
                0x0000000008002264                DMA1_Stream4_IRQHandler
                0x0000000008002264                I2C1_ER_IRQHandler
                0x0000000008002264                DMA2_Stream6_IRQHandler
                0x0000000008002264                DMA1_Stream3_IRQHandler
 *fill*         0x0000000008002266        0x2 
 .text.HAL_Init
                0x0000000008002268       0x44 Drivers/STM32F4xx_HAL_Driver/Src/stm32f4xx_hal.o
                0x0000000008002268                HAL_Init
 .text.HAL_InitTick
                0x00000000080022ac       0x60 Drivers/STM32F4xx_HAL_Driver/Src/stm32f4xx_hal.o
                0x00000000080022ac                HAL_InitTick
 .text.HAL_IncTick
                0x000000000800230c       0x28 Drivers/STM32F4xx_HAL_Driver/Src/stm32f4xx_hal.o
                0x000000000800230c                HAL_IncTick
 .text.HAL_GetTick
                0x0000000008002334       0x18 Drivers/STM32F4xx_HAL_Driver/Src/stm32f4xx_hal.o
                0x0000000008002334                HAL_GetTick
 .text.__NVIC_SetPriorityGrouping
                0x000000000800234c       0x48 Drivers/STM32F4xx_HAL_Driver/Src/stm32f4xx_hal_cortex.o
 .text.__NVIC_GetPriorityGrouping
                0x0000000008002394       0x1c Drivers/STM32F4xx_HAL_Driver/Src/stm32f4xx_hal_cortex.o
 .text.__NVIC_EnableIRQ
                0x00000000080023b0       0x3c Drivers/STM32F4xx_HAL_Driver/Src/stm32f4xx_hal_cortex.o
 .text.__NVIC_SetPriority
                0x00000000080023ec       0x54 Drivers/STM32F4xx_HAL_Driver/Src/stm32f4xx_hal_cortex.o
 .text.NVIC_EncodePriority
                0x0000000008002440       0x66 Drivers/STM32F4xx_HAL_Driver/Src/stm32f4xx_hal_cortex.o
 *fill*         0x00000000080024a6        0x2 
 .text.SysTick_Config
                0x00000000080024a8       0x44 Drivers/STM32F4xx_HAL_Driver/Src/stm32f4xx_hal_cortex.o
 .text.HAL_NVIC_SetPriorityGrouping
                0x00000000080024ec       0x16 Drivers/STM32F4xx_HAL_Driver/Src/stm32f4xx_hal_cortex.o
                0x00000000080024ec                HAL_NVIC_SetPriorityGrouping
 .text.HAL_NVIC_SetPriority
                0x0000000008002502       0x38 Drivers/STM32F4xx_HAL_Driver/Src/stm32f4xx_hal_cortex.o
                0x0000000008002502                HAL_NVIC_SetPriority
 .text.HAL_NVIC_EnableIRQ
                0x000000000800253a       0x1c Drivers/STM32F4xx_HAL_Driver/Src/stm32f4xx_hal_cortex.o
                0x000000000800253a                HAL_NVIC_EnableIRQ
 .text.HAL_SYSTICK_Config
                0x0000000008002556       0x18 Drivers/STM32F4xx_HAL_Driver/Src/stm32f4xx_hal_cortex.o
                0x0000000008002556                HAL_SYSTICK_Config
 *fill*         0x000000000800256e        0x2 
 .text.HAL_DMA_Init
                0x0000000008002570      0x15c Drivers/STM32F4xx_HAL_Driver/Src/stm32f4xx_hal_dma.o
                0x0000000008002570                HAL_DMA_Init
 .text.HAL_DMA_Start_IT
                0x00000000080026cc       0xb0 Drivers/STM32F4xx_HAL_Driver/Src/stm32f4xx_hal_dma.o
                0x00000000080026cc                HAL_DMA_Start_IT
 .text.HAL_DMA_IRQHandler
                0x000000000800277c      0x314 Drivers/STM32F4xx_HAL_Driver/Src/stm32f4xx_hal_dma.o
                0x000000000800277c                HAL_DMA_IRQHandler
 .text.DMA_SetConfig
                0x0000000008002a90       0x5c Drivers/STM32F4xx_HAL_Driver/Src/stm32f4xx_hal_dma.o
 .text.DMA_CalcBaseAndBitshift
                0x0000000008002aec       0x6c Drivers/STM32F4xx_HAL_Driver/Src/stm32f4xx_hal_dma.o
 .text.DMA_CheckFifoParam
                0x0000000008002b58       0xf4 Drivers/STM32F4xx_HAL_Driver/Src/stm32f4xx_hal_dma.o
 .text.HAL_GPIO_Init
                0x0000000008002c4c      0x304 Drivers/STM32F4xx_HAL_Driver/Src/stm32f4xx_hal_gpio.o
                0x0000000008002c4c                HAL_GPIO_Init
 .text.HAL_GPIO_ReadPin
                0x0000000008002f50       0x30 Drivers/STM32F4xx_HAL_Driver/Src/stm32f4xx_hal_gpio.o
                0x0000000008002f50                HAL_GPIO_ReadPin
 .text.HAL_GPIO_EXTI_IRQHandler
                0x0000000008002f80       0x30 Drivers/STM32F4xx_HAL_Driver/Src/stm32f4xx_hal_gpio.o
                0x0000000008002f80                HAL_GPIO_EXTI_IRQHandler
 .text.HAL_GPIO_EXTI_Callback
                0x0000000008002fb0       0x16 Drivers/STM32F4xx_HAL_Driver/Src/stm32f4xx_hal_gpio.o
                0x0000000008002fb0                HAL_GPIO_EXTI_Callback
 *fill*         0x0000000008002fc6        0x2 
 .text.HAL_I2S_Init
                0x0000000008002fc8      0x280 Drivers/STM32F4xx_HAL_Driver/Src/stm32f4xx_hal_i2s.o
                0x0000000008002fc8                HAL_I2S_Init
 .text.HAL_I2S_Transmit_DMA
                0x0000000008003248      0x150 Drivers/STM32F4xx_HAL_Driver/Src/stm32f4xx_hal_i2s.o
                0x0000000008003248                HAL_I2S_Transmit_DMA
 .text.HAL_I2S_TxHalfCpltCallback
                0x0000000008003398       0x14 Drivers/STM32F4xx_HAL_Driver/Src/stm32f4xx_hal_i2s.o
                0x0000000008003398                HAL_I2S_TxHalfCpltCallback
 .text.HAL_I2S_TxCpltCallback
                0x00000000080033ac       0x14 Drivers/STM32F4xx_HAL_Driver/Src/stm32f4xx_hal_i2s.o
                0x00000000080033ac                HAL_I2S_TxCpltCallback
 .text.HAL_I2S_RxCpltCallback
                0x00000000080033c0       0x14 Drivers/STM32F4xx_HAL_Driver/Src/stm32f4xx_hal_i2s.o
                0x00000000080033c0                HAL_I2S_RxCpltCallback
 .text.HAL_I2S_ErrorCallback
                0x00000000080033d4       0x14 Drivers/STM32F4xx_HAL_Driver/Src/stm32f4xx_hal_i2s.o
                0x00000000080033d4                HAL_I2S_ErrorCallback
 .text.I2S_DMATxCplt
                0x00000000080033e8       0x42 Drivers/STM32F4xx_HAL_Driver/Src/stm32f4xx_hal_i2s.o
 .text.I2S_DMATxHalfCplt
                0x000000000800342a       0x1c Drivers/STM32F4xx_HAL_Driver/Src/stm32f4xx_hal_i2s.o
 .text.I2S_DMAError
                0x0000000008003446       0x4c Drivers/STM32F4xx_HAL_Driver/Src/stm32f4xx_hal_i2s.o
 .text.I2S_Transmit_IT
                0x0000000008003492       0x5c Drivers/STM32F4xx_HAL_Driver/Src/stm32f4xx_hal_i2s.o
 .text.I2S_Receive_IT
                0x00000000080034ee       0x5e Drivers/STM32F4xx_HAL_Driver/Src/stm32f4xx_hal_i2s.o
 .text.I2S_IRQHandler
                0x000000000800354c      0x114 Drivers/STM32F4xx_HAL_Driver/Src/stm32f4xx_hal_i2s.o
 .text.HAL_I2SEx_FullDuplex_IRQHandler
                0x0000000008003660      0x2a8 Drivers/STM32F4xx_HAL_Driver/Src/stm32f4xx_hal_i2s_ex.o
                0x0000000008003660                HAL_I2SEx_FullDuplex_IRQHandler
 .text.HAL_I2SEx_TxRxCpltCallback
                0x0000000008003908       0x14 Drivers/STM32F4xx_HAL_Driver/Src/stm32f4xx_hal_i2s_ex.o
                0x0000000008003908                HAL_I2SEx_TxRxCpltCallback
 .text.I2SEx_TxISR_I2S
                0x000000000800391c       0x62 Drivers/STM32F4xx_HAL_Driver/Src/stm32f4xx_hal_i2s_ex.o
 *fill*         0x000000000800397e        0x2 
 .text.I2SEx_TxISR_I2SExt
                0x0000000008003980       0x98 Drivers/STM32F4xx_HAL_Driver/Src/stm32f4xx_hal_i2s_ex.o
 .text.I2SEx_RxISR_I2S
                0x0000000008003a18       0x64 Drivers/STM32F4xx_HAL_Driver/Src/stm32f4xx_hal_i2s_ex.o
 .text.I2SEx_RxISR_I2SExt
                0x0000000008003a7c       0x98 Drivers/STM32F4xx_HAL_Driver/Src/stm32f4xx_hal_i2s_ex.o
 .text.HAL_RCC_OscConfig
                0x0000000008003b14      0x4e0 Drivers/STM32F4xx_HAL_Driver/Src/stm32f4xx_hal_rcc.o
                0x0000000008003b14                HAL_RCC_OscConfig
 .text.HAL_RCC_ClockConfig
                0x0000000008003ff4      0x1cc Drivers/STM32F4xx_HAL_Driver/Src/stm32f4xx_hal_rcc.o
                0x0000000008003ff4                HAL_RCC_ClockConfig
 .text.HAL_RCC_GetSysClockFreq
                0x00000000080041c0      0x164 Drivers/STM32F4xx_HAL_Driver/Src/stm32f4xx_hal_rcc.o
                0x00000000080041c0                HAL_RCC_GetSysClockFreq
 .text.HAL_RCCEx_PeriphCLKConfig
                0x0000000008004324      0x1e0 Drivers/STM32F4xx_HAL_Driver/Src/stm32f4xx_hal_rcc_ex.o
                0x0000000008004324                HAL_RCCEx_PeriphCLKConfig
 .text.HAL_RCCEx_GetPeriphCLKFreq
                0x0000000008004504       0xbc Drivers/STM32F4xx_HAL_Driver/Src/stm32f4xx_hal_rcc_ex.o
                0x0000000008004504                HAL_RCCEx_GetPeriphCLKFreq
 .text.__libc_init_array
                0x00000000080045c0       0x48 c:/st/stm32cubeide_1.3.0/stm32cubeide/plugins/com.st.stm32cube.ide.mcu.externaltools.gnu-tools-for-stm32.7-2018-q2-update.win32_1.0.0.201904181610/tools/bin/../lib/gcc/arm-none-eabi/7.3.1/../../../../arm-none-eabi/lib/thumb/v7e-m/fpv4-sp/hard\libc_nano.a(lib_a-init.o)
                0x00000000080045c0                __libc_init_array
 .text.memset   0x0000000008004608       0x10 c:/st/stm32cubeide_1.3.0/stm32cubeide/plugins/com.st.stm32cube.ide.mcu.externaltools.gnu-tools-for-stm32.7-2018-q2-update.win32_1.0.0.201904181610/tools/bin/../lib/gcc/arm-none-eabi/7.3.1/../../../../arm-none-eabi/lib/thumb/v7e-m/fpv4-sp/hard\libc_nano.a(lib_a-memset.o)
                0x0000000008004608                memset
 *(.glue_7)
 .glue_7        0x0000000008004618        0x0 linker stubs
 *(.glue_7t)
 .glue_7t       0x0000000008004618        0x0 linker stubs
 *(.eh_frame)
 .eh_frame      0x0000000008004618        0x0 c:/st/stm32cubeide_1.3.0/stm32cubeide/plugins/com.st.stm32cube.ide.mcu.externaltools.gnu-tools-for-stm32.7-2018-q2-update.win32_1.0.0.201904181610/tools/bin/../lib/gcc/arm-none-eabi/7.3.1/thumb/v7e-m/fpv4-sp/hard/crtbegin.o
 *(.init)
 .init          0x0000000008004618        0x4 c:/st/stm32cubeide_1.3.0/stm32cubeide/plugins/com.st.stm32cube.ide.mcu.externaltools.gnu-tools-for-stm32.7-2018-q2-update.win32_1.0.0.201904181610/tools/bin/../lib/gcc/arm-none-eabi/7.3.1/thumb/v7e-m/fpv4-sp/hard/crti.o
                0x0000000008004618                _init
 .init          0x000000000800461c        0x8 c:/st/stm32cubeide_1.3.0/stm32cubeide/plugins/com.st.stm32cube.ide.mcu.externaltools.gnu-tools-for-stm32.7-2018-q2-update.win32_1.0.0.201904181610/tools/bin/../lib/gcc/arm-none-eabi/7.3.1/thumb/v7e-m/fpv4-sp/hard/crtn.o
 *(.fini)
 .fini          0x0000000008004624        0x4 c:/st/stm32cubeide_1.3.0/stm32cubeide/plugins/com.st.stm32cube.ide.mcu.externaltools.gnu-tools-for-stm32.7-2018-q2-update.win32_1.0.0.201904181610/tools/bin/../lib/gcc/arm-none-eabi/7.3.1/thumb/v7e-m/fpv4-sp/hard/crti.o
                0x0000000008004624                _fini
 .fini          0x0000000008004628        0x8 c:/st/stm32cubeide_1.3.0/stm32cubeide/plugins/com.st.stm32cube.ide.mcu.externaltools.gnu-tools-for-stm32.7-2018-q2-update.win32_1.0.0.201904181610/tools/bin/../lib/gcc/arm-none-eabi/7.3.1/thumb/v7e-m/fpv4-sp/hard/crtn.o
                0x0000000008004630                . = ALIGN (0x4)
                0x0000000008004630                _etext = .

.vfp11_veneer   0x0000000008004630        0x0
 .vfp11_veneer  0x0000000008004630        0x0 linker stubs

.v4_bx          0x0000000008004630        0x0
 .v4_bx         0x0000000008004630        0x0 linker stubs

.iplt           0x0000000008004630        0x0
 .iplt          0x0000000008004630        0x0 c:/st/stm32cubeide_1.3.0/stm32cubeide/plugins/com.st.stm32cube.ide.mcu.externaltools.gnu-tools-for-stm32.7-2018-q2-update.win32_1.0.0.201904181610/tools/bin/../lib/gcc/arm-none-eabi/7.3.1/thumb/v7e-m/fpv4-sp/hard/crtbegin.o

.rodata         0x0000000008004630    0x3e6dc
                0x0000000008004630                . = ALIGN (0x4)
 *(.rodata)
 *(.rodata*)
 .rodata.Invader1
                0x0000000008004630       0x60 Core/Src/main.o
 .rodata.Ship   0x0000000008004690       0x60 Core/Src/main.o
 .rodata.Missile_Green
                0x00000000080046f0        0x4 Core/Src/main.o
 .rodata.Missile_Red
                0x00000000080046f4        0x4 Core/Src/main.o
 .rodata.Barrier
                0x00000000080046f8       0x6e Core/Src/main.o
 *fill*         0x0000000008004766        0x2 
 .rodata.title  0x0000000008004768     0x1900 Core/Src/main.o
 .rodata.digits
                0x0000000008006068      0x2d0 Core/Src/main.o
 .rodata.explode1
                0x0000000008006338      0x400 Core/Src/main.o
 .rodata.explode2
                0x0000000008006738      0x400 Core/Src/main.o
 .rodata.explode3
                0x0000000008006b38      0x400 Core/Src/main.o
 .rodata.explode4
                0x0000000008006f38      0x400 Core/Src/main.o
 .rodata.explode5
                0x0000000008007338      0x400 Core/Src/main.o
 .rodata.explode6
                0x0000000008007738      0x400 Core/Src/main.o
 .rodata.explode7
                0x0000000008007b38      0x400 Core/Src/main.o
 .rodata.Title_Screen
                0x0000000008007f38     0x1dab Core/Src/main.o
 *fill*         0x0000000008009ce3        0x1 
 .rodata.Title_Instruction
                0x0000000008009ce4      0xbf0 Core/Src/main.o
 .rodata.Game_Over
                0x000000000800a8d4     0x2bd8 Core/Src/main.o
 .rodata.boop_2
                0x000000000800d4ac     0x674c Core/Src/main.o
 .rodata.pew    0x0000000008013bf8     0x5dec Core/Src/main.o
 .rodata.great_success
                0x00000000080199e4    0x187de Core/Src/main.o
 *fill*         0x00000000080321c2        0x2 
 .rodata.audio_explode
                0x00000000080321c4    0x10b30 Core/Src/main.o
 .rodata.AHBPrescTable
                0x0000000008042cf4       0x10 Core/Src/system_stm32f4xx.o
                0x0000000008042cf4                AHBPrescTable
 .rodata.flagBitshiftOffset.7453
                0x0000000008042d04        0x8 Drivers/STM32F4xx_HAL_Driver/Src/stm32f4xx_hal_dma.o
                0x0000000008042d0c                . = ALIGN (0x4)

.ARM.extab      0x0000000008042d0c        0x0
                0x0000000008042d0c                . = ALIGN (0x4)
 *(.ARM.extab* .gnu.linkonce.armextab.*)
                0x0000000008042d0c                . = ALIGN (0x4)

.ARM            0x0000000008042d0c        0x8
                0x0000000008042d0c                . = ALIGN (0x4)
                0x0000000008042d0c                __exidx_start = .
 *(.ARM.exidx*)
 .ARM.exidx     0x0000000008042d0c        0x8 c:/st/stm32cubeide_1.3.0/stm32cubeide/plugins/com.st.stm32cube.ide.mcu.externaltools.gnu-tools-for-stm32.7-2018-q2-update.win32_1.0.0.201904181610/tools/bin/../lib/gcc/arm-none-eabi/7.3.1/thumb/v7e-m/fpv4-sp/hard\libgcc.a(_udivmoddi4.o)
                0x0000000008042d14                __exidx_end = .
                0x0000000008042d14                . = ALIGN (0x4)

.rel.dyn        0x0000000008042d14        0x0
 .rel.iplt      0x0000000008042d14        0x0 c:/st/stm32cubeide_1.3.0/stm32cubeide/plugins/com.st.stm32cube.ide.mcu.externaltools.gnu-tools-for-stm32.7-2018-q2-update.win32_1.0.0.201904181610/tools/bin/../lib/gcc/arm-none-eabi/7.3.1/thumb/v7e-m/fpv4-sp/hard/crtbegin.o

.preinit_array  0x0000000008042d14        0x0
                0x0000000008042d14                . = ALIGN (0x4)
                0x0000000008042d14                PROVIDE (__preinit_array_start = .)
 *(.preinit_array*)
                0x0000000008042d14                PROVIDE (__preinit_array_end = .)
                0x0000000008042d14                . = ALIGN (0x4)

.init_array     0x0000000008042d14        0x4
                0x0000000008042d14                . = ALIGN (0x4)
                0x0000000008042d14                PROVIDE (__init_array_start = .)
 *(SORT_BY_NAME(.init_array.*))
 *(.init_array*)
 .init_array    0x0000000008042d14        0x4 c:/st/stm32cubeide_1.3.0/stm32cubeide/plugins/com.st.stm32cube.ide.mcu.externaltools.gnu-tools-for-stm32.7-2018-q2-update.win32_1.0.0.201904181610/tools/bin/../lib/gcc/arm-none-eabi/7.3.1/thumb/v7e-m/fpv4-sp/hard/crtbegin.o
                0x0000000008042d18                PROVIDE (__init_array_end = .)
                0x0000000008042d18                . = ALIGN (0x4)

.fini_array     0x0000000008042d18        0x4
                0x0000000008042d18                . = ALIGN (0x4)
                [!provide]                        PROVIDE (__fini_array_start = .)
 *(SORT_BY_NAME(.fini_array.*))
 *(.fini_array*)
 .fini_array    0x0000000008042d18        0x4 c:/st/stm32cubeide_1.3.0/stm32cubeide/plugins/com.st.stm32cube.ide.mcu.externaltools.gnu-tools-for-stm32.7-2018-q2-update.win32_1.0.0.201904181610/tools/bin/../lib/gcc/arm-none-eabi/7.3.1/thumb/v7e-m/fpv4-sp/hard/crtbegin.o
                [!provide]                        PROVIDE (__fini_array_end = .)
                0x0000000008042d1c                . = ALIGN (0x4)
                0x0000000008042d1c                _sidata = LOADADDR (.data)

.data           0x0000000020000000      0x1a0 load address 0x0000000008042d1c
                0x0000000020000000                . = ALIGN (0x4)
                0x0000000020000000                _sdata = .
 *(.data)
 *(.data*)
 .data.ship_health
                0x0000000020000000        0x4 Core/Src/main.o
                0x0000000020000000                ship_health
 .data.row_to_move
                0x0000000020000004        0x4 Core/Src/main.o
                0x0000000020000004                row_to_move
 .data.inv1_direction
                0x0000000020000008        0x4 Core/Src/main.o
                0x0000000020000008                inv1_direction
 .data.all_invader1_alive
                0x000000002000000c        0x4 Core/Src/main.o
                0x000000002000000c                all_invader1_alive
 .data.total_inv1_left
                0x0000000020000010        0x4 Core/Src/main.o
                0x0000000020000010                total_inv1_left
 .data.invader1_fire_sequence
                0x0000000020000014      0x180 Core/Src/main.o
                0x0000000020000014                invader1_fire_sequence
 .data.SystemCoreClock
                0x0000000020000194        0x4 Core/Src/system_stm32f4xx.o
                0x0000000020000194                SystemCoreClock
 .data.uwTickPrio
                0x0000000020000198        0x4 Drivers/STM32F4xx_HAL_Driver/Src/stm32f4xx_hal.o
                0x0000000020000198                uwTickPrio
 .data.uwTickFreq
                0x000000002000019c        0x1 Drivers/STM32F4xx_HAL_Driver/Src/stm32f4xx_hal.o
                0x000000002000019c                uwTickFreq
                0x00000000200001a0                . = ALIGN (0x4)
 *fill*         0x000000002000019d        0x3 
                0x00000000200001a0                _edata = .

.igot.plt       0x00000000200001a0        0x0 load address 0x0000000008042ebc
 .igot.plt      0x00000000200001a0        0x0 c:/st/stm32cubeide_1.3.0/stm32cubeide/plugins/com.st.stm32cube.ide.mcu.externaltools.gnu-tools-for-stm32.7-2018-q2-update.win32_1.0.0.201904181610/tools/bin/../lib/gcc/arm-none-eabi/7.3.1/thumb/v7e-m/fpv4-sp/hard/crtbegin.o
                0x00000000200001a0                . = ALIGN (0x4)

.bss            0x00000000200001a0      0x3d4 load address 0x0000000008042ebc
                0x00000000200001a0                _sbss = .
                0x00000000200001a0                __bss_start__ = _sbss
 *(.bss)
 .bss           0x00000000200001a0       0x1c c:/st/stm32cubeide_1.3.0/stm32cubeide/plugins/com.st.stm32cube.ide.mcu.externaltools.gnu-tools-for-stm32.7-2018-q2-update.win32_1.0.0.201904181610/tools/bin/../lib/gcc/arm-none-eabi/7.3.1/thumb/v7e-m/fpv4-sp/hard/crtbegin.o
 *(.bss*)
 .bss.highScore
                0x00000000200001bc        0x4 Core/Src/main.o
                0x00000000200001bc                highScore
 .bss.playerScore
                0x00000000200001c0        0x4 Core/Src/main.o
                0x00000000200001c0                playerScore
 .bss.refresh   0x00000000200001c4        0x1 Core/Src/main.o
                0x00000000200001c4                refresh
 .bss.player_fire
                0x00000000200001c5        0x1 Core/Src/main.o
                0x00000000200001c5                player_fire
 .bss.continue_input
                0x00000000200001c6        0x1 Core/Src/main.o
                0x00000000200001c6                continue_input
 *fill*         0x00000000200001c7        0x1 
 .bss.ship_y    0x00000000200001c8        0x4 Core/Src/main.o
                0x00000000200001c8                ship_y
 .bss.ship_py   0x00000000200001cc        0x4 Core/Src/main.o
                0x00000000200001cc                ship_py
 .bss.player_missile_status
                0x00000000200001d0        0xc Core/Src/main.o
                0x00000000200001d0                player_missile_status
 .bss.barrier_x_pos
                0x00000000200001dc        0xc Core/Src/main.o
                0x00000000200001dc                barrier_x_pos
 .bss.barrier_y_pos
                0x00000000200001e8        0xc Core/Src/main.o
                0x00000000200001e8                barrier_y_pos
 .bss.barrier_health
                0x00000000200001f4        0xc Core/Src/main.o
                0x00000000200001f4                barrier_health
 .bss.invader1_xpos
                0x0000000020000200       0x60 Core/Src/main.o
                0x0000000020000200                invader1_xpos
 .bss.invader1_ypos
                0x0000000020000260       0x60 Core/Src/main.o
                0x0000000020000260                invader1_ypos
 .bss.invader1_prev_xpos
                0x00000000200002c0       0x60 Core/Src/main.o
                0x00000000200002c0                invader1_prev_xpos
 .bss.invader1_prev_ypos
                0x0000000020000320       0x60 Core/Src/main.o
                0x0000000020000320                invader1_prev_ypos
 .bss.invader1_status
                0x0000000020000380       0x60 Core/Src/main.o
                0x0000000020000380                invader1_status
 .bss.invader1_fire_index
                0x00000000200003e0        0x4 Core/Src/main.o
                0x00000000200003e0                invader1_fire_index
 .bss.invader1_missile_status
                0x00000000200003e4       0x18 Core/Src/main.o
                0x00000000200003e4                invader1_missile_status
 .bss.ctr_lastcheck
                0x00000000200003fc        0x4 Core/Src/main.o
                0x00000000200003fc                ctr_lastcheck
 .bss.ctr_invader1_lastcheck
                0x0000000020000400        0x4 Core/Src/main.o
                0x0000000020000400                ctr_invader1_lastcheck
 .bss.ctr_invader1_fire
                0x0000000020000404        0x4 Core/Src/main.o
                0x0000000020000404                ctr_invader1_fire
 .bss.inv1_x_pos_to_explode
                0x0000000020000408        0xc Core/Src/main.o
                0x0000000020000408                inv1_x_pos_to_explode
 .bss.inv1_y_pos_to_explode
                0x0000000020000414        0xc Core/Src/main.o
                0x0000000020000414                inv1_y_pos_to_explode
 .bss.inv1_explode_phase
                0x0000000020000420        0xc Core/Src/main.o
                0x0000000020000420                inv1_explode_phase
 *(COMMON)
 COMMON         0x000000002000042c      0x144 Core/Src/main.o
                0x000000002000042c                invader1_missile_prev_xpos
                0x0000000020000444                invader1_missile_prev_ypos
                0x000000002000045c                player_missile_ypos
                0x0000000020000468                player_missile_prev_xpos
                0x0000000020000474                ship_x
                0x0000000020000478                ship_px
                0x000000002000047c                invader1_missile_ypos
                0x0000000020000494                player_missile_prev_ypos
                0x00000000200004a0                hdma_spi3_tx
                0x0000000020000500                gameStatus
                0x0000000020000504                player_missile_xpos
                0x0000000020000510                invader1_missile_xpos
                0x0000000020000528                hi2s3
 COMMON         0x0000000020000570        0x4 Drivers/STM32F4xx_HAL_Driver/Src/stm32f4xx_hal.o
                0x0000000020000570                uwTick
                0x0000000020000574                . = ALIGN (0x4)
                0x0000000020000574                _ebss = .
                0x0000000020000574                __bss_end__ = _ebss

._user_heap_stack
                0x0000000020000574      0x604 load address 0x0000000008042ebc
                0x0000000020000578                . = ALIGN (0x8)
 *fill*         0x0000000020000574        0x4 
                0x0000000020000578                PROVIDE (end = .)
                [!provide]                        PROVIDE (_end = .)
                0x0000000020000778                . = (. + _Min_Heap_Size)
 *fill*         0x0000000020000578      0x200 
                0x0000000020000b78                . = (. + _Min_Stack_Size)
 *fill*         0x0000000020000778      0x400 
                0x0000000020000b78                . = ALIGN (0x8)

/DISCARD/
 libc.a(*)
 libm.a(*)
 libgcc.a(*)

.ARM.attributes
                0x0000000000000000       0x30
 *(.ARM.attributes)
 .ARM.attributes
                0x0000000000000000       0x22 c:/st/stm32cubeide_1.3.0/stm32cubeide/plugins/com.st.stm32cube.ide.mcu.externaltools.gnu-tools-for-stm32.7-2018-q2-update.win32_1.0.0.201904181610/tools/bin/../lib/gcc/arm-none-eabi/7.3.1/thumb/v7e-m/fpv4-sp/hard/crti.o
 .ARM.attributes
                0x0000000000000022       0x34 c:/st/stm32cubeide_1.3.0/stm32cubeide/plugins/com.st.stm32cube.ide.mcu.externaltools.gnu-tools-for-stm32.7-2018-q2-update.win32_1.0.0.201904181610/tools/bin/../lib/gcc/arm-none-eabi/7.3.1/thumb/v7e-m/fpv4-sp/hard/crtbegin.o
 .ARM.attributes
                0x0000000000000056       0x39 Core/Src/main.o
 .ARM.attributes
                0x000000000000008f       0x39 Core/Src/stm32f4xx_hal_msp.o
 .ARM.attributes
                0x00000000000000c8       0x39 Core/Src/stm32f4xx_it.o
 .ARM.attributes
                0x0000000000000101       0x39 Core/Src/system_stm32f4xx.o
 .ARM.attributes
                0x000000000000013a       0x21 Core/Startup/startup_stm32f411vetx.o
 .ARM.attributes
                0x000000000000015b       0x39 Drivers/STM32F4xx_HAL_Driver/Src/stm32f4xx_hal.o
 .ARM.attributes
                0x0000000000000194       0x39 Drivers/STM32F4xx_HAL_Driver/Src/stm32f4xx_hal_cortex.o
 .ARM.attributes
                0x00000000000001cd       0x39 Drivers/STM32F4xx_HAL_Driver/Src/stm32f4xx_hal_dma.o
 .ARM.attributes
                0x0000000000000206       0x39 Drivers/STM32F4xx_HAL_Driver/Src/stm32f4xx_hal_gpio.o
 .ARM.attributes
                0x000000000000023f       0x39 Drivers/STM32F4xx_HAL_Driver/Src/stm32f4xx_hal_i2s.o
 .ARM.attributes
                0x0000000000000278       0x39 Drivers/STM32F4xx_HAL_Driver/Src/stm32f4xx_hal_i2s_ex.o
 .ARM.attributes
                0x00000000000002b1       0x39 Drivers/STM32F4xx_HAL_Driver/Src/stm32f4xx_hal_rcc.o
 .ARM.attributes
                0x00000000000002ea       0x39 Drivers/STM32F4xx_HAL_Driver/Src/stm32f4xx_hal_rcc_ex.o
 .ARM.attributes
                0x0000000000000323       0x34 c:/st/stm32cubeide_1.3.0/stm32cubeide/plugins/com.st.stm32cube.ide.mcu.externaltools.gnu-tools-for-stm32.7-2018-q2-update.win32_1.0.0.201904181610/tools/bin/../lib/gcc/arm-none-eabi/7.3.1/../../../../arm-none-eabi/lib/thumb/v7e-m/fpv4-sp/hard\libc_nano.a(lib_a-init.o)
 .ARM.attributes
                0x0000000000000357       0x34 c:/st/stm32cubeide_1.3.0/stm32cubeide/plugins/com.st.stm32cube.ide.mcu.externaltools.gnu-tools-for-stm32.7-2018-q2-update.win32_1.0.0.201904181610/tools/bin/../lib/gcc/arm-none-eabi/7.3.1/../../../../arm-none-eabi/lib/thumb/v7e-m/fpv4-sp/hard\libc_nano.a(lib_a-memset.o)
 .ARM.attributes
                0x000000000000038b       0x22 c:/st/stm32cubeide_1.3.0/stm32cubeide/plugins/com.st.stm32cube.ide.mcu.externaltools.gnu-tools-for-stm32.7-2018-q2-update.win32_1.0.0.201904181610/tools/bin/../lib/gcc/arm-none-eabi/7.3.1/thumb/v7e-m/fpv4-sp/hard\libgcc.a(_aeabi_uldivmod.o)
 .ARM.attributes
                0x00000000000003ad       0x34 c:/st/stm32cubeide_1.3.0/stm32cubeide/plugins/com.st.stm32cube.ide.mcu.externaltools.gnu-tools-for-stm32.7-2018-q2-update.win32_1.0.0.201904181610/tools/bin/../lib/gcc/arm-none-eabi/7.3.1/thumb/v7e-m/fpv4-sp/hard\libgcc.a(_udivmoddi4.o)
 .ARM.attributes
                0x00000000000003e1       0x22 c:/st/stm32cubeide_1.3.0/stm32cubeide/plugins/com.st.stm32cube.ide.mcu.externaltools.gnu-tools-for-stm32.7-2018-q2-update.win32_1.0.0.201904181610/tools/bin/../lib/gcc/arm-none-eabi/7.3.1/thumb/v7e-m/fpv4-sp/hard\libgcc.a(_dvmd_tls.o)
 .ARM.attributes
                0x0000000000000403       0x22 c:/st/stm32cubeide_1.3.0/stm32cubeide/plugins/com.st.stm32cube.ide.mcu.externaltools.gnu-tools-for-stm32.7-2018-q2-update.win32_1.0.0.201904181610/tools/bin/../lib/gcc/arm-none-eabi/7.3.1/thumb/v7e-m/fpv4-sp/hard/crtn.o
OUTPUT(Space Invaders.elf elf32-littlearm)

.debug_info     0x0000000000000000     0x8485
 .debug_info    0x0000000000000000     0x1f74 Core/Src/main.o
 .debug_info    0x0000000000001f74      0x9f2 Core/Src/stm32f4xx_hal_msp.o
 .debug_info    0x0000000000002966      0x4d5 Core/Src/stm32f4xx_it.o
 .debug_info    0x0000000000002e3b      0x57e Core/Src/system_stm32f4xx.o
 .debug_info    0x00000000000033b9       0x22 Core/Startup/startup_stm32f411vetx.o
 .debug_info    0x00000000000033db      0x8d5 Drivers/STM32F4xx_HAL_Driver/Src/stm32f4xx_hal.o
 .debug_info    0x0000000000003cb0      0xd98 Drivers/STM32F4xx_HAL_Driver/Src/stm32f4xx_hal_cortex.o
 .debug_info    0x0000000000004a48      0x960 Drivers/STM32F4xx_HAL_Driver/Src/stm32f4xx_hal_dma.o
 .debug_info    0x00000000000053a8      0x7d7 Drivers/STM32F4xx_HAL_Driver/Src/stm32f4xx_hal_gpio.o
 .debug_info    0x0000000000005b7f      0xe56 Drivers/STM32F4xx_HAL_Driver/Src/stm32f4xx_hal_i2s.o
 .debug_info    0x00000000000069d5      0xb6e Drivers/STM32F4xx_HAL_Driver/Src/stm32f4xx_hal_i2s_ex.o
 .debug_info    0x0000000000007543      0x92a Drivers/STM32F4xx_HAL_Driver/Src/stm32f4xx_hal_rcc.o
 .debug_info    0x0000000000007e6d      0x618 Drivers/STM32F4xx_HAL_Driver/Src/stm32f4xx_hal_rcc_ex.o

.debug_abbrev   0x0000000000000000     0x17a7
 .debug_abbrev  0x0000000000000000      0x2e1 Core/Src/main.o
 .debug_abbrev  0x00000000000002e1      0x18c Core/Src/stm32f4xx_hal_msp.o
 .debug_abbrev  0x000000000000046d      0x120 Core/Src/stm32f4xx_it.o
 .debug_abbrev  0x000000000000058d      0x12b Core/Src/system_stm32f4xx.o
 .debug_abbrev  0x00000000000006b8       0x12 Core/Startup/startup_stm32f411vetx.o
 .debug_abbrev  0x00000000000006ca      0x1f2 Drivers/STM32F4xx_HAL_Driver/Src/stm32f4xx_hal.o
 .debug_abbrev  0x00000000000008bc      0x2fa Drivers/STM32F4xx_HAL_Driver/Src/stm32f4xx_hal_cortex.o
 .debug_abbrev  0x0000000000000bb6      0x1f1 Drivers/STM32F4xx_HAL_Driver/Src/stm32f4xx_hal_dma.o
 .debug_abbrev  0x0000000000000da7      0x1c9 Drivers/STM32F4xx_HAL_Driver/Src/stm32f4xx_hal_gpio.o
 .debug_abbrev  0x0000000000000f70      0x22a Drivers/STM32F4xx_HAL_Driver/Src/stm32f4xx_hal_i2s.o
 .debug_abbrev  0x000000000000119a      0x255 Drivers/STM32F4xx_HAL_Driver/Src/stm32f4xx_hal_i2s_ex.o
 .debug_abbrev  0x00000000000013ef      0x245 Drivers/STM32F4xx_HAL_Driver/Src/stm32f4xx_hal_rcc.o
 .debug_abbrev  0x0000000000001634      0x173 Drivers/STM32F4xx_HAL_Driver/Src/stm32f4xx_hal_rcc_ex.o

.debug_aranges  0x0000000000000000      0x6e0
 .debug_aranges
                0x0000000000000000       0x88 Core/Src/main.o
 .debug_aranges
                0x0000000000000088       0x30 Core/Src/stm32f4xx_hal_msp.o
 .debug_aranges
                0x00000000000000b8       0x80 Core/Src/stm32f4xx_it.o
 .debug_aranges
                0x0000000000000138       0x28 Core/Src/system_stm32f4xx.o
 .debug_aranges
                0x0000000000000160       0x28 Core/Startup/startup_stm32f411vetx.o
 .debug_aranges
                0x0000000000000188       0xf0 Drivers/STM32F4xx_HAL_Driver/Src/stm32f4xx_hal.o
 .debug_aranges
                0x0000000000000278      0x118 Drivers/STM32F4xx_HAL_Driver/Src/stm32f4xx_hal_cortex.o
 .debug_aranges
                0x0000000000000390       0x90 Drivers/STM32F4xx_HAL_Driver/Src/stm32f4xx_hal_dma.o
 .debug_aranges
                0x0000000000000420       0x58 Drivers/STM32F4xx_HAL_Driver/Src/stm32f4xx_hal_gpio.o
 .debug_aranges
                0x0000000000000478      0x108 Drivers/STM32F4xx_HAL_Driver/Src/stm32f4xx_hal_i2s.o
 .debug_aranges
                0x0000000000000580       0x88 Drivers/STM32F4xx_HAL_Driver/Src/stm32f4xx_hal_i2s_ex.o
 .debug_aranges
                0x0000000000000608       0x88 Drivers/STM32F4xx_HAL_Driver/Src/stm32f4xx_hal_rcc.o
 .debug_aranges
                0x0000000000000690       0x50 Drivers/STM32F4xx_HAL_Driver/Src/stm32f4xx_hal_rcc_ex.o

.debug_ranges   0x0000000000000000      0x618
 .debug_ranges  0x0000000000000000       0x78 Core/Src/main.o
 .debug_ranges  0x0000000000000078       0x20 Core/Src/stm32f4xx_hal_msp.o
 .debug_ranges  0x0000000000000098       0x70 Core/Src/stm32f4xx_it.o
 .debug_ranges  0x0000000000000108       0x18 Core/Src/system_stm32f4xx.o
 .debug_ranges  0x0000000000000120       0x20 Core/Startup/startup_stm32f411vetx.o
 .debug_ranges  0x0000000000000140       0xe0 Drivers/STM32F4xx_HAL_Driver/Src/stm32f4xx_hal.o
 .debug_ranges  0x0000000000000220      0x108 Drivers/STM32F4xx_HAL_Driver/Src/stm32f4xx_hal_cortex.o
 .debug_ranges  0x0000000000000328       0x80 Drivers/STM32F4xx_HAL_Driver/Src/stm32f4xx_hal_dma.o
 .debug_ranges  0x00000000000003a8       0x48 Drivers/STM32F4xx_HAL_Driver/Src/stm32f4xx_hal_gpio.o
 .debug_ranges  0x00000000000003f0       0xf8 Drivers/STM32F4xx_HAL_Driver/Src/stm32f4xx_hal_i2s.o
 .debug_ranges  0x00000000000004e8       0x78 Drivers/STM32F4xx_HAL_Driver/Src/stm32f4xx_hal_i2s_ex.o
 .debug_ranges  0x0000000000000560       0x78 Drivers/STM32F4xx_HAL_Driver/Src/stm32f4xx_hal_rcc.o
 .debug_ranges  0x00000000000005d8       0x40 Drivers/STM32F4xx_HAL_Driver/Src/stm32f4xx_hal_rcc_ex.o

.debug_macro    0x0000000000000000    0x14bc6
 .debug_macro   0x0000000000000000      0x1e5 Core/Src/main.o
 .debug_macro   0x00000000000001e5      0xa5a Core/Src/main.o
 .debug_macro   0x0000000000000c3f      0x184 Core/Src/main.o
 .debug_macro   0x0000000000000dc3       0x2e Core/Src/main.o
 .debug_macro   0x0000000000000df1       0x28 Core/Src/main.o
 .debug_macro   0x0000000000000e19       0x22 Core/Src/main.o
 .debug_macro   0x0000000000000e3b       0x8e Core/Src/main.o
 .debug_macro   0x0000000000000ec9       0x51 Core/Src/main.o
 .debug_macro   0x0000000000000f1a       0xef Core/Src/main.o
 .debug_macro   0x0000000000001009       0x6a Core/Src/main.o
 .debug_macro   0x0000000000001073      0x1df Core/Src/main.o
 .debug_macro   0x0000000000001252       0x1c Core/Src/main.o
 .debug_macro   0x000000000000126e       0x22 Core/Src/main.o
 .debug_macro   0x0000000000001290       0xdf Core/Src/main.o
 .debug_macro   0x000000000000136f     0x102d Core/Src/main.o
 .debug_macro   0x000000000000239c      0x11f Core/Src/main.o
 .debug_macro   0x00000000000024bb     0xb937 Core/Src/main.o
 .debug_macro   0x000000000000ddf2       0x43 Core/Src/main.o
 .debug_macro   0x000000000000de35     0x3659 Core/Src/main.o
 .debug_macro   0x000000000001148e      0x174 Core/Src/main.o
 .debug_macro   0x0000000000011602       0x5a Core/Src/main.o
 .debug_macro   0x000000000001165c      0x447 Core/Src/main.o
 .debug_macro   0x0000000000011aa3      0x9fe Core/Src/main.o
 .debug_macro   0x00000000000124a1      0x15f Core/Src/main.o
 .debug_macro   0x0000000000012600      0x117 Core/Src/main.o
 .debug_macro   0x0000000000012717      0x11b Core/Src/main.o
 .debug_macro   0x0000000000012832       0x27 Core/Src/main.o
 .debug_macro   0x0000000000012859      0x287 Core/Src/main.o
 .debug_macro   0x0000000000012ae0       0x5f Core/Src/main.o
 .debug_macro   0x0000000000012b3f      0x236 Core/Src/main.o
 .debug_macro   0x0000000000012d75      0x132 Core/Src/main.o
 .debug_macro   0x0000000000012ea7      0x264 Core/Src/main.o
 .debug_macro   0x000000000001310b       0x2e Core/Src/main.o
 .debug_macro   0x0000000000013139      0x1a7 Core/Src/main.o
 .debug_macro   0x00000000000132e0       0x46 Core/Src/main.o
 .debug_macro   0x0000000000013326       0x4a Core/Src/main.o
 .debug_macro   0x0000000000013370      0x11a Core/Src/main.o
 .debug_macro   0x000000000001348a       0x85 Core/Src/main.o
 .debug_macro   0x000000000001350f       0x89 Core/Src/main.o
 .debug_macro   0x0000000000013598      0x126 Core/Src/main.o
 .debug_macro   0x00000000000136be       0x4c Core/Src/main.o
 .debug_macro   0x000000000001370a       0x2d Core/Src/main.o
 .debug_macro   0x0000000000013737      0x1d3 Core/Src/stm32f4xx_hal_msp.o
 .debug_macro   0x000000000001390a      0x1dd Core/Src/stm32f4xx_it.o
 .debug_macro   0x0000000000013ae7      0x1cf Core/Src/system_stm32f4xx.o
 .debug_macro   0x0000000000013cb6      0x229 Drivers/STM32F4xx_HAL_Driver/Src/stm32f4xx_hal.o
 .debug_macro   0x0000000000013edf      0x1c9 Drivers/STM32F4xx_HAL_Driver/Src/stm32f4xx_hal_cortex.o
 .debug_macro   0x00000000000140a8      0x1cf Drivers/STM32F4xx_HAL_Driver/Src/stm32f4xx_hal_dma.o
 .debug_macro   0x0000000000014277      0x1ff Drivers/STM32F4xx_HAL_Driver/Src/stm32f4xx_hal_gpio.o
 .debug_macro   0x0000000000014476      0x1d1 Drivers/STM32F4xx_HAL_Driver/Src/stm32f4xx_hal_i2s.o
 .debug_macro   0x0000000000014647      0x1c9 Drivers/STM32F4xx_HAL_Driver/Src/stm32f4xx_hal_i2s_ex.o
 .debug_macro   0x0000000000014810      0x1ed Drivers/STM32F4xx_HAL_Driver/Src/stm32f4xx_hal_rcc.o
 .debug_macro   0x00000000000149fd      0x1c9 Drivers/STM32F4xx_HAL_Driver/Src/stm32f4xx_hal_rcc_ex.o

.debug_line     0x0000000000000000     0x75df
 .debug_line    0x0000000000000000      0xf11 Core/Src/main.o
 .debug_line    0x0000000000000f11      0x6ed Core/Src/stm32f4xx_hal_msp.o
 .debug_line    0x00000000000015fe      0x798 Core/Src/stm32f4xx_it.o
 .debug_line    0x0000000000001d96      0x6c4 Core/Src/system_stm32f4xx.o
 .debug_line    0x000000000000245a       0x85 Core/Startup/startup_stm32f411vetx.o
 .debug_line    0x00000000000024df      0x8ae Drivers/STM32F4xx_HAL_Driver/Src/stm32f4xx_hal.o
 .debug_line    0x0000000000002d8d      0x9d2 Drivers/STM32F4xx_HAL_Driver/Src/stm32f4xx_hal_cortex.o
 .debug_line    0x000000000000375f      0x97c Drivers/STM32F4xx_HAL_Driver/Src/stm32f4xx_hal_dma.o
 .debug_line    0x00000000000040db      0x851 Drivers/STM32F4xx_HAL_Driver/Src/stm32f4xx_hal_gpio.o
 .debug_line    0x000000000000492c      0xd4a Drivers/STM32F4xx_HAL_Driver/Src/stm32f4xx_hal_i2s.o
 .debug_line    0x0000000000005676      0xe78 Drivers/STM32F4xx_HAL_Driver/Src/stm32f4xx_hal_i2s_ex.o
 .debug_line    0x00000000000064ee      0x906 Drivers/STM32F4xx_HAL_Driver/Src/stm32f4xx_hal_rcc.o
 .debug_line    0x0000000000006df4      0x7eb Drivers/STM32F4xx_HAL_Driver/Src/stm32f4xx_hal_rcc_ex.o

.debug_str      0x0000000000000000    0x80c4e
 .debug_str     0x0000000000000000    0x7f37a Core/Src/main.o
                                      0x7f67d (size before relaxing)
 .debug_str     0x000000000007f37a       0x53 Core/Src/stm32f4xx_hal_msp.o
                                      0x7eadc (size before relaxing)
 .debug_str     0x000000000007f3cd      0x10a Core/Src/stm32f4xx_it.o
                                      0x7e847 (size before relaxing)
 .debug_str     0x000000000007f4d7       0xc4 Core/Src/system_stm32f4xx.o
                                      0x7e675 (size before relaxing)
 .debug_str     0x000000000007f59b       0x36 Core/Startup/startup_stm32f411vetx.o
                                         0x77 (size before relaxing)
 .debug_str     0x000000000007f5d1      0x58d Drivers/STM32F4xx_HAL_Driver/Src/stm32f4xx_hal.o
                                      0x7efea (size before relaxing)
 .debug_str     0x000000000007fb5e      0x399 Drivers/STM32F4xx_HAL_Driver/Src/stm32f4xx_hal_cortex.o
                                      0x7edc7 (size before relaxing)
 .debug_str     0x000000000007fef7      0x328 Drivers/STM32F4xx_HAL_Driver/Src/stm32f4xx_hal_dma.o
                                      0x7ea78 (size before relaxing)
 .debug_str     0x000000000008021f      0x228 Drivers/STM32F4xx_HAL_Driver/Src/stm32f4xx_hal_gpio.o
                                      0x7e8b4 (size before relaxing)
 .debug_str     0x0000000000080447      0x292 Drivers/STM32F4xx_HAL_Driver/Src/stm32f4xx_hal_i2s.o
                                      0x7ec17 (size before relaxing)
 .debug_str     0x00000000000806d9      0x1fc Drivers/STM32F4xx_HAL_Driver/Src/stm32f4xx_hal_i2s_ex.o
                                      0x7eb55 (size before relaxing)
 .debug_str     0x00000000000808d5      0x24e Drivers/STM32F4xx_HAL_Driver/Src/stm32f4xx_hal_rcc.o
                                      0x7ea62 (size before relaxing)
 .debug_str     0x0000000000080b23      0x12b Drivers/STM32F4xx_HAL_Driver/Src/stm32f4xx_hal_rcc_ex.o
                                      0x7e7e0 (size before relaxing)

.comment        0x0000000000000000       0x7b
 .comment       0x0000000000000000       0x7b Core/Src/main.o
                                         0x7c (size before relaxing)
 .comment       0x000000000000007b       0x7c Core/Src/stm32f4xx_hal_msp.o
 .comment       0x000000000000007b       0x7c Core/Src/stm32f4xx_it.o
 .comment       0x000000000000007b       0x7c Core/Src/system_stm32f4xx.o
 .comment       0x000000000000007b       0x7c Drivers/STM32F4xx_HAL_Driver/Src/stm32f4xx_hal.o
 .comment       0x000000000000007b       0x7c Drivers/STM32F4xx_HAL_Driver/Src/stm32f4xx_hal_cortex.o
 .comment       0x000000000000007b       0x7c Drivers/STM32F4xx_HAL_Driver/Src/stm32f4xx_hal_dma.o
 .comment       0x000000000000007b       0x7c Drivers/STM32F4xx_HAL_Driver/Src/stm32f4xx_hal_gpio.o
 .comment       0x000000000000007b       0x7c Drivers/STM32F4xx_HAL_Driver/Src/stm32f4xx_hal_i2s.o
 .comment       0x000000000000007b       0x7c Drivers/STM32F4xx_HAL_Driver/Src/stm32f4xx_hal_i2s_ex.o
 .comment       0x000000000000007b       0x7c Drivers/STM32F4xx_HAL_Driver/Src/stm32f4xx_hal_rcc.o
 .comment       0x000000000000007b       0x7c Drivers/STM32F4xx_HAL_Driver/Src/stm32f4xx_hal_rcc_ex.o

.debug_frame    0x0000000000000000     0x1a5c
 .debug_frame   0x0000000000000000      0x208 Core/Src/main.o
 .debug_frame   0x0000000000000208       0x80 Core/Src/stm32f4xx_hal_msp.o
 .debug_frame   0x0000000000000288      0x17c Core/Src/stm32f4xx_it.o
 .debug_frame   0x0000000000000404       0x58 Core/Src/system_stm32f4xx.o
 .debug_frame   0x000000000000045c      0x374 Drivers/STM32F4xx_HAL_Driver/Src/stm32f4xx_hal.o
 .debug_frame   0x00000000000007d0      0x498 Drivers/STM32F4xx_HAL_Driver/Src/stm32f4xx_hal_cortex.o
 .debug_frame   0x0000000000000c68      0x250 Drivers/STM32F4xx_HAL_Driver/Src/stm32f4xx_hal_dma.o
 .debug_frame   0x0000000000000eb8      0x14c Drivers/STM32F4xx_HAL_Driver/Src/stm32f4xx_hal_gpio.o
 .debug_frame   0x0000000000001004      0x484 Drivers/STM32F4xx_HAL_Driver/Src/stm32f4xx_hal_i2s.o
 .debug_frame   0x0000000000001488      0x220 Drivers/STM32F4xx_HAL_Driver/Src/stm32f4xx_hal_i2s_ex.o
 .debug_frame   0x00000000000016a8      0x1f0 Drivers/STM32F4xx_HAL_Driver/Src/stm32f4xx_hal_rcc.o
 .debug_frame   0x0000000000001898      0x118 Drivers/STM32F4xx_HAL_Driver/Src/stm32f4xx_hal_rcc_ex.o
 .debug_frame   0x00000000000019b0       0x2c c:/st/stm32cubeide_1.3.0/stm32cubeide/plugins/com.st.stm32cube.ide.mcu.externaltools.gnu-tools-for-stm32.7-2018-q2-update.win32_1.0.0.201904181610/tools/bin/../lib/gcc/arm-none-eabi/7.3.1/../../../../arm-none-eabi/lib/thumb/v7e-m/fpv4-sp/hard\libc_nano.a(lib_a-init.o)
 .debug_frame   0x00000000000019dc       0x20 c:/st/stm32cubeide_1.3.0/stm32cubeide/plugins/com.st.stm32cube.ide.mcu.externaltools.gnu-tools-for-stm32.7-2018-q2-update.win32_1.0.0.201904181610/tools/bin/../lib/gcc/arm-none-eabi/7.3.1/../../../../arm-none-eabi/lib/thumb/v7e-m/fpv4-sp/hard\libc_nano.a(lib_a-memset.o)
 .debug_frame   0x00000000000019fc       0x2c c:/st/stm32cubeide_1.3.0/stm32cubeide/plugins/com.st.stm32cube.ide.mcu.externaltools.gnu-tools-for-stm32.7-2018-q2-update.win32_1.0.0.201904181610/tools/bin/../lib/gcc/arm-none-eabi/7.3.1/thumb/v7e-m/fpv4-sp/hard\libgcc.a(_aeabi_uldivmod.o)
 .debug_frame   0x0000000000001a28       0x34 c:/st/stm32cubeide_1.3.0/stm32cubeide/plugins/com.st.stm32cube.ide.mcu.externaltools.gnu-tools-for-stm32.7-2018-q2-update.win32_1.0.0.201904181610/tools/bin/../lib/gcc/arm-none-eabi/7.3.1/thumb/v7e-m/fpv4-sp/hard\libgcc.a(_udivmoddi4.o)
