Archive member included to satisfy reference by file (symbol)

c:/st/stm32cubeide_1.3.0/stm32cubeide/plugins/com.st.stm32cube.ide.mcu.externaltools.gnu-tools-for-stm32.7-2018-q2-update.win32_1.0.0.201904181610/tools/bin/../lib/gcc/arm-none-eabi/7.3.1/../../../../arm-none-eabi/lib/thumb/v7e-m/fpv4-sp/hard\libc_nano.a(lib_a-errno.o)
                              Core/Src/syscalls.o (__errno)
c:/st/stm32cubeide_1.3.0/stm32cubeide/plugins/com.st.stm32cube.ide.mcu.externaltools.gnu-tools-for-stm32.7-2018-q2-update.win32_1.0.0.201904181610/tools/bin/../lib/gcc/arm-none-eabi/7.3.1/../../../../arm-none-eabi/lib/thumb/v7e-m/fpv4-sp/hard\libc_nano.a(lib_a-exit.o)
                              c:/st/stm32cubeide_1.3.0/stm32cubeide/plugins/com.st.stm32cube.ide.mcu.externaltools.gnu-tools-for-stm32.7-2018-q2-update.win32_1.0.0.201904181610/tools/bin/../lib/gcc/arm-none-eabi/7.3.1/../../../../arm-none-eabi/lib/thumb/v7e-m/fpv4-sp/hard/crt0.o (exit)
c:/st/stm32cubeide_1.3.0/stm32cubeide/plugins/com.st.stm32cube.ide.mcu.externaltools.gnu-tools-for-stm32.7-2018-q2-update.win32_1.0.0.201904181610/tools/bin/../lib/gcc/arm-none-eabi/7.3.1/../../../../arm-none-eabi/lib/thumb/v7e-m/fpv4-sp/hard\libc_nano.a(lib_a-impure.o)
                              c:/st/stm32cubeide_1.3.0/stm32cubeide/plugins/com.st.stm32cube.ide.mcu.externaltools.gnu-tools-for-stm32.7-2018-q2-update.win32_1.0.0.201904181610/tools/bin/../lib/gcc/arm-none-eabi/7.3.1/../../../../arm-none-eabi/lib/thumb/v7e-m/fpv4-sp/hard\libc_nano.a(lib_a-exit.o) (_global_impure_ptr)
c:/st/stm32cubeide_1.3.0/stm32cubeide/plugins/com.st.stm32cube.ide.mcu.externaltools.gnu-tools-for-stm32.7-2018-q2-update.win32_1.0.0.201904181610/tools/bin/../lib/gcc/arm-none-eabi/7.3.1/../../../../arm-none-eabi/lib/thumb/v7e-m/fpv4-sp/hard\libc_nano.a(lib_a-init.o)
                              c:/st/stm32cubeide_1.3.0/stm32cubeide/plugins/com.st.stm32cube.ide.mcu.externaltools.gnu-tools-for-stm32.7-2018-q2-update.win32_1.0.0.201904181610/tools/bin/../lib/gcc/arm-none-eabi/7.3.1/../../../../arm-none-eabi/lib/thumb/v7e-m/fpv4-sp/hard/crt0.o (__libc_init_array)
c:/st/stm32cubeide_1.3.0/stm32cubeide/plugins/com.st.stm32cube.ide.mcu.externaltools.gnu-tools-for-stm32.7-2018-q2-update.win32_1.0.0.201904181610/tools/bin/../lib/gcc/arm-none-eabi/7.3.1/../../../../arm-none-eabi/lib/thumb/v7e-m/fpv4-sp/hard\libc_nano.a(lib_a-memset.o)
                              c:/st/stm32cubeide_1.3.0/stm32cubeide/plugins/com.st.stm32cube.ide.mcu.externaltools.gnu-tools-for-stm32.7-2018-q2-update.win32_1.0.0.201904181610/tools/bin/../lib/gcc/arm-none-eabi/7.3.1/../../../../arm-none-eabi/lib/thumb/v7e-m/fpv4-sp/hard/crt0.o (memset)
c:/st/stm32cubeide_1.3.0/stm32cubeide/plugins/com.st.stm32cube.ide.mcu.externaltools.gnu-tools-for-stm32.7-2018-q2-update.win32_1.0.0.201904181610/tools/bin/../lib/gcc/arm-none-eabi/7.3.1/thumb/v7e-m/fpv4-sp/hard\libgcc.a(_aeabi_uldivmod.o)
                              Drivers/STM32F4xx_HAL_Driver/Src/stm32f4xx_hal_rcc.o (__aeabi_uldivmod)
c:/st/stm32cubeide_1.3.0/stm32cubeide/plugins/com.st.stm32cube.ide.mcu.externaltools.gnu-tools-for-stm32.7-2018-q2-update.win32_1.0.0.201904181610/tools/bin/../lib/gcc/arm-none-eabi/7.3.1/thumb/v7e-m/fpv4-sp/hard\libgcc.a(_udivmoddi4.o)
                              c:/st/stm32cubeide_1.3.0/stm32cubeide/plugins/com.st.stm32cube.ide.mcu.externaltools.gnu-tools-for-stm32.7-2018-q2-update.win32_1.0.0.201904181610/tools/bin/../lib/gcc/arm-none-eabi/7.3.1/thumb/v7e-m/fpv4-sp/hard\libgcc.a(_aeabi_uldivmod.o) (__udivmoddi4)
c:/st/stm32cubeide_1.3.0/stm32cubeide/plugins/com.st.stm32cube.ide.mcu.externaltools.gnu-tools-for-stm32.7-2018-q2-update.win32_1.0.0.201904181610/tools/bin/../lib/gcc/arm-none-eabi/7.3.1/thumb/v7e-m/fpv4-sp/hard\libgcc.a(_dvmd_tls.o)
                              c:/st/stm32cubeide_1.3.0/stm32cubeide/plugins/com.st.stm32cube.ide.mcu.externaltools.gnu-tools-for-stm32.7-2018-q2-update.win32_1.0.0.201904181610/tools/bin/../lib/gcc/arm-none-eabi/7.3.1/thumb/v7e-m/fpv4-sp/hard\libgcc.a(_aeabi_uldivmod.o) (__aeabi_ldiv0)

Allocating common symbols
Common symbol       size              file

USERPath            0x4               FATFS/App/fatfs.o
inpNum1             0x4               Core/Src/main.o
fs                  0x230             Core/Src/main.o
outstr              0x3e8             Core/Src/main.o
inputFil            0x230             Core/Src/main.o
sum                 0x4               Core/Src/main.o
uwTick              0x4               Drivers/STM32F4xx_HAL_Driver/Src/stm32f4xx_hal.o
pFlash              0x20              Drivers/STM32F4xx_HAL_Driver/Src/stm32f4xx_hal_flash.o
inpNum2             0x4               Core/Src/main.o
numwritten          0x4               Core/Src/main.o
outputFil           0x230             Core/Src/main.o
retUSER             0x1               FATFS/App/fatfs.o
numread             0x4               Core/Src/main.o
hspi1               0x58              Core/Src/main.o
[...]
Memory Configuration

Name             Origin             Length             Attributes
RAM              0x0000000020000000 0x0000000000020000 xrw
FLASH            0x0000000008000000 0x0000000000080000 xr
*default*        0x0000000000000000 0xffffffffffffffff

Linker script and memory map

LOAD c:/st/stm32cubeide_1.3.0/stm32cubeide/plugins/com.st.stm32cube.ide.mcu.externaltools.gnu-tools-for-stm32.7-2018-q2-update.win32_1.0.0.201904181610/tools/bin/../lib/gcc/arm-none-eabi/7.3.1/thumb/v7e-m/fpv4-sp/hard/crti.o
LOAD c:/st/stm32cubeide_1.3.0/stm32cubeide/plugins/com.st.stm32cube.ide.mcu.externaltools.gnu-tools-for-stm32.7-2018-q2-update.win32_1.0.0.201904181610/tools/bin/../lib/gcc/arm-none-eabi/7.3.1/thumb/v7e-m/fpv4-sp/hard/crtbegin.o
LOAD c:/st/stm32cubeide_1.3.0/stm32cubeide/plugins/com.st.stm32cube.ide.mcu.externaltools.gnu-tools-for-stm32.7-2018-q2-update.win32_1.0.0.201904181610/tools/bin/../lib/gcc/arm-none-eabi/7.3.1/../../../../arm-none-eabi/lib/thumb/v7e-m/fpv4-sp/hard/crt0.o
LOAD Core/Src/main.o
LOAD Core/Src/sd.o
LOAD Core/Src/stm32f4xx_hal_msp.o
LOAD Core/Src/stm32f4xx_it.o
LOAD Core/Src/syscalls.o
LOAD Core/Src/sysmem.o
LOAD Core/Src/system_stm32f4xx.o
LOAD Core/Startup/startup_stm32f411vetx.o
LOAD Drivers/STM32F4xx_HAL_Driver/Src/stm32f4xx_hal.o
LOAD Drivers/STM32F4xx_HAL_Driver/Src/stm32f4xx_hal_cortex.o
LOAD Drivers/STM32F4xx_HAL_Driver/Src/stm32f4xx_hal_dma.o
LOAD Drivers/STM32F4xx_HAL_Driver/Src/stm32f4xx_hal_dma_ex.o
LOAD Drivers/STM32F4xx_HAL_Driver/Src/stm32f4xx_hal_exti.o
LOAD Drivers/STM32F4xx_HAL_Driver/Src/stm32f4xx_hal_flash.o
LOAD Drivers/STM32F4xx_HAL_Driver/Src/stm32f4xx_hal_flash_ex.o
LOAD Drivers/STM32F4xx_HAL_Driver/Src/stm32f4xx_hal_flash_ramfunc.o
LOAD Drivers/STM32F4xx_HAL_Driver/Src/stm32f4xx_hal_gpio.o
LOAD Drivers/STM32F4xx_HAL_Driver/Src/stm32f4xx_hal_pwr.o
LOAD Drivers/STM32F4xx_HAL_Driver/Src/stm32f4xx_hal_pwr_ex.o
LOAD Drivers/STM32F4xx_HAL_Driver/Src/stm32f4xx_hal_rcc.o
LOAD Drivers/STM32F4xx_HAL_Driver/Src/stm32f4xx_hal_rcc_ex.o
LOAD Drivers/STM32F4xx_HAL_Driver/Src/stm32f4xx_hal_spi.o
LOAD Drivers/STM32F4xx_HAL_Driver/Src/stm32f4xx_hal_tim.o
LOAD Drivers/STM32F4xx_HAL_Driver/Src/stm32f4xx_hal_tim_ex.o
LOAD FATFS/App/fatfs.o
LOAD FATFS/Target/user_diskio.o
LOAD Middlewares/Third_Party/FatFs/src/diskio.o
LOAD Middlewares/Third_Party/FatFs/src/ff.o
LOAD Middlewares/Third_Party/FatFs/src/ff_gen_drv.o
LOAD Middlewares/Third_Party/FatFs/src/option/syscall.o
START GROUP
LOAD c:/st/stm32cubeide_1.3.0/stm32cubeide/plugins/com.st.stm32cube.ide.mcu.externaltools.gnu-tools-for-stm32.7-2018-q2-update.win32_1.0.0.201904181610/tools/bin/../lib/gcc/arm-none-eabi/7.3.1/../../../../arm-none-eabi/lib/thumb/v7e-m/fpv4-sp/hard\libc_nano.a
LOAD c:/st/stm32cubeide_1.3.0/stm32cubeide/plugins/com.st.stm32cube.ide.mcu.externaltools.gnu-tools-for-stm32.7-2018-q2-update.win32_1.0.0.201904181610/tools/bin/../lib/gcc/arm-none-eabi/7.3.1/../../../../arm-none-eabi/lib/thumb/v7e-m/fpv4-sp/hard\libm.a
END GROUP
START GROUP
LOAD c:/st/stm32cubeide_1.3.0/stm32cubeide/plugins/com.st.stm32cube.ide.mcu.externaltools.gnu-tools-for-stm32.7-2018-q2-update.win32_1.0.0.201904181610/tools/bin/../lib/gcc/arm-none-eabi/7.3.1/thumb/v7e-m/fpv4-sp/hard\libgcc.a
LOAD c:/st/stm32cubeide_1.3.0/stm32cubeide/plugins/com.st.stm32cube.ide.mcu.externaltools.gnu-tools-for-stm32.7-2018-q2-update.win32_1.0.0.201904181610/tools/bin/../lib/gcc/arm-none-eabi/7.3.1/../../../../arm-none-eabi/lib/thumb/v7e-m/fpv4-sp/hard\libc_nano.a
END GROUP
START GROUP
LOAD c:/st/stm32cubeide_1.3.0/stm32cubeide/plugins/com.st.stm32cube.ide.mcu.externaltools.gnu-tools-for-stm32.7-2018-q2-update.win32_1.0.0.201904181610/tools/bin/../lib/gcc/arm-none-eabi/7.3.1/thumb/v7e-m/fpv4-sp/hard\libgcc.a
LOAD c:/st/stm32cubeide_1.3.0/stm32cubeide/plugins/com.st.stm32cube.ide.mcu.externaltools.gnu-tools-for-stm32.7-2018-q2-update.win32_1.0.0.201904181610/tools/bin/../lib/gcc/arm-none-eabi/7.3.1/../../../../arm-none-eabi/lib/thumb/v7e-m/fpv4-sp/hard\libc_nano.a
LOAD c:/st/stm32cubeide_1.3.0/stm32cubeide/plugins/com.st.stm32cube.ide.mcu.externaltools.gnu-tools-for-stm32.7-2018-q2-update.win32_1.0.0.201904181610/tools/bin/../lib/gcc/arm-none-eabi/7.3.1/../../../../arm-none-eabi/lib/thumb/v7e-m/fpv4-sp/hard\libnosys.a
END GROUP
START GROUP
LOAD c:/st/stm32cubeide_1.3.0/stm32cubeide/plugins/com.st.stm32cube.ide.mcu.externaltools.gnu-tools-for-stm32.7-2018-q2-update.win32_1.0.0.201904181610/tools/bin/../lib/gcc/arm-none-eabi/7.3.1/thumb/v7e-m/fpv4-sp/hard\libgcc.a
LOAD c:/st/stm32cubeide_1.3.0/stm32cubeide/plugins/com.st.stm32cube.ide.mcu.externaltools.gnu-tools-for-stm32.7-2018-q2-update.win32_1.0.0.201904181610/tools/bin/../lib/gcc/arm-none-eabi/7.3.1/../../../../arm-none-eabi/lib/thumb/v7e-m/fpv4-sp/hard\libc_nano.a
LOAD c:/st/stm32cubeide_1.3.0/stm32cubeide/plugins/com.st.stm32cube.ide.mcu.externaltools.gnu-tools-for-stm32.7-2018-q2-update.win32_1.0.0.201904181610/tools/bin/../lib/gcc/arm-none-eabi/7.3.1/../../../../arm-none-eabi/lib/thumb/v7e-m/fpv4-sp/hard\libnosys.a
END GROUP
LOAD c:/st/stm32cubeide_1.3.0/stm32cubeide/plugins/com.st.stm32cube.ide.mcu.externaltools.gnu-tools-for-stm32.7-2018-q2-update.win32_1.0.0.201904181610/tools/bin/../lib/gcc/arm-none-eabi/7.3.1/thumb/v7e-m/fpv4-sp/hard/crtend.o
LOAD c:/st/stm32cubeide_1.3.0/stm32cubeide/plugins/com.st.stm32cube.ide.mcu.externaltools.gnu-tools-for-stm32.7-2018-q2-update.win32_1.0.0.201904181610/tools/bin/../lib/gcc/arm-none-eabi/7.3.1/thumb/v7e-m/fpv4-sp/hard/crtn.o
                0x0000000020020000                _estack = (ORIGIN (RAM) + LENGTH (RAM))
                0x0000000000000200                _Min_Heap_Size = 0x200
                0x0000000000000400                _Min_Stack_Size = 0x400

.isr_vector     0x0000000008000000      0x198
                0x0000000008000000                . = ALIGN (0x4)
 *(.isr_vector)
 .isr_vector    0x0000000008000000      0x198 Core/Startup/startup_stm32f411vetx.o
                0x0000000008000000                g_pfnVectors
                0x0000000008000198                . = ALIGN (0x4)

.text           0x0000000008000198     0x4bb0
                0x0000000008000198                . = ALIGN (0x4)
 *(.text)
 .text          0x0000000008000198       0x40 c:/st/stm32cubeide_1.3.0/stm32cubeide/plugins/com.st.stm32cube.ide.mcu.externaltools.gnu-tools-for-stm32.7-2018-q2-update.win32_1.0.0.201904181610/tools/bin/../lib/gcc/arm-none-eabi/7.3.1/thumb/v7e-m/fpv4-sp/hard/crtbegin.o
 .text          0x00000000080001d8       0x30 c:/st/stm32cubeide_1.3.0/stm32cubeide/plugins/com.st.stm32cube.ide.mcu.externaltools.gnu-tools-for-stm32.7-2018-q2-update.win32_1.0.0.201904181610/tools/bin/../lib/gcc/arm-none-eabi/7.3.1/thumb/v7e-m/fpv4-sp/hard\libgcc.a(_aeabi_uldivmod.o)
                0x00000000080001d8                __aeabi_uldivmod
 .text          0x0000000008000208      0x2cc c:/st/stm32cubeide_1.3.0/stm32cubeide/plugins/com.st.stm32cube.ide.mcu.externaltools.gnu-tools-for-stm32.7-2018-q2-update.win32_1.0.0.201904181610/tools/bin/../lib/gcc/arm-none-eabi/7.3.1/thumb/v7e-m/fpv4-sp/hard\libgcc.a(_udivmoddi4.o)
                0x0000000008000208                __udivmoddi4
 .text          0x00000000080004d4        0x4 c:/st/stm32cubeide_1.3.0/stm32cubeide/plugins/com.st.stm32cube.ide.mcu.externaltools.gnu-tools-for-stm32.7-2018-q2-update.win32_1.0.0.201904181610/tools/bin/../lib/gcc/arm-none-eabi/7.3.1/thumb/v7e-m/fpv4-sp/hard\libgcc.a(_dvmd_tls.o)
                0x00000000080004d4                __aeabi_idiv0
                0x00000000080004d4                __aeabi_ldiv0
 *(.text*)
 .text.main     0x00000000080004d8      0x1e0 Core/Src/main.o
                0x00000000080004d8                main
 .text.SystemClock_Config
                0x00000000080006b8       0xbc Core/Src/main.o
                0x00000000080006b8                SystemClock_Config
 .text.MX_SPI1_Init
                0x0000000008000774       0x6c Core/Src/main.o
 .text.MX_GPIO_Init
                0x00000000080007e0       0x68 Core/Src/main.o
 .text.Error_Handler
                0x0000000008000848        0xe Core/Src/main.o
                0x0000000008000848                Error_Handler
 *fill*         0x0000000008000856        0x2 
 .text.Select   0x0000000008000858       0x20 Core/Src/sd.o
                0x0000000008000858                Select
 .text.Deselect
                0x0000000008000878       0x20 Core/Src/sd.o
                0x0000000008000878                Deselect
 .text.SD_Select
                0x0000000008000898        0xc Core/Src/sd.o
                0x0000000008000898                SD_Select
 .text.SD_Deselect
                0x00000000080008a4        0xc Core/Src/sd.o
                0x00000000080008a4                SD_Deselect
 .text.SD_ReceiveByte
                0x00000000080008b0       0x28 Core/Src/sd.o
                0x00000000080008b0                SD_ReceiveByte
 .text.SD_SendCommand
                0x00000000080008d8       0xb0 Core/Src/sd.o
                0x00000000080008d8                SD_SendCommand
 .text.SD_Init  0x0000000008000988       0xd8 Core/Src/sd.o
                0x0000000008000988                SD_Init
 .text.SD_RxDataBlock
                0x0000000008000a60       0x6c Core/Src/sd.o
                0x0000000008000a60                SD_RxDataBlock
 .text.SD_Read  0x0000000008000acc       0x92 Core/Src/sd.o
                0x0000000008000acc                SD_Read
 *fill*         0x0000000008000b5e        0x2 
 .text.SD_TxDataBlock
                0x0000000008000b60       0x8c Core/Src/sd.o
                0x0000000008000b60                SD_TxDataBlock
 .text.SD_Write
                0x0000000008000bec       0x90 Core/Src/sd.o
                0x0000000008000bec                SD_Write
 .text.HAL_MspInit
                0x0000000008000c7c       0x50 Core/Src/stm32f4xx_hal_msp.o
                0x0000000008000c7c                HAL_MspInit
 .text.HAL_SPI_MspInit
                0x0000000008000ccc       0x90 Core/Src/stm32f4xx_hal_msp.o
                0x0000000008000ccc                HAL_SPI_MspInit
 .text.NMI_Handler
                0x0000000008000d5c        0xe Core/Src/stm32f4xx_it.o
                0x0000000008000d5c                NMI_Handler
 .text.HardFault_Handler
                0x0000000008000d6a        0x6 Core/Src/stm32f4xx_it.o
                0x0000000008000d6a                HardFault_Handler
 .text.MemManage_Handler
                0x0000000008000d70        0x6 Core/Src/stm32f4xx_it.o
                0x0000000008000d70                MemManage_Handler
 .text.BusFault_Handler
                0x0000000008000d76        0x6 Core/Src/stm32f4xx_it.o
                0x0000000008000d76                BusFault_Handler
 .text.UsageFault_Handler
                0x0000000008000d7c        0x6 Core/Src/stm32f4xx_it.o
                0x0000000008000d7c                UsageFault_Handler
 .text.SVC_Handler
                0x0000000008000d82        0xe Core/Src/stm32f4xx_it.o
                0x0000000008000d82                SVC_Handler
 .text.DebugMon_Handler
                0x0000000008000d90        0xe Core/Src/stm32f4xx_it.o
                0x0000000008000d90                DebugMon_Handler
 .text.PendSV_Handler
                0x0000000008000d9e        0xe Core/Src/stm32f4xx_it.o
                0x0000000008000d9e                PendSV_Handler
 .text.SysTick_Handler
                0x0000000008000dac        0xc Core/Src/stm32f4xx_it.o
                0x0000000008000dac                SysTick_Handler
 .text.SystemInit
                0x0000000008000db8       0x2c Core/Src/system_stm32f4xx.o
                0x0000000008000db8                SystemInit
 .text.Reset_Handler
                0x0000000008000de4       0x50 Core/Startup/startup_stm32f411vetx.o
                0x0000000008000de4                Reset_Handler
 .text.Default_Handler
                0x0000000008000e34        0x2 Core/Startup/startup_stm32f411vetx.o
                0x0000000008000e34                RTC_Alarm_IRQHandler
                0x0000000008000e34                EXTI2_IRQHandler
                0x0000000008000e34                SPI4_IRQHandler
                0x0000000008000e34                TIM1_CC_IRQHandler
                0x0000000008000e34                DMA2_Stream5_IRQHandler
                0x0000000008000e34                DMA1_Stream5_IRQHandler
                0x0000000008000e34                PVD_IRQHandler
                0x0000000008000e34                SDIO_IRQHandler
                0x0000000008000e34                TAMP_STAMP_IRQHandler
                0x0000000008000e34                EXTI3_IRQHandler
                0x0000000008000e34                TIM1_UP_TIM10_IRQHandler
                0x0000000008000e34                I2C3_ER_IRQHandler
                0x0000000008000e34                EXTI0_IRQHandler
                0x0000000008000e34                I2C2_EV_IRQHandler
                0x0000000008000e34                DMA1_Stream2_IRQHandler
                0x0000000008000e34                FPU_IRQHandler
                0x0000000008000e34                DMA2_Stream2_IRQHandler
                0x0000000008000e34                SPI1_IRQHandler
                0x0000000008000e34                TIM1_BRK_TIM9_IRQHandler
                0x0000000008000e34                DMA2_Stream3_IRQHandler
                0x0000000008000e34                USART6_IRQHandler
                0x0000000008000e34                DMA2_Stream0_IRQHandler
                0x0000000008000e34                TIM4_IRQHandler
                0x0000000008000e34                I2C1_EV_IRQHandler
                0x0000000008000e34                DMA1_Stream6_IRQHandler
                0x0000000008000e34                DMA1_Stream1_IRQHandler
                0x0000000008000e34                TIM3_IRQHandler
                0x0000000008000e34                RCC_IRQHandler
                0x0000000008000e34                Default_Handler
                0x0000000008000e34                EXTI15_10_IRQHandler
                0x0000000008000e34                ADC_IRQHandler
                0x0000000008000e34                DMA1_Stream7_IRQHandler
                0x0000000008000e34                SPI5_IRQHandler
                0x0000000008000e34                TIM5_IRQHandler
                0x0000000008000e34                DMA2_Stream7_IRQHandler
                0x0000000008000e34                I2C3_EV_IRQHandler
                0x0000000008000e34                EXTI9_5_IRQHandler
                0x0000000008000e34                RTC_WKUP_IRQHandler
                0x0000000008000e34                SPI2_IRQHandler
                0x0000000008000e34                DMA1_Stream0_IRQHandler
                0x0000000008000e34                EXTI4_IRQHandler
                0x0000000008000e34                WWDG_IRQHandler
                0x0000000008000e34                TIM2_IRQHandler
                0x0000000008000e34                OTG_FS_WKUP_IRQHandler
                0x0000000008000e34                TIM1_TRG_COM_TIM11_IRQHandler
                0x0000000008000e34                EXTI1_IRQHandler
                0x0000000008000e34                USART2_IRQHandler
                0x0000000008000e34                I2C2_ER_IRQHandler
                0x0000000008000e34                DMA2_Stream1_IRQHandler
                0x0000000008000e34                FLASH_IRQHandler
                0x0000000008000e34                DMA2_Stream4_IRQHandler
                0x0000000008000e34                USART1_IRQHandler
                0x0000000008000e34                OTG_FS_IRQHandler
                0x0000000008000e34                SPI3_IRQHandler
                0x0000000008000e34                DMA1_Stream4_IRQHandler
                0x0000000008000e34                I2C1_ER_IRQHandler
                0x0000000008000e34                DMA2_Stream6_IRQHandler
                0x0000000008000e34                DMA1_Stream3_IRQHandler
 *fill*         0x0000000008000e36        0x2 
 .text.HAL_Init
                0x0000000008000e38       0x44 Drivers/STM32F4xx_HAL_Driver/Src/stm32f4xx_hal.o
                0x0000000008000e38                HAL_Init
 .text.HAL_InitTick
                0x0000000008000e7c       0x60 Drivers/STM32F4xx_HAL_Driver/Src/stm32f4xx_hal.o
                0x0000000008000e7c                HAL_InitTick
 .text.HAL_IncTick
                0x0000000008000edc       0x28 Drivers/STM32F4xx_HAL_Driver/Src/stm32f4xx_hal.o
                0x0000000008000edc                HAL_IncTick
 .text.HAL_GetTick
                0x0000000008000f04       0x18 Drivers/STM32F4xx_HAL_Driver/Src/stm32f4xx_hal.o
                0x0000000008000f04                HAL_GetTick
 .text.HAL_Delay
                0x0000000008000f1c       0x44 Drivers/STM32F4xx_HAL_Driver/Src/stm32f4xx_hal.o
                0x0000000008000f1c                HAL_Delay
 .text.__NVIC_SetPriorityGrouping
                0x0000000008000f60       0x48 Drivers/STM32F4xx_HAL_Driver/Src/stm32f4xx_hal_cortex.o
 .text.__NVIC_GetPriorityGrouping
                0x0000000008000fa8       0x1c Drivers/STM32F4xx_HAL_Driver/Src/stm32f4xx_hal_cortex.o
 .text.__NVIC_SetPriority
                0x0000000008000fc4       0x54 Drivers/STM32F4xx_HAL_Driver/Src/stm32f4xx_hal_cortex.o
 .text.NVIC_EncodePriority
                0x0000000008001018       0x66 Drivers/STM32F4xx_HAL_Driver/Src/stm32f4xx_hal_cortex.o
 *fill*         0x000000000800107e        0x2 
 .text.SysTick_Config
                0x0000000008001080       0x44 Drivers/STM32F4xx_HAL_Driver/Src/stm32f4xx_hal_cortex.o
 .text.HAL_NVIC_SetPriorityGrouping
                0x00000000080010c4       0x16 Drivers/STM32F4xx_HAL_Driver/Src/stm32f4xx_hal_cortex.o
                0x00000000080010c4                HAL_NVIC_SetPriorityGrouping
 .text.HAL_NVIC_SetPriority
                0x00000000080010da       0x38 Drivers/STM32F4xx_HAL_Driver/Src/stm32f4xx_hal_cortex.o
                0x00000000080010da                HAL_NVIC_SetPriority
 .text.HAL_SYSTICK_Config
                0x0000000008001112       0x18 Drivers/STM32F4xx_HAL_Driver/Src/stm32f4xx_hal_cortex.o
                0x0000000008001112                HAL_SYSTICK_Config
 *fill*         0x000000000800112a        0x2 
 .text.HAL_GPIO_Init
                0x000000000800112c      0x304 Drivers/STM32F4xx_HAL_Driver/Src/stm32f4xx_hal_gpio.o
                0x000000000800112c                HAL_GPIO_Init
 .text.HAL_GPIO_WritePin
                0x0000000008001430       0x32 Drivers/STM32F4xx_HAL_Driver/Src/stm32f4xx_hal_gpio.o
                0x0000000008001430                HAL_GPIO_WritePin
 *fill*         0x0000000008001462        0x2 
 .text.HAL_RCC_OscConfig
                0x0000000008001464      0x4e0 Drivers/STM32F4xx_HAL_Driver/Src/stm32f4xx_hal_rcc.o
                0x0000000008001464                HAL_RCC_OscConfig
 .text.HAL_RCC_ClockConfig
                0x0000000008001944      0x1cc Drivers/STM32F4xx_HAL_Driver/Src/stm32f4xx_hal_rcc.o
                0x0000000008001944                HAL_RCC_ClockConfig
 .text.HAL_RCC_GetSysClockFreq
                0x0000000008001b10      0x164 Drivers/STM32F4xx_HAL_Driver/Src/stm32f4xx_hal_rcc.o
                0x0000000008001b10                HAL_RCC_GetSysClockFreq
 .text.HAL_SPI_Init
                0x0000000008001c74       0xc8 Drivers/STM32F4xx_HAL_Driver/Src/stm32f4xx_hal_spi.o
                0x0000000008001c74                HAL_SPI_Init
 .text.HAL_SPI_Transmit
                0x0000000008001d3c      0x268 Drivers/STM32F4xx_HAL_Driver/Src/stm32f4xx_hal_spi.o
                0x0000000008001d3c                HAL_SPI_Transmit
 .text.HAL_SPI_TransmitReceive
                0x0000000008001fa4      0x344 Drivers/STM32F4xx_HAL_Driver/Src/stm32f4xx_hal_spi.o
                0x0000000008001fa4                HAL_SPI_TransmitReceive
 .text.SPI_WaitFlagStateUntilTimeout
                0x00000000080022e8       0xd4 Drivers/STM32F4xx_HAL_Driver/Src/stm32f4xx_hal_spi.o
 .text.SPI_EndRxTxTransaction
                0x00000000080023bc       0x84 Drivers/STM32F4xx_HAL_Driver/Src/stm32f4xx_hal_spi.o
 .text.MX_FATFS_Init
                0x0000000008002440       0x24 FATFS/App/fatfs.o
                0x0000000008002440                MX_FATFS_Init
 .text.get_fattime
                0x0000000008002464       0x10 FATFS/App/fatfs.o
                0x0000000008002464                get_fattime
 .text.USER_initialize
                0x0000000008002474       0x34 FATFS/Target/user_diskio.o
                0x0000000008002474                USER_initialize
 .text.USER_status
                0x00000000080024a8       0x20 FATFS/Target/user_diskio.o
                0x00000000080024a8                USER_status
 .text.USER_read
                0x00000000080024c8       0x32 FATFS/Target/user_diskio.o
                0x00000000080024c8                USER_read
 .text.USER_write
                0x00000000080024fa       0x32 FATFS/Target/user_diskio.o
                0x00000000080024fa                USER_write
 .text.USER_ioctl
                0x000000000800252c      0x1c8 FATFS/Target/user_diskio.o
                0x000000000800252c                USER_ioctl
 .text.disk_status
                0x00000000080026f4       0x34 Middlewares/Third_Party/FatFs/src/diskio.o
                0x00000000080026f4                disk_status
 .text.disk_initialize
                0x0000000008002728       0x4c Middlewares/Third_Party/FatFs/src/diskio.o
                0x0000000008002728                disk_initialize
 .text.disk_read
                0x0000000008002774       0x40 Middlewares/Third_Party/FatFs/src/diskio.o
                0x0000000008002774                disk_read
 .text.disk_write
                0x00000000080027b4       0x40 Middlewares/Third_Party/FatFs/src/diskio.o
                0x00000000080027b4                disk_write
 .text.disk_ioctl
                0x00000000080027f4       0x3c Middlewares/Third_Party/FatFs/src/diskio.o
                0x00000000080027f4                disk_ioctl
 .text.ld_word  0x0000000008002830       0x30 Middlewares/Third_Party/FatFs/src/ff.o
 .text.ld_dword
                0x0000000008002860       0x46 Middlewares/Third_Party/FatFs/src/ff.o
 .text.st_word  0x00000000080028a6       0x36 Middlewares/Third_Party/FatFs/src/ff.o
 .text.st_dword
                0x00000000080028dc       0x58 Middlewares/Third_Party/FatFs/src/ff.o
 .text.mem_cpy  0x0000000008002934       0x42 Middlewares/Third_Party/FatFs/src/ff.o
 .text.mem_set  0x0000000008002976       0x34 Middlewares/Third_Party/FatFs/src/ff.o
 .text.mem_cmp  0x00000000080029aa       0x4e Middlewares/Third_Party/FatFs/src/ff.o
 .text.chk_chr  0x00000000080029f8       0x36 Middlewares/Third_Party/FatFs/src/ff.o
 *fill*         0x0000000008002a2e        0x2 
 .text.chk_lock
                0x0000000008002a30       0xb8 Middlewares/Third_Party/FatFs/src/ff.o
 .text.enq_lock
                0x0000000008002ae8       0x44 Middlewares/Third_Party/FatFs/src/ff.o
 .text.inc_lock
                0x0000000008002b2c      0x11c Middlewares/Third_Party/FatFs/src/ff.o
 .text.dec_lock
                0x0000000008002c48       0x78 Middlewares/Third_Party/FatFs/src/ff.o
 .text.clear_lock
                0x0000000008002cc0       0x48 Middlewares/Third_Party/FatFs/src/ff.o
 .text.sync_window
                0x0000000008002d08       0x88 Middlewares/Third_Party/FatFs/src/ff.o
 .text.move_window
                0x0000000008002d90       0x5a Middlewares/Third_Party/FatFs/src/ff.o
 *fill*         0x0000000008002dea        0x2 
 .text.sync_fs  0x0000000008002dec       0xdc Middlewares/Third_Party/FatFs/src/ff.o
 .text.clust2sect
                0x0000000008002ec8       0x3e Middlewares/Third_Party/FatFs/src/ff.o
 .text.get_fat  0x0000000008002f06      0x14a Middlewares/Third_Party/FatFs/src/ff.o
 .text.put_fat  0x0000000008003050      0x1ce Middlewares/Third_Party/FatFs/src/ff.o
 .text.remove_chain
                0x000000000800321e       0xca Middlewares/Third_Party/FatFs/src/ff.o
 .text.create_chain
                0x00000000080032e8      0x130 Middlewares/Third_Party/FatFs/src/ff.o
 .text.clmt_clust
                0x0000000008003418       0x68 Middlewares/Third_Party/FatFs/src/ff.o
 .text.dir_sdi  0x0000000008003480       0xf6 Middlewares/Third_Party/FatFs/src/ff.o
 .text.dir_next
                0x0000000008003576      0x18a Middlewares/Third_Party/FatFs/src/ff.o
 .text.dir_alloc
                0x0000000008003700       0x8e Middlewares/Third_Party/FatFs/src/ff.o
 .text.ld_clust
                0x000000000800378e       0x3e Middlewares/Third_Party/FatFs/src/ff.o
 .text.st_clust
                0x00000000080037cc       0x40 Middlewares/Third_Party/FatFs/src/ff.o
 .text.dir_find
                0x000000000800380c       0xaa Middlewares/Third_Party/FatFs/src/ff.o
 .text.dir_register
                0x00000000080038b6       0x64 Middlewares/Third_Party/FatFs/src/ff.o
 *fill*         0x000000000800391a        0x2 
 .text.create_name
                0x000000000800391c      0x128 Middlewares/Third_Party/FatFs/src/ff.o
 .text.follow_path
                0x0000000008003a44       0xe2 Middlewares/Third_Party/FatFs/src/ff.o
 .text.get_ldnumber
                0x0000000008003b26       0x88 Middlewares/Third_Party/FatFs/src/ff.o
 *fill*         0x0000000008003bae        0x2 
 .text.check_fs
                0x0000000008003bb0       0xac Middlewares/Third_Party/FatFs/src/ff.o
 .text.find_volume
                0x0000000008003c5c      0x498 Middlewares/Third_Party/FatFs/src/ff.o
 .text.validate
                0x00000000080040f4       0x6a Middlewares/Third_Party/FatFs/src/ff.o
 *fill*         0x000000000800415e        0x2 
 .text.f_mount  0x0000000008004160       0x8c Middlewares/Third_Party/FatFs/src/ff.o
                0x0000000008004160                f_mount
 .text.f_open   0x00000000080041ec      0x37c Middlewares/Third_Party/FatFs/src/ff.o
                0x00000000080041ec                f_open
 .text.f_read   0x0000000008004568      0x27e Middlewares/Third_Party/FatFs/src/ff.o
                0x0000000008004568                f_read
 .text.f_write  0x00000000080047e6      0x2ea Middlewares/Third_Party/FatFs/src/ff.o
                0x00000000080047e6                f_write
 .text.f_sync   0x0000000008004ad0       0xfc Middlewares/Third_Party/FatFs/src/ff.o
                0x0000000008004ad0                f_sync
 .text.f_close  0x0000000008004bcc       0x54 Middlewares/Third_Party/FatFs/src/ff.o
                0x0000000008004bcc                f_close
 .text.FATFS_LinkDriverEx
                0x0000000008004c20       0x98 Middlewares/Third_Party/FatFs/src/ff_gen_drv.o
                0x0000000008004c20                FATFS_LinkDriverEx
 .text.FATFS_LinkDriver
                0x0000000008004cb8       0x1e Middlewares/Third_Party/FatFs/src/ff_gen_drv.o
                0x0000000008004cb8                FATFS_LinkDriver
 *fill*         0x0000000008004cd6        0x2 
 .text.__libc_init_array
                0x0000000008004cd8       0x48 c:/st/stm32cubeide_1.3.0/stm32cubeide/plugins/com.st.stm32cube.ide.mcu.externaltools.gnu-tools-for-stm32.7-2018-q2-update.win32_1.0.0.201904181610/tools/bin/../lib/gcc/arm-none-eabi/7.3.1/../../../../arm-none-eabi/lib/thumb/v7e-m/fpv4-sp/hard\libc_nano.a(lib_a-init.o)
                0x0000000008004cd8                __libc_init_array
 .text.memset   0x0000000008004d20       0x10 c:/st/stm32cubeide_1.3.0/stm32cubeide/plugins/com.st.stm32cube.ide.mcu.externaltools.gnu-tools-for-stm32.7-2018-q2-update.win32_1.0.0.201904181610/tools/bin/../lib/gcc/arm-none-eabi/7.3.1/../../../../arm-none-eabi/lib/thumb/v7e-m/fpv4-sp/hard\libc_nano.a(lib_a-memset.o)
                0x0000000008004d20                memset
 *(.glue_7)
 .glue_7        0x0000000008004d30        0x0 linker stubs
 *(.glue_7t)
 .glue_7t       0x0000000008004d30        0x0 linker stubs
 *(.eh_frame)
 .eh_frame      0x0000000008004d30        0x0 c:/st/stm32cubeide_1.3.0/stm32cubeide/plugins/com.st.stm32cube.ide.mcu.externaltools.gnu-tools-for-stm32.7-2018-q2-update.win32_1.0.0.201904181610/tools/bin/../lib/gcc/arm-none-eabi/7.3.1/thumb/v7e-m/fpv4-sp/hard/crtbegin.o
 *(.init)
 .init          0x0000000008004d30        0x4 c:/st/stm32cubeide_1.3.0/stm32cubeide/plugins/com.st.stm32cube.ide.mcu.externaltools.gnu-tools-for-stm32.7-2018-q2-update.win32_1.0.0.201904181610/tools/bin/../lib/gcc/arm-none-eabi/7.3.1/thumb/v7e-m/fpv4-sp/hard/crti.o
                0x0000000008004d30                _init
 .init          0x0000000008004d34        0x8 c:/st/stm32cubeide_1.3.0/stm32cubeide/plugins/com.st.stm32cube.ide.mcu.externaltools.gnu-tools-for-stm32.7-2018-q2-update.win32_1.0.0.201904181610/tools/bin/../lib/gcc/arm-none-eabi/7.3.1/thumb/v7e-m/fpv4-sp/hard/crtn.o
 *(.fini)
 .fini          0x0000000008004d3c        0x4 c:/st/stm32cubeide_1.3.0/stm32cubeide/plugins/com.st.stm32cube.ide.mcu.externaltools.gnu-tools-for-stm32.7-2018-q2-update.win32_1.0.0.201904181610/tools/bin/../lib/gcc/arm-none-eabi/7.3.1/thumb/v7e-m/fpv4-sp/hard/crti.o
                0x0000000008004d3c                _fini
 .fini          0x0000000008004d40        0x8 c:/st/stm32cubeide_1.3.0/stm32cubeide/plugins/com.st.stm32cube.ide.mcu.externaltools.gnu-tools-for-stm32.7-2018-q2-update.win32_1.0.0.201904181610/tools/bin/../lib/gcc/arm-none-eabi/7.3.1/thumb/v7e-m/fpv4-sp/hard/crtn.o
                0x0000000008004d48                . = ALIGN (0x4)
                0x0000000008004d48                _etext = .

.vfp11_veneer   0x0000000008004d48        0x0
 .vfp11_veneer  0x0000000008004d48        0x0 linker stubs

.v4_bx          0x0000000008004d48        0x0
 .v4_bx         0x0000000008004d48        0x0 linker stubs

.iplt           0x0000000008004d48        0x0
 .iplt          0x0000000008004d48        0x0 c:/st/stm32cubeide_1.3.0/stm32cubeide/plugins/com.st.stm32cube.ide.mcu.externaltools.gnu-tools-for-stm32.7-2018-q2-update.win32_1.0.0.201904181610/tools/bin/../lib/gcc/arm-none-eabi/7.3.1/thumb/v7e-m/fpv4-sp/hard/crtbegin.o

.rodata         0x0000000008004d48       0xfc
                0x0000000008004d48                . = ALIGN (0x4)
 *(.rodata)
 .rodata        0x0000000008004d48       0x25 Core/Src/main.o
 *fill*         0x0000000008004d6d        0x3 
 .rodata        0x0000000008004d70       0x44 Middlewares/Third_Party/FatFs/src/ff.o
 *(.rodata*)
 .rodata.AHBPrescTable
                0x0000000008004db4       0x10 Core/Src/system_stm32f4xx.o
                0x0000000008004db4                AHBPrescTable
 .rodata.ExCvt  0x0000000008004dc4       0x80 Middlewares/Third_Party/FatFs/src/ff.o
                0x0000000008004e44                . = ALIGN (0x4)

.ARM.extab      0x0000000008004e44        0x0
                0x0000000008004e44                . = ALIGN (0x4)
 *(.ARM.extab* .gnu.linkonce.armextab.*)
                0x0000000008004e44                . = ALIGN (0x4)

.ARM            0x0000000008004e44        0x8
                0x0000000008004e44                . = ALIGN (0x4)
                0x0000000008004e44                __exidx_start = .
 *(.ARM.exidx*)
 .ARM.exidx     0x0000000008004e44        0x8 c:/st/stm32cubeide_1.3.0/stm32cubeide/plugins/com.st.stm32cube.ide.mcu.externaltools.gnu-tools-for-stm32.7-2018-q2-update.win32_1.0.0.201904181610/tools/bin/../lib/gcc/arm-none-eabi/7.3.1/thumb/v7e-m/fpv4-sp/hard\libgcc.a(_udivmoddi4.o)
                0x0000000008004e4c                __exidx_end = .
                0x0000000008004e4c                . = ALIGN (0x4)

.rel.dyn        0x0000000008004e4c        0x0
 .rel.iplt      0x0000000008004e4c        0x0 c:/st/stm32cubeide_1.3.0/stm32cubeide/plugins/com.st.stm32cube.ide.mcu.externaltools.gnu-tools-for-stm32.7-2018-q2-update.win32_1.0.0.201904181610/tools/bin/../lib/gcc/arm-none-eabi/7.3.1/thumb/v7e-m/fpv4-sp/hard/crtbegin.o

.preinit_array  0x0000000008004e4c        0x0
                0x0000000008004e4c                . = ALIGN (0x4)
                0x0000000008004e4c                PROVIDE (__preinit_array_start = .)
 *(.preinit_array*)
                0x0000000008004e4c                PROVIDE (__preinit_array_end = .)
                0x0000000008004e4c                . = ALIGN (0x4)

.init_array     0x0000000008004e4c        0x4
                0x0000000008004e4c                . = ALIGN (0x4)
                0x0000000008004e4c                PROVIDE (__init_array_start = .)
 *(SORT_BY_NAME(.init_array.*))
 *(.init_array*)
 .init_array    0x0000000008004e4c        0x4 c:/st/stm32cubeide_1.3.0/stm32cubeide/plugins/com.st.stm32cube.ide.mcu.externaltools.gnu-tools-for-stm32.7-2018-q2-update.win32_1.0.0.201904181610/tools/bin/../lib/gcc/arm-none-eabi/7.3.1/thumb/v7e-m/fpv4-sp/hard/crtbegin.o
                0x0000000008004e50                PROVIDE (__init_array_end = .)
                0x0000000008004e50                . = ALIGN (0x4)

.fini_array     0x0000000008004e50        0x4
                0x0000000008004e50                . = ALIGN (0x4)
                [!provide]                        PROVIDE (__fini_array_start = .)
 *(SORT_BY_NAME(.fini_array.*))
 *(.fini_array*)
 .fini_array    0x0000000008004e50        0x4 c:/st/stm32cubeide_1.3.0/stm32cubeide/plugins/com.st.stm32cube.ide.mcu.externaltools.gnu-tools-for-stm32.7-2018-q2-update.win32_1.0.0.201904181610/tools/bin/../lib/gcc/arm-none-eabi/7.3.1/thumb/v7e-m/fpv4-sp/hard/crtbegin.o
                [!provide]                        PROVIDE (__fini_array_end = .)
                0x0000000008004e54                . = ALIGN (0x4)
                0x0000000008004e54                _sidata = LOADADDR (.data)

.data           0x0000000020000000       0x20 load address 0x0000000008004e54
                0x0000000020000000                . = ALIGN (0x4)
                0x0000000020000000                _sdata = .
 *(.data)
 *(.data*)
 .data.SystemCoreClock
                0x0000000020000000        0x4 Core/Src/system_stm32f4xx.o
                0x0000000020000000                SystemCoreClock
 .data.uwTickPrio
                0x0000000020000004        0x4 Drivers/STM32F4xx_HAL_Driver/Src/stm32f4xx_hal.o
                0x0000000020000004                uwTickPrio
 .data.uwTickFreq
                0x0000000020000008        0x1 Drivers/STM32F4xx_HAL_Driver/Src/stm32f4xx_hal.o
                0x0000000020000008                uwTickFreq
 .data.Stat     0x0000000020000009        0x1 FATFS/Target/user_diskio.o
 *fill*         0x000000002000000a        0x2 
 .data.USER_Driver
                0x000000002000000c       0x14 FATFS/Target/user_diskio.o
                0x000000002000000c                USER_Driver
                0x0000000020000020                . = ALIGN (0x4)
                0x0000000020000020                _edata = .

.igot.plt       0x0000000020000020        0x0 load address 0x0000000008004e74
 .igot.plt      0x0000000020000020        0x0 c:/st/stm32cubeide_1.3.0/stm32cubeide/plugins/com.st.stm32cube.ide.mcu.externaltools.gnu-tools-for-stm32.7-2018-q2-update.win32_1.0.0.201904181610/tools/bin/../lib/gcc/arm-none-eabi/7.3.1/thumb/v7e-m/fpv4-sp/hard/crtbegin.o
                0x0000000020000020                . = ALIGN (0x4)

.bss            0x0000000020000020     0x139c load address 0x0000000008004e74
                0x0000000020000020                _sbss = .
                0x0000000020000020                __bss_start__ = _sbss
 *(.bss)
 .bss           0x0000000020000020       0x1c c:/st/stm32cubeide_1.3.0/stm32cubeide/plugins/com.st.stm32cube.ide.mcu.externaltools.gnu-tools-for-stm32.7-2018-q2-update.win32_1.0.0.201904181610/tools/bin/../lib/gcc/arm-none-eabi/7.3.1/thumb/v7e-m/fpv4-sp/hard/crtbegin.o
 *(.bss*)
 .bss.FatFs     0x000000002000003c        0x4 Middlewares/Third_Party/FatFs/src/ff.o
 .bss.Fsid      0x0000000020000040        0x2 Middlewares/Third_Party/FatFs/src/ff.o
 *fill*         0x0000000020000042        0x2 
 .bss.Files     0x0000000020000044       0x20 Middlewares/Third_Party/FatFs/src/ff.o
 .bss.disk      0x0000000020000064        0xc Middlewares/Third_Party/FatFs/src/ff_gen_drv.o
                0x0000000020000064                disk
 *(COMMON)
 COMMON         0x0000000020000070      0xed0 Core/Src/main.o
                0x0000000020000070                inpNum1
                0x0000000020000074                fs
                0x00000000200002a4                outstr
                0x000000002000068c                inputFil
                0x00000000200008bc                sum
                0x00000000200008c0                inpNum2
                0x00000000200008c4                numwritten
                0x00000000200008c8                outputFil
                0x0000000020000af8                numread
                0x0000000020000afc                hspi1
                0x0000000020000b54                fres
                0x0000000020000b58                instr
 COMMON         0x0000000020000f40        0x4 Drivers/STM32F4xx_HAL_Driver/Src/stm32f4xx_hal.o
                0x0000000020000f40                uwTick
 COMMON         0x0000000020000f44      0x468 FATFS/App/fatfs.o
                0x0000000020000f44                USERPath
                0x0000000020000f48                retUSER
                0x0000000020000f4c                USERFile
                0x000000002000117c                USERFatFS
 COMMON         0x00000000200013ac       0x10 FATFS/Target/user_diskio.o
                0x00000000200013ac                csd
                0x00000000200013bc                . = ALIGN (0x4)
                0x00000000200013bc                _ebss = .
                0x00000000200013bc                __bss_end__ = _ebss

._user_heap_stack
                0x00000000200013bc      0x604 load address 0x0000000008004e74
                0x00000000200013c0                . = ALIGN (0x8)
 *fill*         0x00000000200013bc        0x4 
                0x00000000200013c0                PROVIDE (end = .)
                [!provide]                        PROVIDE (_end = .)
                0x00000000200015c0                . = (. + _Min_Heap_Size)
 *fill*         0x00000000200013c0      0x200 
                0x00000000200019c0                . = (. + _Min_Stack_Size)
 *fill*         0x00000000200015c0      0x400 
                0x00000000200019c0                . = ALIGN (0x8)

/DISCARD/
 libc.a(*)
 libm.a(*)
 libgcc.a(*)

.ARM.attributes
                0x0000000000000000       0x30
 *(.ARM.attributes)
 .ARM.attributes
                0x0000000000000000       0x22 c:/st/stm32cubeide_1.3.0/stm32cubeide/plugins/com.st.stm32cube.ide.mcu.externaltools.gnu-tools-for-stm32.7-2018-q2-update.win32_1.0.0.201904181610/tools/bin/../lib/gcc/arm-none-eabi/7.3.1/thumb/v7e-m/fpv4-sp/hard/crti.o
 .ARM.attributes
                0x0000000000000022       0x34 c:/st/stm32cubeide_1.3.0/stm32cubeide/plugins/com.st.stm32cube.ide.mcu.externaltools.gnu-tools-for-stm32.7-2018-q2-update.win32_1.0.0.201904181610/tools/bin/../lib/gcc/arm-none-eabi/7.3.1/thumb/v7e-m/fpv4-sp/hard/crtbegin.o
 .ARM.attributes
                0x0000000000000056       0x39 Core/Src/main.o
 .ARM.attributes
                0x000000000000008f       0x39 Core/Src/sd.o
 .ARM.attributes
                0x00000000000000c8       0x39 Core/Src/stm32f4xx_hal_msp.o
 .ARM.attributes
                0x0000000000000101       0x39 Core/Src/stm32f4xx_it.o
 .ARM.attributes
                0x000000000000013a       0x39 Core/Src/system_stm32f4xx.o
 .ARM.attributes
                0x0000000000000173       0x21 Core/Startup/startup_stm32f411vetx.o
 .ARM.attributes
                0x0000000000000194       0x39 Drivers/STM32F4xx_HAL_Driver/Src/stm32f4xx_hal.o
 .ARM.attributes
                0x00000000000001cd       0x39 Drivers/STM32F4xx_HAL_Driver/Src/stm32f4xx_hal_cortex.o
 .ARM.attributes
                0x0000000000000206       0x39 Drivers/STM32F4xx_HAL_Driver/Src/stm32f4xx_hal_gpio.o
 .ARM.attributes
                0x000000000000023f       0x39 Drivers/STM32F4xx_HAL_Driver/Src/stm32f4xx_hal_rcc.o
 .ARM.attributes
                0x0000000000000278       0x39 Drivers/STM32F4xx_HAL_Driver/Src/stm32f4xx_hal_spi.o
 .ARM.attributes
                0x00000000000002b1       0x39 FATFS/App/fatfs.o
 .ARM.attributes
                0x00000000000002ea       0x39 FATFS/Target/user_diskio.o
 .ARM.attributes
                0x0000000000000323       0x39 Middlewares/Third_Party/FatFs/src/diskio.o
 .ARM.attributes
                0x000000000000035c       0x39 Middlewares/Third_Party/FatFs/src/ff.o
 .ARM.attributes
                0x0000000000000395       0x39 Middlewares/Third_Party/FatFs/src/ff_gen_drv.o
 .ARM.attributes
                0x00000000000003ce       0x34 c:/st/stm32cubeide_1.3.0/stm32cubeide/plugins/com.st.stm32cube.ide.mcu.externaltools.gnu-tools-for-stm32.7-2018-q2-update.win32_1.0.0.201904181610/tools/bin/../lib/gcc/arm-none-eabi/7.3.1/../../../../arm-none-eabi/lib/thumb/v7e-m/fpv4-sp/hard\libc_nano.a(lib_a-init.o)
 .ARM.attributes
                0x0000000000000402       0x34 c:/st/stm32cubeide_1.3.0/stm32cubeide/plugins/com.st.stm32cube.ide.mcu.externaltools.gnu-tools-for-stm32.7-2018-q2-update.win32_1.0.0.201904181610/tools/bin/../lib/gcc/arm-none-eabi/7.3.1/../../../../arm-none-eabi/lib/thumb/v7e-m/fpv4-sp/hard\libc_nano.a(lib_a-memset.o)
 .ARM.attributes
                0x0000000000000436       0x22 c:/st/stm32cubeide_1.3.0/stm32cubeide/plugins/com.st.stm32cube.ide.mcu.externaltools.gnu-tools-for-stm32.7-2018-q2-update.win32_1.0.0.201904181610/tools/bin/../lib/gcc/arm-none-eabi/7.3.1/thumb/v7e-m/fpv4-sp/hard\libgcc.a(_aeabi_uldivmod.o)
 .ARM.attributes
                0x0000000000000458       0x34 c:/st/stm32cubeide_1.3.0/stm32cubeide/plugins/com.st.stm32cube.ide.mcu.externaltools.gnu-tools-for-stm32.7-2018-q2-update.win32_1.0.0.201904181610/tools/bin/../lib/gcc/arm-none-eabi/7.3.1/thumb/v7e-m/fpv4-sp/hard\libgcc.a(_udivmoddi4.o)
 .ARM.attributes
                0x000000000000048c       0x22 c:/st/stm32cubeide_1.3.0/stm32cubeide/plugins/com.st.stm32cube.ide.mcu.externaltools.gnu-tools-for-stm32.7-2018-q2-update.win32_1.0.0.201904181610/tools/bin/../lib/gcc/arm-none-eabi/7.3.1/thumb/v7e-m/fpv4-sp/hard\libgcc.a(_dvmd_tls.o)
 .ARM.attributes
                0x00000000000004ae       0x22 c:/st/stm32cubeide_1.3.0/stm32cubeide/plugins/com.st.stm32cube.ide.mcu.externaltools.gnu-tools-for-stm32.7-2018-q2-update.win32_1.0.0.201904181610/tools/bin/../lib/gcc/arm-none-eabi/7.3.1/thumb/v7e-m/fpv4-sp/hard/crtn.o
OUTPUT(prac7q3.elf elf32-littlearm)

.debug_info     0x0000000000000000     0xcfb9
 .debug_info    0x0000000000000000     0x18af Core/Src/main.o
 .debug_info    0x00000000000018af      0xa06 Core/Src/sd.o
 .debug_info    0x00000000000022b5      0x9d0 Core/Src/stm32f4xx_hal_msp.o
 .debug_info    0x0000000000002c85      0x20a Core/Src/stm32f4xx_it.o
 .debug_info    0x0000000000002e8f      0x57e Core/Src/system_stm32f4xx.o
 .debug_info    0x000000000000340d       0x22 Core/Startup/startup_stm32f411vetx.o
 .debug_info    0x000000000000342f      0x8d5 Drivers/STM32F4xx_HAL_Driver/Src/stm32f4xx_hal.o
 .debug_info    0x0000000000003d04      0xd98 Drivers/STM32F4xx_HAL_Driver/Src/stm32f4xx_hal_cortex.o
 .debug_info    0x0000000000004a9c      0x7d7 Drivers/STM32F4xx_HAL_Driver/Src/stm32f4xx_hal_gpio.o
 .debug_info    0x0000000000005273      0x92a Drivers/STM32F4xx_HAL_Driver/Src/stm32f4xx_hal_rcc.o
 .debug_info    0x0000000000005b9d     0x1632 Drivers/STM32F4xx_HAL_Driver/Src/stm32f4xx_hal_spi.o
 .debug_info    0x00000000000071cf      0xd81 FATFS/App/fatfs.o
 .debug_info    0x0000000000007f50      0xcc2 FATFS/Target/user_diskio.o
 .debug_info    0x0000000000008c12      0xcdc Middlewares/Third_Party/FatFs/src/diskio.o
 .debug_info    0x00000000000098ee     0x2a57 Middlewares/Third_Party/FatFs/src/ff.o
 .debug_info    0x000000000000c345      0xc74 Middlewares/Third_Party/FatFs/src/ff_gen_drv.o

.debug_abbrev   0x0000000000000000     0x1e0a
 .debug_abbrev  0x0000000000000000      0x284 Core/Src/main.o
 .debug_abbrev  0x0000000000000284      0x1c4 Core/Src/sd.o
 .debug_abbrev  0x0000000000000448      0x18c Core/Src/stm32f4xx_hal_msp.o
 .debug_abbrev  0x00000000000005d4       0xc6 Core/Src/stm32f4xx_it.o
 .debug_abbrev  0x000000000000069a      0x12b Core/Src/system_stm32f4xx.o
 .debug_abbrev  0x00000000000007c5       0x12 Core/Startup/startup_stm32f411vetx.o
 .debug_abbrev  0x00000000000007d7      0x1f2 Drivers/STM32F4xx_HAL_Driver/Src/stm32f4xx_hal.o
 .debug_abbrev  0x00000000000009c9      0x2fa Drivers/STM32F4xx_HAL_Driver/Src/stm32f4xx_hal_cortex.o
 .debug_abbrev  0x0000000000000cc3      0x1c9 Drivers/STM32F4xx_HAL_Driver/Src/stm32f4xx_hal_gpio.o
 .debug_abbrev  0x0000000000000e8c      0x245 Drivers/STM32F4xx_HAL_Driver/Src/stm32f4xx_hal_rcc.o
 .debug_abbrev  0x00000000000010d1      0x240 Drivers/STM32F4xx_HAL_Driver/Src/stm32f4xx_hal_spi.o
 .debug_abbrev  0x0000000000001311      0x1df FATFS/App/fatfs.o
 .debug_abbrev  0x00000000000014f0      0x236 FATFS/Target/user_diskio.o
 .debug_abbrev  0x0000000000001726      0x209 Middlewares/Third_Party/FatFs/src/diskio.o
 .debug_abbrev  0x000000000000192f      0x2a5 Middlewares/Third_Party/FatFs/src/ff.o
 .debug_abbrev  0x0000000000001bd4      0x236 Middlewares/Third_Party/FatFs/src/ff_gen_drv.o

.debug_aranges  0x0000000000000000      0x940
 .debug_aranges
                0x0000000000000000       0x40 Core/Src/main.o
 .debug_aranges
                0x0000000000000040       0x70 Core/Src/sd.o
 .debug_aranges
                0x00000000000000b0       0x30 Core/Src/stm32f4xx_hal_msp.o
 .debug_aranges
                0x00000000000000e0       0x60 Core/Src/stm32f4xx_it.o
 .debug_aranges
                0x0000000000000140       0x28 Core/Src/system_stm32f4xx.o
 .debug_aranges
                0x0000000000000168       0x28 Core/Startup/startup_stm32f411vetx.o
 .debug_aranges
                0x0000000000000190       0xf0 Drivers/STM32F4xx_HAL_Driver/Src/stm32f4xx_hal.o
 .debug_aranges
                0x0000000000000280      0x118 Drivers/STM32F4xx_HAL_Driver/Src/stm32f4xx_hal_cortex.o
 .debug_aranges
                0x0000000000000398       0x58 Drivers/STM32F4xx_HAL_Driver/Src/stm32f4xx_hal_gpio.o
 .debug_aranges
                0x00000000000003f0       0x88 Drivers/STM32F4xx_HAL_Driver/Src/stm32f4xx_hal_rcc.o
 .debug_aranges
                0x0000000000000478      0x1d0 Drivers/STM32F4xx_HAL_Driver/Src/stm32f4xx_hal_spi.o
 .debug_aranges
                0x0000000000000648       0x28 FATFS/App/fatfs.o
 .debug_aranges
                0x0000000000000670       0x40 FATFS/Target/user_diskio.o
 .debug_aranges
                0x00000000000006b0       0x48 Middlewares/Third_Party/FatFs/src/diskio.o
 .debug_aranges
                0x00000000000006f8      0x208 Middlewares/Third_Party/FatFs/src/ff.o
 .debug_aranges
                0x0000000000000900       0x40 Middlewares/Third_Party/FatFs/src/ff_gen_drv.o

.debug_ranges   0x0000000000000000      0x848
 .debug_ranges  0x0000000000000000       0x30 Core/Src/main.o
 .debug_ranges  0x0000000000000030       0x60 Core/Src/sd.o
 .debug_ranges  0x0000000000000090       0x20 Core/Src/stm32f4xx_hal_msp.o
 .debug_ranges  0x00000000000000b0       0x50 Core/Src/stm32f4xx_it.o
 .debug_ranges  0x0000000000000100       0x18 Core/Src/system_stm32f4xx.o
 .debug_ranges  0x0000000000000118       0x20 Core/Startup/startup_stm32f411vetx.o
 .debug_ranges  0x0000000000000138       0xe0 Drivers/STM32F4xx_HAL_Driver/Src/stm32f4xx_hal.o
 .debug_ranges  0x0000000000000218      0x108 Drivers/STM32F4xx_HAL_Driver/Src/stm32f4xx_hal_cortex.o
 .debug_ranges  0x0000000000000320       0x48 Drivers/STM32F4xx_HAL_Driver/Src/stm32f4xx_hal_gpio.o
 .debug_ranges  0x0000000000000368       0x78 Drivers/STM32F4xx_HAL_Driver/Src/stm32f4xx_hal_rcc.o
 .debug_ranges  0x00000000000003e0      0x1c0 Drivers/STM32F4xx_HAL_Driver/Src/stm32f4xx_hal_spi.o
 .debug_ranges  0x00000000000005a0       0x18 FATFS/App/fatfs.o
 .debug_ranges  0x00000000000005b8       0x30 FATFS/Target/user_diskio.o
 .debug_ranges  0x00000000000005e8       0x38 Middlewares/Third_Party/FatFs/src/diskio.o
 .debug_ranges  0x0000000000000620      0x1f8 Middlewares/Third_Party/FatFs/src/ff.o
 .debug_ranges  0x0000000000000818       0x30 Middlewares/Third_Party/FatFs/src/ff_gen_drv.o

.debug_macro    0x0000000000000000    0x166fb
 .debug_macro   0x0000000000000000      0x2e0 Core/Src/main.o
 .debug_macro   0x00000000000002e0      0xa5a Core/Src/main.o
 .debug_macro   0x0000000000000d3a      0x184 Core/Src/main.o
 .debug_macro   0x0000000000000ebe       0x2e Core/Src/main.o
 .debug_macro   0x0000000000000eec       0x28 Core/Src/main.o
 .debug_macro   0x0000000000000f14       0x22 Core/Src/main.o
 .debug_macro   0x0000000000000f36       0x8e Core/Src/main.o
 .debug_macro   0x0000000000000fc4       0x51 Core/Src/main.o
 .debug_macro   0x0000000000001015       0xef Core/Src/main.o
 .debug_macro   0x0000000000001104       0x6a Core/Src/main.o
 .debug_macro   0x000000000000116e      0x1df Core/Src/main.o
 .debug_macro   0x000000000000134d       0x1c Core/Src/main.o
 .debug_macro   0x0000000000001369       0x22 Core/Src/main.o
 .debug_macro   0x000000000000138b       0xdf Core/Src/main.o
 .debug_macro   0x000000000000146a     0x102d Core/Src/main.o
 .debug_macro   0x0000000000002497      0x11f Core/Src/main.o
 .debug_macro   0x00000000000025b6     0xb937 Core/Src/main.o
 .debug_macro   0x000000000000deed       0x43 Core/Src/main.o
 .debug_macro   0x000000000000df30     0x3659 Core/Src/main.o
 .debug_macro   0x0000000000011589      0x174 Core/Src/main.o
 .debug_macro   0x00000000000116fd       0x5a Core/Src/main.o
 .debug_macro   0x0000000000011757      0x447 Core/Src/main.o
 .debug_macro   0x0000000000011b9e      0x9fe Core/Src/main.o
 .debug_macro   0x000000000001259c      0x15f Core/Src/main.o
 .debug_macro   0x00000000000126fb      0x117 Core/Src/main.o
 .debug_macro   0x0000000000012812      0x11b Core/Src/main.o
 .debug_macro   0x000000000001292d       0x27 Core/Src/main.o
 .debug_macro   0x0000000000012954      0x287 Core/Src/main.o
 .debug_macro   0x0000000000012bdb       0x5f Core/Src/main.o
 .debug_macro   0x0000000000012c3a      0x236 Core/Src/main.o
 .debug_macro   0x0000000000012e70      0x132 Core/Src/main.o
 .debug_macro   0x0000000000012fa2      0x264 Core/Src/main.o
 .debug_macro   0x0000000000013206       0x2e Core/Src/main.o
 .debug_macro   0x0000000000013234      0x11a Core/Src/main.o
 .debug_macro   0x000000000001334e       0x85 Core/Src/main.o
 .debug_macro   0x00000000000133d3       0x89 Core/Src/main.o
 .debug_macro   0x000000000001345c      0x225 Core/Src/main.o
 .debug_macro   0x0000000000013681      0x126 Core/Src/main.o
 .debug_macro   0x00000000000137a7       0xeb Core/Src/main.o
 .debug_macro   0x0000000000013892       0x18 Core/Src/main.o
 .debug_macro   0x00000000000138aa       0x46 Core/Src/main.o
 .debug_macro   0x00000000000138f0       0x3c Core/Src/main.o
 .debug_macro   0x000000000001392c       0x34 Core/Src/main.o
 .debug_macro   0x0000000000013960       0x16 Core/Src/main.o
 .debug_macro   0x0000000000013976       0x35 Core/Src/main.o
 .debug_macro   0x00000000000139ab       0x52 Core/Src/main.o
 .debug_macro   0x00000000000139fd       0x1f Core/Src/main.o
 .debug_macro   0x0000000000013a1c       0x43 Core/Src/main.o
 .debug_macro   0x0000000000013a5f       0x20 Core/Src/main.o
 .debug_macro   0x0000000000013a7f      0x1a3 Core/Src/main.o
 .debug_macro   0x0000000000013c22      0x32a Core/Src/main.o
 .debug_macro   0x0000000000013f4c       0x16 Core/Src/main.o
 .debug_macro   0x0000000000013f62       0x29 Core/Src/main.o
 .debug_macro   0x0000000000013f8b       0x12 Core/Src/main.o
 .debug_macro   0x0000000000013f9d       0xe2 Core/Src/main.o
 .debug_macro   0x000000000001407f       0x8e Core/Src/main.o
 .debug_macro   0x000000000001410d      0x1c4 Core/Src/sd.o
 .debug_macro   0x00000000000142d1      0x1c4 Core/Src/stm32f4xx_hal_msp.o
 .debug_macro   0x0000000000014495      0x1ce Core/Src/stm32f4xx_it.o
 .debug_macro   0x0000000000014663      0x1c0 Core/Src/system_stm32f4xx.o
 .debug_macro   0x0000000000014823      0x21a Drivers/STM32F4xx_HAL_Driver/Src/stm32f4xx_hal.o
 .debug_macro   0x0000000000014a3d      0x1ba Drivers/STM32F4xx_HAL_Driver/Src/stm32f4xx_hal_cortex.o
 .debug_macro   0x0000000000014bf7      0x1f0 Drivers/STM32F4xx_HAL_Driver/Src/stm32f4xx_hal_gpio.o
 .debug_macro   0x0000000000014de7      0x1de Drivers/STM32F4xx_HAL_Driver/Src/stm32f4xx_hal_rcc.o
 .debug_macro   0x0000000000014fc5      0x1c9 Drivers/STM32F4xx_HAL_Driver/Src/stm32f4xx_hal_spi.o
 .debug_macro   0x000000000001518e      0x2dc FATFS/App/fatfs.o
 .debug_macro   0x000000000001546a       0xe5 FATFS/App/fatfs.o
 .debug_macro   0x000000000001554f      0x303 FATFS/Target/user_diskio.o
 .debug_macro   0x0000000000015852       0x10 FATFS/Target/user_diskio.o
 .debug_macro   0x0000000000015862       0x20 FATFS/Target/user_diskio.o
 .debug_macro   0x0000000000015882       0x16 FATFS/Target/user_diskio.o
 .debug_macro   0x0000000000015898       0x7c FATFS/Target/user_diskio.o
 .debug_macro   0x0000000000015914       0xd9 FATFS/Target/user_diskio.o
 .debug_macro   0x00000000000159ed       0x54 FATFS/Target/user_diskio.o
 .debug_macro   0x0000000000015a41      0x2c9 Middlewares/Third_Party/FatFs/src/diskio.o
 .debug_macro   0x0000000000015d0a      0x6d0 Middlewares/Third_Party/FatFs/src/ff.o
 .debug_macro   0x00000000000163da       0x58 Middlewares/Third_Party/FatFs/src/ff.o
 .debug_macro   0x0000000000016432      0x2c9 Middlewares/Third_Party/FatFs/src/ff_gen_drv.o

.debug_line     0x0000000000000000     0x98b8
 .debug_line    0x0000000000000000      0x904 Core/Src/main.o
 .debug_line    0x0000000000000904      0x830 Core/Src/sd.o
 .debug_line    0x0000000000001134      0x6be Core/Src/stm32f4xx_hal_msp.o
 .debug_line    0x00000000000017f2      0x733 Core/Src/stm32f4xx_it.o
 .debug_line    0x0000000000001f25      0x6aa Core/Src/system_stm32f4xx.o
 .debug_line    0x00000000000025cf       0x85 Core/Startup/startup_stm32f411vetx.o
 .debug_line    0x0000000000002654      0x894 Drivers/STM32F4xx_HAL_Driver/Src/stm32f4xx_hal.o
 .debug_line    0x0000000000002ee8      0x9b8 Drivers/STM32F4xx_HAL_Driver/Src/stm32f4xx_hal_cortex.o
 .debug_line    0x00000000000038a0      0x837 Drivers/STM32F4xx_HAL_Driver/Src/stm32f4xx_hal_gpio.o
 .debug_line    0x00000000000040d7      0x8ec Drivers/STM32F4xx_HAL_Driver/Src/stm32f4xx_hal_rcc.o
 .debug_line    0x00000000000049c3     0x1050 Drivers/STM32F4xx_HAL_Driver/Src/stm32f4xx_hal_spi.o
 .debug_line    0x0000000000005a13      0x867 FATFS/App/fatfs.o
 .debug_line    0x000000000000627a      0x92a FATFS/Target/user_diskio.o
 .debug_line    0x0000000000006ba4      0x88f Middlewares/Third_Party/FatFs/src/diskio.o
 .debug_line    0x0000000000007433     0x1bf6 Middlewares/Third_Party/FatFs/src/ff.o
 .debug_line    0x0000000000009029      0x88f Middlewares/Third_Party/FatFs/src/ff_gen_drv.o

.debug_str      0x0000000000000000    0x84c10
 .debug_str     0x0000000000000000    0x8201f Core/Src/main.o
                                      0x823c4 (size before relaxing)
 .debug_str     0x000000000008201f       0xda Core/Src/sd.o
                                      0x7e886 (size before relaxing)
 .debug_str     0x00000000000820f9       0x53 Core/Src/stm32f4xx_hal_msp.o
                                      0x7e925 (size before relaxing)
 .debug_str     0x000000000008214c       0xbd Core/Src/stm32f4xx_it.o
                                      0x7e3d6 (size before relaxing)
 .debug_str     0x0000000000082209       0xc4 Core/Src/system_stm32f4xx.o
                                      0x7e4e1 (size before relaxing)
 .debug_str     0x00000000000822cd       0x36 Core/Startup/startup_stm32f411vetx.o
                                         0x70 (size before relaxing)
 .debug_str     0x0000000000082303      0x90f Drivers/STM32F4xx_HAL_Driver/Src/stm32f4xx_hal.o
                                      0x7ee56 (size before relaxing)
 .debug_str     0x0000000000082c12      0x399 Drivers/STM32F4xx_HAL_Driver/Src/stm32f4xx_hal_cortex.o
                                      0x7ec33 (size before relaxing)
 .debug_str     0x0000000000082fab      0x20c Drivers/STM32F4xx_HAL_Driver/Src/stm32f4xx_hal_gpio.o
                                      0x7e720 (size before relaxing)
 .debug_str     0x00000000000831b7      0x259 Drivers/STM32F4xx_HAL_Driver/Src/stm32f4xx_hal_rcc.o
                                      0x7e8ce (size before relaxing)
 .debug_str     0x0000000000083410      0x565 Drivers/STM32F4xx_HAL_Driver/Src/stm32f4xx_hal_spi.o
                                      0x7ed3d (size before relaxing)
 .debug_str     0x0000000000083975       0x2f FATFS/App/fatfs.o
                                      0x81b02 (size before relaxing)
 .debug_str     0x00000000000839a4       0xff FATFS/Target/user_diskio.o
                                      0x81ad3 (size before relaxing)
 .debug_str     0x0000000000083aa3       0x52 Middlewares/Third_Party/FatFs/src/diskio.o
                                      0x81a22 (size before relaxing)
 .debug_str     0x0000000000083af5     0x1079 Middlewares/Third_Party/FatFs/src/ff.o
                                      0x82c47 (size before relaxing)
 .debug_str     0x0000000000084b6e       0xa2 Middlewares/Third_Party/FatFs/src/ff_gen_drv.o
                                      0x81a73 (size before relaxing)

.comment        0x0000000000000000       0x7b
 .comment       0x0000000000000000       0x7b Core/Src/main.o
                                         0x7c (size before relaxing)
 .comment       0x000000000000007b       0x7c Core/Src/sd.o
 .comment       0x000000000000007b       0x7c Core/Src/stm32f4xx_hal_msp.o
 .comment       0x000000000000007b       0x7c Core/Src/stm32f4xx_it.o
 .comment       0x000000000000007b       0x7c Core/Src/system_stm32f4xx.o
 .comment       0x000000000000007b       0x7c Drivers/STM32F4xx_HAL_Driver/Src/stm32f4xx_hal.o
 .comment       0x000000000000007b       0x7c Drivers/STM32F4xx_HAL_Driver/Src/stm32f4xx_hal_cortex.o
 .comment       0x000000000000007b       0x7c Drivers/STM32F4xx_HAL_Driver/Src/stm32f4xx_hal_gpio.o
 .comment       0x000000000000007b       0x7c Drivers/STM32F4xx_HAL_Driver/Src/stm32f4xx_hal_rcc.o
 .comment       0x000000000000007b       0x7c Drivers/STM32F4xx_HAL_Driver/Src/stm32f4xx_hal_spi.o
 .comment       0x000000000000007b       0x7c FATFS/App/fatfs.o
 .comment       0x000000000000007b       0x7c FATFS/Target/user_diskio.o
 .comment       0x000000000000007b       0x7c Middlewares/Third_Party/FatFs/src/diskio.o
 .comment       0x000000000000007b       0x7c Middlewares/Third_Party/FatFs/src/ff.o
 .comment       0x000000000000007b       0x7c Middlewares/Third_Party/FatFs/src/ff_gen_drv.o

.debug_frame    0x0000000000000000     0x2448
 .debug_frame   0x0000000000000000       0xb4 Core/Src/main.o
 .debug_frame   0x00000000000000b4      0x180 Core/Src/sd.o
 .debug_frame   0x0000000000000234       0x80 Core/Src/stm32f4xx_hal_msp.o
 .debug_frame   0x00000000000002b4      0x10c Core/Src/stm32f4xx_it.o
 .debug_frame   0x00000000000003c0       0x58 Core/Src/system_stm32f4xx.o
 .debug_frame   0x0000000000000418      0x374 Drivers/STM32F4xx_HAL_Driver/Src/stm32f4xx_hal.o
 .debug_frame   0x000000000000078c      0x498 Drivers/STM32F4xx_HAL_Driver/Src/stm32f4xx_hal_cortex.o
 .debug_frame   0x0000000000000c24      0x14c Drivers/STM32F4xx_HAL_Driver/Src/stm32f4xx_hal_gpio.o
 .debug_frame   0x0000000000000d70      0x1f0 Drivers/STM32F4xx_HAL_Driver/Src/stm32f4xx_hal_rcc.o
 .debug_frame   0x0000000000000f60      0x824 Drivers/STM32F4xx_HAL_Driver/Src/stm32f4xx_hal_spi.o
 .debug_frame   0x0000000000001784       0x4c FATFS/App/fatfs.o
 .debug_frame   0x00000000000017d0       0xcc FATFS/Target/user_diskio.o
 .debug_frame   0x000000000000189c       0xec Middlewares/Third_Party/FatFs/src/diskio.o
 .debug_frame   0x0000000000001988      0x94c Middlewares/Third_Party/FatFs/src/ff.o
 .debug_frame   0x00000000000022d4       0xc8 Middlewares/Third_Party/FatFs/src/ff_gen_drv.o
 .debug_frame   0x000000000000239c       0x2c c:/st/stm32cubeide_1.3.0/stm32cubeide/plugins/com.st.stm32cube.ide.mcu.externaltools.gnu-tools-for-stm32.7-2018-q2-update.win32_1.0.0.201904181610/tools/bin/../lib/gcc/arm-none-eabi/7.3.1/../../../../arm-none-eabi/lib/thumb/v7e-m/fpv4-sp/hard\libc_nano.a(lib_a-init.o)
 .debug_frame   0x00000000000023c8       0x20 c:/st/stm32cubeide_1.3.0/stm32cubeide/plugins/com.st.stm32cube.ide.mcu.externaltools.gnu-tools-for-stm32.7-2018-q2-update.win32_1.0.0.201904181610/tools/bin/../lib/gcc/arm-none-eabi/7.3.1/../../../../arm-none-eabi/lib/thumb/v7e-m/fpv4-sp/hard\libc_nano.a(lib_a-memset.o)
 .debug_frame   0x00000000000023e8       0x2c c:/st/stm32cubeide_1.3.0/stm32cubeide/plugins/com.st.stm32cube.ide.mcu.externaltools.gnu-tools-for-stm32.7-2018-q2-update.win32_1.0.0.201904181610/tools/bin/../lib/gcc/arm-none-eabi/7.3.1/thumb/v7e-m/fpv4-sp/hard\libgcc.a(_aeabi_uldivmod.o)
 .debug_frame   0x0000000000002414       0x34 c:/st/stm32cubeide_1.3.0/stm32cubeide/plugins/com.st.stm32cube.ide.mcu.externaltools.gnu-tools-for-stm32.7-2018-q2-update.win32_1.0.0.201904181610/tools/bin/../lib/gcc/arm-none-eabi/7.3.1/thumb/v7e-m/fpv4-sp/hard\libgcc.a(_udivmoddi4.o)
