Archive member included to satisfy reference by file (symbol)

c:/st/stm32cubeide_1.3.0/stm32cubeide/plugins/com.st.stm32cube.ide.mcu.externaltools.gnu-tools-for-stm32.7-2018-q2-update.win32_1.0.0.201904181610/tools/bin/../lib/gcc/arm-none-eabi/7.3.1/../../../../arm-none-eabi/lib/thumb/v7e-m/fpv4-sp/hard\libc_nano.a(lib_a-errno.o)
                              Core/Src/syscalls.o (__errno)
c:/st/stm32cubeide_1.3.0/stm32cubeide/plugins/com.st.stm32cube.ide.mcu.externaltools.gnu-tools-for-stm32.7-2018-q2-update.win32_1.0.0.201904181610/tools/bin/../lib/gcc/arm-none-eabi/7.3.1/../../../../arm-none-eabi/lib/thumb/v7e-m/fpv4-sp/hard\libc_nano.a(lib_a-exit.o)
                              c:/st/stm32cubeide_1.3.0/stm32cubeide/plugins/com.st.stm32cube.ide.mcu.externaltools.gnu-tools-for-stm32.7-2018-q2-update.win32_1.0.0.201904181610/tools/bin/../lib/gcc/arm-none-eabi/7.3.1/../../../../arm-none-eabi/lib/thumb/v7e-m/fpv4-sp/hard/crt0.o (exit)
c:/st/stm32cubeide_1.3.0/stm32cubeide/plugins/com.st.stm32cube.ide.mcu.externaltools.gnu-tools-for-stm32.7-2018-q2-update.win32_1.0.0.201904181610/tools/bin/../lib/gcc/arm-none-eabi/7.3.1/../../../../arm-none-eabi/lib/thumb/v7e-m/fpv4-sp/hard\libc_nano.a(lib_a-impure.o)
                              c:/st/stm32cubeide_1.3.0/stm32cubeide/plugins/com.st.stm32cube.ide.mcu.externaltools.gnu-tools-for-stm32.7-2018-q2-update.win32_1.0.0.201904181610/tools/bin/../lib/gcc/arm-none-eabi/7.3.1/../../../../arm-none-eabi/lib/thumb/v7e-m/fpv4-sp/hard\libc_nano.a(lib_a-exit.o) (_global_impure_ptr)
c:/st/stm32cubeide_1.3.0/stm32cubeide/plugins/com.st.stm32cube.ide.mcu.externaltools.gnu-tools-for-stm32.7-2018-q2-update.win32_1.0.0.201904181610/tools/bin/../lib/gcc/arm-none-eabi/7.3.1/../../../../arm-none-eabi/lib/thumb/v7e-m/fpv4-sp/hard\libc_nano.a(lib_a-init.o)
                              c:/st/stm32cubeide_1.3.0/stm32cubeide/plugins/com.st.stm32cube.ide.mcu.externaltools.gnu-tools-for-stm32.7-2018-q2-update.win32_1.0.0.201904181610/tools/bin/../lib/gcc/arm-none-eabi/7.3.1/../../../../arm-none-eabi/lib/thumb/v7e-m/fpv4-sp/hard/crt0.o (__libc_init_array)
c:/st/stm32cubeide_1.3.0/stm32cubeide/plugins/com.st.stm32cube.ide.mcu.externaltools.gnu-tools-for-stm32.7-2018-q2-update.win32_1.0.0.201904181610/tools/bin/../lib/gcc/arm-none-eabi/7.3.1/../../../../arm-none-eabi/lib/thumb/v7e-m/fpv4-sp/hard\libc_nano.a(lib_a-memset.o)
                              c:/st/stm32cubeide_1.3.0/stm32cubeide/plugins/com.st.stm32cube.ide.mcu.externaltools.gnu-tools-for-stm32.7-2018-q2-update.win32_1.0.0.201904181610/tools/bin/../lib/gcc/arm-none-eabi/7.3.1/../../../../arm-none-eabi/lib/thumb/v7e-m/fpv4-sp/hard/crt0.o (memset)
c:/st/stm32cubeide_1.3.0/stm32cubeide/plugins/com.st.stm32cube.ide.mcu.externaltools.gnu-tools-for-stm32.7-2018-q2-update.win32_1.0.0.201904181610/tools/bin/../lib/gcc/arm-none-eabi/7.3.1/thumb/v7e-m/fpv4-sp/hard\libgcc.a(_aeabi_uldivmod.o)
                              Drivers/STM32F4xx_HAL_Driver/Src/stm32f4xx_hal_rcc.o (__aeabi_uldivmod)
c:/st/stm32cubeide_1.3.0/stm32cubeide/plugins/com.st.stm32cube.ide.mcu.externaltools.gnu-tools-for-stm32.7-2018-q2-update.win32_1.0.0.201904181610/tools/bin/../lib/gcc/arm-none-eabi/7.3.1/thumb/v7e-m/fpv4-sp/hard\libgcc.a(_udivmoddi4.o)
                              c:/st/stm32cubeide_1.3.0/stm32cubeide/plugins/com.st.stm32cube.ide.mcu.externaltools.gnu-tools-for-stm32.7-2018-q2-update.win32_1.0.0.201904181610/tools/bin/../lib/gcc/arm-none-eabi/7.3.1/thumb/v7e-m/fpv4-sp/hard\libgcc.a(_aeabi_uldivmod.o) (__udivmoddi4)
c:/st/stm32cubeide_1.3.0/stm32cubeide/plugins/com.st.stm32cube.ide.mcu.externaltools.gnu-tools-for-stm32.7-2018-q2-update.win32_1.0.0.201904181610/tools/bin/../lib/gcc/arm-none-eabi/7.3.1/thumb/v7e-m/fpv4-sp/hard\libgcc.a(_dvmd_tls.o)
                              c:/st/stm32cubeide_1.3.0/stm32cubeide/plugins/com.st.stm32cube.ide.mcu.externaltools.gnu-tools-for-stm32.7-2018-q2-update.win32_1.0.0.201904181610/tools/bin/../lib/gcc/arm-none-eabi/7.3.1/thumb/v7e-m/fpv4-sp/hard\libgcc.a(_aeabi_uldivmod.o) (__aeabi_ldiv0)

Allocating common symbols
Common symbol       size              file

uwTick              0x4               Drivers/STM32F4xx_HAL_Driver/Src/stm32f4xx_hal.o
pFlash              0x20              Drivers/STM32F4xx_HAL_Driver/Src/stm32f4xx_hal_flash.o
hdma_spi3_tx        0x60              Core/Src/main.o
hadc1               0x48              Core/Src/main.o
spritemem           0x5dc             Core/Src/main.o
dX                  0x4               Core/Src/main.o
hi2s3               0x48              Core/Src/main.o

Discarded input sections

 .text          0x0000000000000000        0x0 c:/st/stm32cubeide_1.3.0/stm32cubeide/plugins/com.st.stm32cube.ide.mcu.externaltools.gnu-tools-for-stm32.7-2018-q2-update.win32_1.0.0.201904181610/tools/bin/../lib/gcc/arm-none-eabi/7.3.1/thumb/v7e-m/fpv4-sp/hard/crti.o
[...]
Memory Configuration

Name             Origin             Length             Attributes
RAM              0x0000000020000000 0x0000000000020000 xrw
FLASH            0x0000000008000000 0x0000000000080000 xr
*default*        0x0000000000000000 0xffffffffffffffff

Linker script and memory map

LOAD c:/st/stm32cubeide_1.3.0/stm32cubeide/plugins/com.st.stm32cube.ide.mcu.externaltools.gnu-tools-for-stm32.7-2018-q2-update.win32_1.0.0.201904181610/tools/bin/../lib/gcc/arm-none-eabi/7.3.1/thumb/v7e-m/fpv4-sp/hard/crti.o
LOAD c:/st/stm32cubeide_1.3.0/stm32cubeide/plugins/com.st.stm32cube.ide.mcu.externaltools.gnu-tools-for-stm32.7-2018-q2-update.win32_1.0.0.201904181610/tools/bin/../lib/gcc/arm-none-eabi/7.3.1/thumb/v7e-m/fpv4-sp/hard/crtbegin.o
LOAD c:/st/stm32cubeide_1.3.0/stm32cubeide/plugins/com.st.stm32cube.ide.mcu.externaltools.gnu-tools-for-stm32.7-2018-q2-update.win32_1.0.0.201904181610/tools/bin/../lib/gcc/arm-none-eabi/7.3.1/../../../../arm-none-eabi/lib/thumb/v7e-m/fpv4-sp/hard/crt0.o
LOAD Core/Src/Sprites.o
LOAD Core/Src/main.o
LOAD Core/Src/stm32f4xx_hal_msp.o
LOAD Core/Src/stm32f4xx_it.o
LOAD Core/Src/syscalls.o
LOAD Core/Src/sysmem.o
LOAD Core/Src/system_stm32f4xx.o
LOAD Core/Startup/startup_stm32f411vetx.o
LOAD Drivers/STM32F4xx_HAL_Driver/Src/stm32f4xx_hal.o
LOAD Drivers/STM32F4xx_HAL_Driver/Src/stm32f4xx_hal_adc.o
LOAD Drivers/STM32F4xx_HAL_Driver/Src/stm32f4xx_hal_adc_ex.o
LOAD Drivers/STM32F4xx_HAL_Driver/Src/stm32f4xx_hal_cortex.o
LOAD Drivers/STM32F4xx_HAL_Driver/Src/stm32f4xx_hal_dma.o
LOAD Drivers/STM32F4xx_HAL_Driver/Src/stm32f4xx_hal_dma_ex.o
LOAD Drivers/STM32F4xx_HAL_Driver/Src/stm32f4xx_hal_exti.o
LOAD Drivers/STM32F4xx_HAL_Driver/Src/stm32f4xx_hal_flash.o
LOAD Drivers/STM32F4xx_HAL_Driver/Src/stm32f4xx_hal_flash_ex.o
LOAD Drivers/STM32F4xx_HAL_Driver/Src/stm32f4xx_hal_flash_ramfunc.o
LOAD Drivers/STM32F4xx_HAL_Driver/Src/stm32f4xx_hal_gpio.o
LOAD Drivers/STM32F4xx_HAL_Driver/Src/stm32f4xx_hal_i2s.o
LOAD Drivers/STM32F4xx_HAL_Driver/Src/stm32f4xx_hal_i2s_ex.o
LOAD Drivers/STM32F4xx_HAL_Driver/Src/stm32f4xx_hal_pwr.o
LOAD Drivers/STM32F4xx_HAL_Driver/Src/stm32f4xx_hal_pwr_ex.o
LOAD Drivers/STM32F4xx_HAL_Driver/Src/stm32f4xx_hal_rcc.o
LOAD Drivers/STM32F4xx_HAL_Driver/Src/stm32f4xx_hal_rcc_ex.o
LOAD Drivers/STM32F4xx_HAL_Driver/Src/stm32f4xx_hal_tim.o
LOAD Drivers/STM32F4xx_HAL_Driver/Src/stm32f4xx_hal_tim_ex.o
START GROUP
LOAD c:/st/stm32cubeide_1.3.0/stm32cubeide/plugins/com.st.stm32cube.ide.mcu.externaltools.gnu-tools-for-stm32.7-2018-q2-update.win32_1.0.0.201904181610/tools/bin/../lib/gcc/arm-none-eabi/7.3.1/../../../../arm-none-eabi/lib/thumb/v7e-m/fpv4-sp/hard\libc_nano.a
LOAD c:/st/stm32cubeide_1.3.0/stm32cubeide/plugins/com.st.stm32cube.ide.mcu.externaltools.gnu-tools-for-stm32.7-2018-q2-update.win32_1.0.0.201904181610/tools/bin/../lib/gcc/arm-none-eabi/7.3.1/../../../../arm-none-eabi/lib/thumb/v7e-m/fpv4-sp/hard\libm.a
END GROUP
START GROUP
LOAD c:/st/stm32cubeide_1.3.0/stm32cubeide/plugins/com.st.stm32cube.ide.mcu.externaltools.gnu-tools-for-stm32.7-2018-q2-update.win32_1.0.0.201904181610/tools/bin/../lib/gcc/arm-none-eabi/7.3.1/thumb/v7e-m/fpv4-sp/hard\libgcc.a
LOAD c:/st/stm32cubeide_1.3.0/stm32cubeide/plugins/com.st.stm32cube.ide.mcu.externaltools.gnu-tools-for-stm32.7-2018-q2-update.win32_1.0.0.201904181610/tools/bin/../lib/gcc/arm-none-eabi/7.3.1/../../../../arm-none-eabi/lib/thumb/v7e-m/fpv4-sp/hard\libc_nano.a
END GROUP
START GROUP
LOAD c:/st/stm32cubeide_1.3.0/stm32cubeide/plugins/com.st.stm32cube.ide.mcu.externaltools.gnu-tools-for-stm32.7-2018-q2-update.win32_1.0.0.201904181610/tools/bin/../lib/gcc/arm-none-eabi/7.3.1/thumb/v7e-m/fpv4-sp/hard\libgcc.a
LOAD c:/st/stm32cubeide_1.3.0/stm32cubeide/plugins/com.st.stm32cube.ide.mcu.externaltools.gnu-tools-for-stm32.7-2018-q2-update.win32_1.0.0.201904181610/tools/bin/../lib/gcc/arm-none-eabi/7.3.1/../../../../arm-none-eabi/lib/thumb/v7e-m/fpv4-sp/hard\libc_nano.a
LOAD c:/st/stm32cubeide_1.3.0/stm32cubeide/plugins/com.st.stm32cube.ide.mcu.externaltools.gnu-tools-for-stm32.7-2018-q2-update.win32_1.0.0.201904181610/tools/bin/../lib/gcc/arm-none-eabi/7.3.1/../../../../arm-none-eabi/lib/thumb/v7e-m/fpv4-sp/hard\libnosys.a
END GROUP
START GROUP
LOAD c:/st/stm32cubeide_1.3.0/stm32cubeide/plugins/com.st.stm32cube.ide.mcu.externaltools.gnu-tools-for-stm32.7-2018-q2-update.win32_1.0.0.201904181610/tools/bin/../lib/gcc/arm-none-eabi/7.3.1/thumb/v7e-m/fpv4-sp/hard\libgcc.a
LOAD c:/st/stm32cubeide_1.3.0/stm32cubeide/plugins/com.st.stm32cube.ide.mcu.externaltools.gnu-tools-for-stm32.7-2018-q2-update.win32_1.0.0.201904181610/tools/bin/../lib/gcc/arm-none-eabi/7.3.1/../../../../arm-none-eabi/lib/thumb/v7e-m/fpv4-sp/hard\libc_nano.a
LOAD c:/st/stm32cubeide_1.3.0/stm32cubeide/plugins/com.st.stm32cube.ide.mcu.externaltools.gnu-tools-for-stm32.7-2018-q2-update.win32_1.0.0.201904181610/tools/bin/../lib/gcc/arm-none-eabi/7.3.1/../../../../arm-none-eabi/lib/thumb/v7e-m/fpv4-sp/hard\libnosys.a
END GROUP
LOAD c:/st/stm32cubeide_1.3.0/stm32cubeide/plugins/com.st.stm32cube.ide.mcu.externaltools.gnu-tools-for-stm32.7-2018-q2-update.win32_1.0.0.201904181610/tools/bin/../lib/gcc/arm-none-eabi/7.3.1/thumb/v7e-m/fpv4-sp/hard/crtend.o
LOAD c:/st/stm32cubeide_1.3.0/stm32cubeide/plugins/com.st.stm32cube.ide.mcu.externaltools.gnu-tools-for-stm32.7-2018-q2-update.win32_1.0.0.201904181610/tools/bin/../lib/gcc/arm-none-eabi/7.3.1/thumb/v7e-m/fpv4-sp/hard/crtn.o
                0x0000000020020000                _estack = (ORIGIN (RAM) + LENGTH (RAM))
                0x0000000000000200                _Min_Heap_Size = 0x200
                0x0000000000000400                _Min_Stack_Size = 0x400

.isr_vector     0x0000000008000000      0x198
                0x0000000008000000                . = ALIGN (0x4)
 *(.isr_vector)
 .isr_vector    0x0000000008000000      0x198 Core/Startup/startup_stm32f411vetx.o
                0x0000000008000000                g_pfnVectors
                0x0000000008000198                . = ALIGN (0x4)

.text           0x0000000008000198     0x38b8
                0x0000000008000198                . = ALIGN (0x4)
 *(.text)
 .text          0x0000000008000198       0x40 c:/st/stm32cubeide_1.3.0/stm32cubeide/plugins/com.st.stm32cube.ide.mcu.externaltools.gnu-tools-for-stm32.7-2018-q2-update.win32_1.0.0.201904181610/tools/bin/../lib/gcc/arm-none-eabi/7.3.1/thumb/v7e-m/fpv4-sp/hard/crtbegin.o
 .text          0x00000000080001d8       0x30 c:/st/stm32cubeide_1.3.0/stm32cubeide/plugins/com.st.stm32cube.ide.mcu.externaltools.gnu-tools-for-stm32.7-2018-q2-update.win32_1.0.0.201904181610/tools/bin/../lib/gcc/arm-none-eabi/7.3.1/thumb/v7e-m/fpv4-sp/hard\libgcc.a(_aeabi_uldivmod.o)
                0x00000000080001d8                __aeabi_uldivmod
 .text          0x0000000008000208      0x2cc c:/st/stm32cubeide_1.3.0/stm32cubeide/plugins/com.st.stm32cube.ide.mcu.externaltools.gnu-tools-for-stm32.7-2018-q2-update.win32_1.0.0.201904181610/tools/bin/../lib/gcc/arm-none-eabi/7.3.1/thumb/v7e-m/fpv4-sp/hard\libgcc.a(_udivmoddi4.o)
                0x0000000008000208                __udivmoddi4
 .text          0x00000000080004d4        0x4 c:/st/stm32cubeide_1.3.0/stm32cubeide/plugins/com.st.stm32cube.ide.mcu.externaltools.gnu-tools-for-stm32.7-2018-q2-update.win32_1.0.0.201904181610/tools/bin/../lib/gcc/arm-none-eabi/7.3.1/thumb/v7e-m/fpv4-sp/hard\libgcc.a(_dvmd_tls.o)
                0x00000000080004d4                __aeabi_idiv0
                0x00000000080004d4                __aeabi_ldiv0
 *(.text*)
 .text.Sprite2Mem
                0x00000000080004d8       0xd0 Core/Src/Sprites.o
                0x00000000080004d8                Sprite2Mem
 .text.LDRSprites
                0x00000000080005a8       0x58 Core/Src/Sprites.o
                0x00000000080005a8                LDRSprites
 .text.FindSprite
                0x0000000008000600       0x64 Core/Src/Sprites.o
                0x0000000008000600                FindSprite
 .text.playCollisionSound
                0x0000000008000664       0x30 Core/Src/main.o
                0x0000000008000664                playCollisionSound
 .text.main     0x0000000008000694      0x27c Core/Src/main.o
                0x0000000008000694                main
 .text.SystemClock_Config
                0x0000000008000910      0x110 Core/Src/main.o
                0x0000000008000910                SystemClock_Config
 .text.MX_ADC1_Init
                0x0000000008000a20       0xa4 Core/Src/main.o
 .text.MX_I2S3_Init
                0x0000000008000ac4       0x5c Core/Src/main.o
 .text.MX_DMA_Init
                0x0000000008000b20       0x40 Core/Src/main.o
 .text.MX_GPIO_Init
                0x0000000008000b60       0x50 Core/Src/main.o
 .text.BitBlit  0x0000000008000bb0       0x8c Core/Src/main.o
                0x0000000008000bb0                BitBlit
 .text.ClearSprite
                0x0000000008000c3c       0x62 Core/Src/main.o
                0x0000000008000c3c                ClearSprite
 .text.Error_Handler
                0x0000000008000c9e        0xe Core/Src/main.o
                0x0000000008000c9e                Error_Handler
 .text.HAL_MspInit
                0x0000000008000cac       0x50 Core/Src/stm32f4xx_hal_msp.o
                0x0000000008000cac                HAL_MspInit
 .text.HAL_ADC_MspInit
                0x0000000008000cfc       0x88 Core/Src/stm32f4xx_hal_msp.o
                0x0000000008000cfc                HAL_ADC_MspInit
 .text.HAL_I2S_MspInit
                0x0000000008000d84      0x138 Core/Src/stm32f4xx_hal_msp.o
                0x0000000008000d84                HAL_I2S_MspInit
 .text.NMI_Handler
                0x0000000008000ebc        0xe Core/Src/stm32f4xx_it.o
                0x0000000008000ebc                NMI_Handler
 .text.HardFault_Handler
                0x0000000008000eca        0x6 Core/Src/stm32f4xx_it.o
                0x0000000008000eca                HardFault_Handler
 .text.MemManage_Handler
                0x0000000008000ed0        0x6 Core/Src/stm32f4xx_it.o
                0x0000000008000ed0                MemManage_Handler
 .text.BusFault_Handler
                0x0000000008000ed6        0x6 Core/Src/stm32f4xx_it.o
                0x0000000008000ed6                BusFault_Handler
 .text.UsageFault_Handler
                0x0000000008000edc        0x6 Core/Src/stm32f4xx_it.o
                0x0000000008000edc                UsageFault_Handler
 .text.SVC_Handler
                0x0000000008000ee2        0xe Core/Src/stm32f4xx_it.o
                0x0000000008000ee2                SVC_Handler
 .text.DebugMon_Handler
                0x0000000008000ef0        0xe Core/Src/stm32f4xx_it.o
                0x0000000008000ef0                DebugMon_Handler
 .text.PendSV_Handler
                0x0000000008000efe        0xe Core/Src/stm32f4xx_it.o
                0x0000000008000efe                PendSV_Handler
 .text.SysTick_Handler
                0x0000000008000f0c        0xc Core/Src/stm32f4xx_it.o
                0x0000000008000f0c                SysTick_Handler
 .text.DMA1_Stream5_IRQHandler
                0x0000000008000f18       0x14 Core/Src/stm32f4xx_it.o
                0x0000000008000f18                DMA1_Stream5_IRQHandler
 .text.SystemInit
                0x0000000008000f2c       0x2c Core/Src/system_stm32f4xx.o
                0x0000000008000f2c                SystemInit
 .text.Reset_Handler
                0x0000000008000f58       0x50 Core/Startup/startup_stm32f411vetx.o
                0x0000000008000f58                Reset_Handler
 .text.Default_Handler
                0x0000000008000fa8        0x2 Core/Startup/startup_stm32f411vetx.o
                0x0000000008000fa8                RTC_Alarm_IRQHandler
                0x0000000008000fa8                EXTI2_IRQHandler
                0x0000000008000fa8                SPI4_IRQHandler
                0x0000000008000fa8                TIM1_CC_IRQHandler
                0x0000000008000fa8                DMA2_Stream5_IRQHandler
                0x0000000008000fa8                PVD_IRQHandler
                0x0000000008000fa8                SDIO_IRQHandler
                0x0000000008000fa8                TAMP_STAMP_IRQHandler
                0x0000000008000fa8                EXTI3_IRQHandler
                0x0000000008000fa8                TIM1_UP_TIM10_IRQHandler
                0x0000000008000fa8                I2C3_ER_IRQHandler
                0x0000000008000fa8                EXTI0_IRQHandler
                0x0000000008000fa8                I2C2_EV_IRQHandler
                0x0000000008000fa8                DMA1_Stream2_IRQHandler
                0x0000000008000fa8                FPU_IRQHandler
                0x0000000008000fa8                DMA2_Stream2_IRQHandler
                0x0000000008000fa8                SPI1_IRQHandler
                0x0000000008000fa8                TIM1_BRK_TIM9_IRQHandler
                0x0000000008000fa8                DMA2_Stream3_IRQHandler
                0x0000000008000fa8                USART6_IRQHandler
                0x0000000008000fa8                DMA2_Stream0_IRQHandler
                0x0000000008000fa8                TIM4_IRQHandler
                0x0000000008000fa8                I2C1_EV_IRQHandler
                0x0000000008000fa8                DMA1_Stream6_IRQHandler
                0x0000000008000fa8                DMA1_Stream1_IRQHandler
                0x0000000008000fa8                TIM3_IRQHandler
                0x0000000008000fa8                RCC_IRQHandler
                0x0000000008000fa8                Default_Handler
                0x0000000008000fa8                EXTI15_10_IRQHandler
                0x0000000008000fa8                ADC_IRQHandler
                0x0000000008000fa8                DMA1_Stream7_IRQHandler
                0x0000000008000fa8                SPI5_IRQHandler
                0x0000000008000fa8                TIM5_IRQHandler
                0x0000000008000fa8                DMA2_Stream7_IRQHandler
                0x0000000008000fa8                I2C3_EV_IRQHandler
                0x0000000008000fa8                EXTI9_5_IRQHandler
                0x0000000008000fa8                RTC_WKUP_IRQHandler
                0x0000000008000fa8                SPI2_IRQHandler
                0x0000000008000fa8                DMA1_Stream0_IRQHandler
                0x0000000008000fa8                EXTI4_IRQHandler
                0x0000000008000fa8                WWDG_IRQHandler
                0x0000000008000fa8                TIM2_IRQHandler
                0x0000000008000fa8                OTG_FS_WKUP_IRQHandler
                0x0000000008000fa8                TIM1_TRG_COM_TIM11_IRQHandler
                0x0000000008000fa8                EXTI1_IRQHandler
                0x0000000008000fa8                USART2_IRQHandler
                0x0000000008000fa8                I2C2_ER_IRQHandler
                0x0000000008000fa8                DMA2_Stream1_IRQHandler
                0x0000000008000fa8                FLASH_IRQHandler
                0x0000000008000fa8                DMA2_Stream4_IRQHandler
                0x0000000008000fa8                USART1_IRQHandler
                0x0000000008000fa8                OTG_FS_IRQHandler
                0x0000000008000fa8                SPI3_IRQHandler
                0x0000000008000fa8                DMA1_Stream4_IRQHandler
                0x0000000008000fa8                I2C1_ER_IRQHandler
                0x0000000008000fa8                DMA2_Stream6_IRQHandler
                0x0000000008000fa8                DMA1_Stream3_IRQHandler
 *fill*         0x0000000008000faa        0x2 
 .text.HAL_Init
                0x0000000008000fac       0x44 Drivers/STM32F4xx_HAL_Driver/Src/stm32f4xx_hal.o
                0x0000000008000fac                HAL_Init
 .text.HAL_InitTick
                0x0000000008000ff0       0x60 Drivers/STM32F4xx_HAL_Driver/Src/stm32f4xx_hal.o
                0x0000000008000ff0                HAL_InitTick
 .text.HAL_IncTick
                0x0000000008001050       0x28 Drivers/STM32F4xx_HAL_Driver/Src/stm32f4xx_hal.o
                0x0000000008001050                HAL_IncTick
 .text.HAL_GetTick
                0x0000000008001078       0x18 Drivers/STM32F4xx_HAL_Driver/Src/stm32f4xx_hal.o
                0x0000000008001078                HAL_GetTick
 .text.HAL_ADC_Init
                0x0000000008001090       0x86 Drivers/STM32F4xx_HAL_Driver/Src/stm32f4xx_hal_adc.o
                0x0000000008001090                HAL_ADC_Init
 *fill*         0x0000000008001116        0x2 
 .text.HAL_ADC_Start
                0x0000000008001118      0x14c Drivers/STM32F4xx_HAL_Driver/Src/stm32f4xx_hal_adc.o
                0x0000000008001118                HAL_ADC_Start
 .text.HAL_ADC_PollForConversion
                0x0000000008001264      0x108 Drivers/STM32F4xx_HAL_Driver/Src/stm32f4xx_hal_adc.o
                0x0000000008001264                HAL_ADC_PollForConversion
 .text.HAL_ADC_GetValue
                0x000000000800136c       0x1a Drivers/STM32F4xx_HAL_Driver/Src/stm32f4xx_hal_adc.o
                0x000000000800136c                HAL_ADC_GetValue
 *fill*         0x0000000008001386        0x2 
 .text.HAL_ADC_ConfigChannel
                0x0000000008001388      0x264 Drivers/STM32F4xx_HAL_Driver/Src/stm32f4xx_hal_adc.o
                0x0000000008001388                HAL_ADC_ConfigChannel
 .text.ADC_Init
                0x00000000080015ec      0x1f8 Drivers/STM32F4xx_HAL_Driver/Src/stm32f4xx_hal_adc.o
 .text.__NVIC_SetPriorityGrouping
                0x00000000080017e4       0x48 Drivers/STM32F4xx_HAL_Driver/Src/stm32f4xx_hal_cortex.o
 .text.__NVIC_GetPriorityGrouping
                0x000000000800182c       0x1c Drivers/STM32F4xx_HAL_Driver/Src/stm32f4xx_hal_cortex.o
 .text.__NVIC_EnableIRQ
                0x0000000008001848       0x3c Drivers/STM32F4xx_HAL_Driver/Src/stm32f4xx_hal_cortex.o
 .text.__NVIC_SetPriority
                0x0000000008001884       0x54 Drivers/STM32F4xx_HAL_Driver/Src/stm32f4xx_hal_cortex.o
 .text.NVIC_EncodePriority
                0x00000000080018d8       0x66 Drivers/STM32F4xx_HAL_Driver/Src/stm32f4xx_hal_cortex.o
 *fill*         0x000000000800193e        0x2 
 .text.SysTick_Config
                0x0000000008001940       0x44 Drivers/STM32F4xx_HAL_Driver/Src/stm32f4xx_hal_cortex.o
 .text.HAL_NVIC_SetPriorityGrouping
                0x0000000008001984       0x16 Drivers/STM32F4xx_HAL_Driver/Src/stm32f4xx_hal_cortex.o
                0x0000000008001984                HAL_NVIC_SetPriorityGrouping
 .text.HAL_NVIC_SetPriority
                0x000000000800199a       0x38 Drivers/STM32F4xx_HAL_Driver/Src/stm32f4xx_hal_cortex.o
                0x000000000800199a                HAL_NVIC_SetPriority
 .text.HAL_NVIC_EnableIRQ
                0x00000000080019d2       0x1c Drivers/STM32F4xx_HAL_Driver/Src/stm32f4xx_hal_cortex.o
                0x00000000080019d2                HAL_NVIC_EnableIRQ
 .text.HAL_SYSTICK_Config
                0x00000000080019ee       0x18 Drivers/STM32F4xx_HAL_Driver/Src/stm32f4xx_hal_cortex.o
                0x00000000080019ee                HAL_SYSTICK_Config
 *fill*         0x0000000008001a06        0x2 
 .text.HAL_DMA_Init
                0x0000000008001a08      0x15c Drivers/STM32F4xx_HAL_Driver/Src/stm32f4xx_hal_dma.o
                0x0000000008001a08                HAL_DMA_Init
 .text.HAL_DMA_Start_IT
                0x0000000008001b64       0xb0 Drivers/STM32F4xx_HAL_Driver/Src/stm32f4xx_hal_dma.o
                0x0000000008001b64                HAL_DMA_Start_IT
 .text.HAL_DMA_IRQHandler
                0x0000000008001c14      0x314 Drivers/STM32F4xx_HAL_Driver/Src/stm32f4xx_hal_dma.o
                0x0000000008001c14                HAL_DMA_IRQHandler
 .text.DMA_SetConfig
                0x0000000008001f28       0x5c Drivers/STM32F4xx_HAL_Driver/Src/stm32f4xx_hal_dma.o
 .text.DMA_CalcBaseAndBitshift
                0x0000000008001f84       0x6c Drivers/STM32F4xx_HAL_Driver/Src/stm32f4xx_hal_dma.o
 .text.DMA_CheckFifoParam
                0x0000000008001ff0       0xf4 Drivers/STM32F4xx_HAL_Driver/Src/stm32f4xx_hal_dma.o
 .text.HAL_GPIO_Init
                0x00000000080020e4      0x304 Drivers/STM32F4xx_HAL_Driver/Src/stm32f4xx_hal_gpio.o
                0x00000000080020e4                HAL_GPIO_Init
 .text.HAL_I2S_Init
                0x00000000080023e8      0x280 Drivers/STM32F4xx_HAL_Driver/Src/stm32f4xx_hal_i2s.o
                0x00000000080023e8                HAL_I2S_Init
 .text.HAL_I2S_Transmit_DMA
                0x0000000008002668      0x150 Drivers/STM32F4xx_HAL_Driver/Src/stm32f4xx_hal_i2s.o
                0x0000000008002668                HAL_I2S_Transmit_DMA
 .text.HAL_I2S_TxHalfCpltCallback
                0x00000000080027b8       0x14 Drivers/STM32F4xx_HAL_Driver/Src/stm32f4xx_hal_i2s.o
                0x00000000080027b8                HAL_I2S_TxHalfCpltCallback
 .text.HAL_I2S_TxCpltCallback
                0x00000000080027cc       0x14 Drivers/STM32F4xx_HAL_Driver/Src/stm32f4xx_hal_i2s.o
                0x00000000080027cc                HAL_I2S_TxCpltCallback
 .text.HAL_I2S_RxCpltCallback
                0x00000000080027e0       0x14 Drivers/STM32F4xx_HAL_Driver/Src/stm32f4xx_hal_i2s.o
                0x00000000080027e0                HAL_I2S_RxCpltCallback
 .text.HAL_I2S_ErrorCallback
                0x00000000080027f4       0x14 Drivers/STM32F4xx_HAL_Driver/Src/stm32f4xx_hal_i2s.o
                0x00000000080027f4                HAL_I2S_ErrorCallback
 .text.I2S_DMATxCplt
                0x0000000008002808       0x42 Drivers/STM32F4xx_HAL_Driver/Src/stm32f4xx_hal_i2s.o
 .text.I2S_DMATxHalfCplt
                0x000000000800284a       0x1c Drivers/STM32F4xx_HAL_Driver/Src/stm32f4xx_hal_i2s.o
 .text.I2S_DMAError
                0x0000000008002866       0x4c Drivers/STM32F4xx_HAL_Driver/Src/stm32f4xx_hal_i2s.o
 .text.I2S_Transmit_IT
                0x00000000080028b2       0x5c Drivers/STM32F4xx_HAL_Driver/Src/stm32f4xx_hal_i2s.o
 .text.I2S_Receive_IT
                0x000000000800290e       0x5e Drivers/STM32F4xx_HAL_Driver/Src/stm32f4xx_hal_i2s.o
 .text.I2S_IRQHandler
                0x000000000800296c      0x114 Drivers/STM32F4xx_HAL_Driver/Src/stm32f4xx_hal_i2s.o
 .text.HAL_I2SEx_FullDuplex_IRQHandler
                0x0000000008002a80      0x2a8 Drivers/STM32F4xx_HAL_Driver/Src/stm32f4xx_hal_i2s_ex.o
                0x0000000008002a80                HAL_I2SEx_FullDuplex_IRQHandler
 .text.HAL_I2SEx_TxRxCpltCallback
                0x0000000008002d28       0x14 Drivers/STM32F4xx_HAL_Driver/Src/stm32f4xx_hal_i2s_ex.o
                0x0000000008002d28                HAL_I2SEx_TxRxCpltCallback
 .text.I2SEx_TxISR_I2S
                0x0000000008002d3c       0x62 Drivers/STM32F4xx_HAL_Driver/Src/stm32f4xx_hal_i2s_ex.o
 *fill*         0x0000000008002d9e        0x2 
 .text.I2SEx_TxISR_I2SExt
                0x0000000008002da0       0x98 Drivers/STM32F4xx_HAL_Driver/Src/stm32f4xx_hal_i2s_ex.o
 .text.I2SEx_RxISR_I2S
                0x0000000008002e38       0x64 Drivers/STM32F4xx_HAL_Driver/Src/stm32f4xx_hal_i2s_ex.o
 .text.I2SEx_RxISR_I2SExt
                0x0000000008002e9c       0x98 Drivers/STM32F4xx_HAL_Driver/Src/stm32f4xx_hal_i2s_ex.o
 .text.HAL_RCC_OscConfig
                0x0000000008002f34      0x4e0 Drivers/STM32F4xx_HAL_Driver/Src/stm32f4xx_hal_rcc.o
                0x0000000008002f34                HAL_RCC_OscConfig
 .text.HAL_RCC_ClockConfig
                0x0000000008003414      0x1cc Drivers/STM32F4xx_HAL_Driver/Src/stm32f4xx_hal_rcc.o
                0x0000000008003414                HAL_RCC_ClockConfig
 .text.HAL_RCC_GetSysClockFreq
                0x00000000080035e0      0x164 Drivers/STM32F4xx_HAL_Driver/Src/stm32f4xx_hal_rcc.o
                0x00000000080035e0                HAL_RCC_GetSysClockFreq
 .text.HAL_RCCEx_PeriphCLKConfig
                0x0000000008003744      0x1e0 Drivers/STM32F4xx_HAL_Driver/Src/stm32f4xx_hal_rcc_ex.o
                0x0000000008003744                HAL_RCCEx_PeriphCLKConfig
 .text.HAL_RCCEx_GetPeriphCLKFreq
                0x0000000008003924       0xbc Drivers/STM32F4xx_HAL_Driver/Src/stm32f4xx_hal_rcc_ex.o
                0x0000000008003924                HAL_RCCEx_GetPeriphCLKFreq
 .text.__libc_init_array
                0x00000000080039e0       0x48 c:/st/stm32cubeide_1.3.0/stm32cubeide/plugins/com.st.stm32cube.ide.mcu.externaltools.gnu-tools-for-stm32.7-2018-q2-update.win32_1.0.0.201904181610/tools/bin/../lib/gcc/arm-none-eabi/7.3.1/../../../../arm-none-eabi/lib/thumb/v7e-m/fpv4-sp/hard\libc_nano.a(lib_a-init.o)
                0x00000000080039e0                __libc_init_array
 .text.memset   0x0000000008003a28       0x10 c:/st/stm32cubeide_1.3.0/stm32cubeide/plugins/com.st.stm32cube.ide.mcu.externaltools.gnu-tools-for-stm32.7-2018-q2-update.win32_1.0.0.201904181610/tools/bin/../lib/gcc/arm-none-eabi/7.3.1/../../../../arm-none-eabi/lib/thumb/v7e-m/fpv4-sp/hard\libc_nano.a(lib_a-memset.o)
                0x0000000008003a28                memset
 *(.glue_7)
 .glue_7        0x0000000008003a38        0x0 linker stubs
 *(.glue_7t)
 .glue_7t       0x0000000008003a38        0x0 linker stubs
 *(.eh_frame)
 .eh_frame      0x0000000008003a38        0x0 c:/st/stm32cubeide_1.3.0/stm32cubeide/plugins/com.st.stm32cube.ide.mcu.externaltools.gnu-tools-for-stm32.7-2018-q2-update.win32_1.0.0.201904181610/tools/bin/../lib/gcc/arm-none-eabi/7.3.1/thumb/v7e-m/fpv4-sp/hard/crtbegin.o
 *(.init)
 .init          0x0000000008003a38        0x4 c:/st/stm32cubeide_1.3.0/stm32cubeide/plugins/com.st.stm32cube.ide.mcu.externaltools.gnu-tools-for-stm32.7-2018-q2-update.win32_1.0.0.201904181610/tools/bin/../lib/gcc/arm-none-eabi/7.3.1/thumb/v7e-m/fpv4-sp/hard/crti.o
                0x0000000008003a38                _init
 .init          0x0000000008003a3c        0x8 c:/st/stm32cubeide_1.3.0/stm32cubeide/plugins/com.st.stm32cube.ide.mcu.externaltools.gnu-tools-for-stm32.7-2018-q2-update.win32_1.0.0.201904181610/tools/bin/../lib/gcc/arm-none-eabi/7.3.1/thumb/v7e-m/fpv4-sp/hard/crtn.o
 *(.fini)
 .fini          0x0000000008003a44        0x4 c:/st/stm32cubeide_1.3.0/stm32cubeide/plugins/com.st.stm32cube.ide.mcu.externaltools.gnu-tools-for-stm32.7-2018-q2-update.win32_1.0.0.201904181610/tools/bin/../lib/gcc/arm-none-eabi/7.3.1/thumb/v7e-m/fpv4-sp/hard/crti.o
                0x0000000008003a44                _fini
 .fini          0x0000000008003a48        0x8 c:/st/stm32cubeide_1.3.0/stm32cubeide/plugins/com.st.stm32cube.ide.mcu.externaltools.gnu-tools-for-stm32.7-2018-q2-update.win32_1.0.0.201904181610/tools/bin/../lib/gcc/arm-none-eabi/7.3.1/thumb/v7e-m/fpv4-sp/hard/crtn.o
                0x0000000008003a50                . = ALIGN (0x4)
                0x0000000008003a50                _etext = .

.vfp11_veneer   0x0000000008003a50        0x0
 .vfp11_veneer  0x0000000008003a50        0x0 linker stubs

.v4_bx          0x0000000008003a50        0x0
 .v4_bx         0x0000000008003a50        0x0 linker stubs

.iplt           0x0000000008003a50        0x0
 .iplt          0x0000000008003a50        0x0 c:/st/stm32cubeide_1.3.0/stm32cubeide/plugins/com.st.stm32cube.ide.mcu.externaltools.gnu-tools-for-stm32.7-2018-q2-update.win32_1.0.0.201904181610/tools/bin/../lib/gcc/arm-none-eabi/7.3.1/thumb/v7e-m/fpv4-sp/hard/crtbegin.o

.rodata         0x0000000008003a50    0x205f8
                0x0000000008003a50                . = ALIGN (0x4)
 *(.rodata)
 *(.rodata*)
 .rodata.audio  0x0000000008003a50    0x205e0 Core/Src/main.o
 .rodata.AHBPrescTable
                0x0000000008024030       0x10 Core/Src/system_stm32f4xx.o
                0x0000000008024030                AHBPrescTable
 .rodata.flagBitshiftOffset.7587
                0x0000000008024040        0x8 Drivers/STM32F4xx_HAL_Driver/Src/stm32f4xx_hal_dma.o
                0x0000000008024048                . = ALIGN (0x4)

.ARM.extab      0x0000000008024048        0x0
                0x0000000008024048                . = ALIGN (0x4)
 *(.ARM.extab* .gnu.linkonce.armextab.*)
                0x0000000008024048                . = ALIGN (0x4)

.ARM            0x0000000008024048        0x8
                0x0000000008024048                . = ALIGN (0x4)
                0x0000000008024048                __exidx_start = .
 *(.ARM.exidx*)
 .ARM.exidx     0x0000000008024048        0x8 c:/st/stm32cubeide_1.3.0/stm32cubeide/plugins/com.st.stm32cube.ide.mcu.externaltools.gnu-tools-for-stm32.7-2018-q2-update.win32_1.0.0.201904181610/tools/bin/../lib/gcc/arm-none-eabi/7.3.1/thumb/v7e-m/fpv4-sp/hard\libgcc.a(_udivmoddi4.o)
                0x0000000008024050                __exidx_end = .
                0x0000000008024050                . = ALIGN (0x4)

.rel.dyn        0x0000000008024050        0x0
 .rel.iplt      0x0000000008024050        0x0 c:/st/stm32cubeide_1.3.0/stm32cubeide/plugins/com.st.stm32cube.ide.mcu.externaltools.gnu-tools-for-stm32.7-2018-q2-update.win32_1.0.0.201904181610/tools/bin/../lib/gcc/arm-none-eabi/7.3.1/thumb/v7e-m/fpv4-sp/hard/crtbegin.o

.preinit_array  0x0000000008024050        0x0
                0x0000000008024050                . = ALIGN (0x4)
                0x0000000008024050                PROVIDE (__preinit_array_start = .)
 *(.preinit_array*)
                0x0000000008024050                PROVIDE (__preinit_array_end = .)
                0x0000000008024050                . = ALIGN (0x4)

.init_array     0x0000000008024050        0x4
                0x0000000008024050                . = ALIGN (0x4)
                0x0000000008024050                PROVIDE (__init_array_start = .)
 *(SORT_BY_NAME(.init_array.*))
 *(.init_array*)
 .init_array    0x0000000008024050        0x4 c:/st/stm32cubeide_1.3.0/stm32cubeide/plugins/com.st.stm32cube.ide.mcu.externaltools.gnu-tools-for-stm32.7-2018-q2-update.win32_1.0.0.201904181610/tools/bin/../lib/gcc/arm-none-eabi/7.3.1/thumb/v7e-m/fpv4-sp/hard/crtbegin.o
                0x0000000008024054                PROVIDE (__init_array_end = .)
                0x0000000008024054                . = ALIGN (0x4)

.fini_array     0x0000000008024054        0x4
                0x0000000008024054                . = ALIGN (0x4)
                [!provide]                        PROVIDE (__fini_array_start = .)
 *(SORT_BY_NAME(.fini_array.*))
 *(.fini_array*)
 .fini_array    0x0000000008024054        0x4 c:/st/stm32cubeide_1.3.0/stm32cubeide/plugins/com.st.stm32cube.ide.mcu.externaltools.gnu-tools-for-stm32.7-2018-q2-update.win32_1.0.0.201904181610/tools/bin/../lib/gcc/arm-none-eabi/7.3.1/thumb/v7e-m/fpv4-sp/hard/crtbegin.o
                [!provide]                        PROVIDE (__fini_array_end = .)
                0x0000000008024058                . = ALIGN (0x4)
                0x0000000008024058                _sidata = LOADADDR (.data)

.data           0x0000000020000000      0x164 load address 0x0000000008024058
                0x0000000020000000                . = ALIGN (0x4)
                0x0000000020000000                _sdata = .
 *(.data)
 *(.data*)
 .data.Invader1
                0x0000000020000000       0x58 Core/Src/Sprites.o
                0x0000000020000000                Invader1
 .data.Invader2
                0x0000000020000058       0x40 Core/Src/Sprites.o
                0x0000000020000058                Invader2
 .data.Invader3
                0x0000000020000098       0x60 Core/Src/Sprites.o
                0x0000000020000098                Invader3
 .data.Ship     0x00000000200000f8       0x58 Core/Src/Sprites.o
                0x00000000200000f8                Ship
 .data.xPos     0x0000000020000150        0x4 Core/Src/main.o
                0x0000000020000150                xPos
 .data.yPos     0x0000000020000154        0x4 Core/Src/main.o
                0x0000000020000154                yPos
 .data.SystemCoreClock
                0x0000000020000158        0x4 Core/Src/system_stm32f4xx.o
                0x0000000020000158                SystemCoreClock
 .data.uwTickPrio
                0x000000002000015c        0x4 Drivers/STM32F4xx_HAL_Driver/Src/stm32f4xx_hal.o
                0x000000002000015c                uwTickPrio
 .data.uwTickFreq
                0x0000000020000160        0x1 Drivers/STM32F4xx_HAL_Driver/Src/stm32f4xx_hal.o
                0x0000000020000160                uwTickFreq
                0x0000000020000164                . = ALIGN (0x4)
 *fill*         0x0000000020000161        0x3 
                0x0000000020000164                _edata = .

.igot.plt       0x0000000020000164        0x0 load address 0x00000000080241bc
 .igot.plt      0x0000000020000164        0x0 c:/st/stm32cubeide_1.3.0/stm32cubeide/plugins/com.st.stm32cube.ide.mcu.externaltools.gnu-tools-for-stm32.7-2018-q2-update.win32_1.0.0.201904181610/tools/bin/../lib/gcc/arm-none-eabi/7.3.1/thumb/v7e-m/fpv4-sp/hard/crtbegin.o
                0x0000000020000164                . = ALIGN (0x4)

.bss            0x0000000020000164      0x6f4 load address 0x00000000080241bc
                0x0000000020000164                _sbss = .
                0x0000000020000164                __bss_start__ = _sbss
 *(.bss)
 .bss           0x0000000020000164       0x1c c:/st/stm32cubeide_1.3.0/stm32cubeide/plugins/com.st.stm32cube.ide.mcu.externaltools.gnu-tools-for-stm32.7-2018-q2-update.win32_1.0.0.201904181610/tools/bin/../lib/gcc/arm-none-eabi/7.3.1/thumb/v7e-m/fpv4-sp/hard/crtbegin.o
 *(.bss*)
 .bss.dY        0x0000000020000180        0x4 Core/Src/main.o
                0x0000000020000180                dY
 *(COMMON)
 COMMON         0x0000000020000184      0x6d0 Core/Src/main.o
                0x0000000020000184                hdma_spi3_tx
                0x00000000200001e4                hadc1
                0x000000002000022c                spritemem
                0x0000000020000808                dX
                0x000000002000080c                hi2s3
 COMMON         0x0000000020000854        0x4 Drivers/STM32F4xx_HAL_Driver/Src/stm32f4xx_hal.o
                0x0000000020000854                uwTick
                0x0000000020000858                . = ALIGN (0x4)
                0x0000000020000858                _ebss = .
                0x0000000020000858                __bss_end__ = _ebss

._user_heap_stack
                0x0000000020000858      0x600 load address 0x00000000080241bc
                0x0000000020000858                . = ALIGN (0x8)
                0x0000000020000858                PROVIDE (end = .)
                [!provide]                        PROVIDE (_end = .)
                0x0000000020000a58                . = (. + _Min_Heap_Size)
 *fill*         0x0000000020000858      0x200 
                0x0000000020000e58                . = (. + _Min_Stack_Size)
 *fill*         0x0000000020000a58      0x400 
                0x0000000020000e58                . = ALIGN (0x8)

/DISCARD/
 libc.a(*)
 libm.a(*)
 libgcc.a(*)

.ARM.attributes
                0x0000000000000000       0x30
 *(.ARM.attributes)
 .ARM.attributes
                0x0000000000000000       0x22 c:/st/stm32cubeide_1.3.0/stm32cubeide/plugins/com.st.stm32cube.ide.mcu.externaltools.gnu-tools-for-stm32.7-2018-q2-update.win32_1.0.0.201904181610/tools/bin/../lib/gcc/arm-none-eabi/7.3.1/thumb/v7e-m/fpv4-sp/hard/crti.o
 .ARM.attributes
                0x0000000000000022       0x34 c:/st/stm32cubeide_1.3.0/stm32cubeide/plugins/com.st.stm32cube.ide.mcu.externaltools.gnu-tools-for-stm32.7-2018-q2-update.win32_1.0.0.201904181610/tools/bin/../lib/gcc/arm-none-eabi/7.3.1/thumb/v7e-m/fpv4-sp/hard/crtbegin.o
 .ARM.attributes
                0x0000000000000056       0x39 Core/Src/Sprites.o
 .ARM.attributes
                0x000000000000008f       0x39 Core/Src/main.o
 .ARM.attributes
                0x00000000000000c8       0x39 Core/Src/stm32f4xx_hal_msp.o
 .ARM.attributes
                0x0000000000000101       0x39 Core/Src/stm32f4xx_it.o
 .ARM.attributes
                0x000000000000013a       0x39 Core/Src/system_stm32f4xx.o
 .ARM.attributes
                0x0000000000000173       0x21 Core/Startup/startup_stm32f411vetx.o
 .ARM.attributes
                0x0000000000000194       0x39 Drivers/STM32F4xx_HAL_Driver/Src/stm32f4xx_hal.o
 .ARM.attributes
                0x00000000000001cd       0x39 Drivers/STM32F4xx_HAL_Driver/Src/stm32f4xx_hal_adc.o
 .ARM.attributes
                0x0000000000000206       0x39 Drivers/STM32F4xx_HAL_Driver/Src/stm32f4xx_hal_cortex.o
 .ARM.attributes
                0x000000000000023f       0x39 Drivers/STM32F4xx_HAL_Driver/Src/stm32f4xx_hal_dma.o
 .ARM.attributes
                0x0000000000000278       0x39 Drivers/STM32F4xx_HAL_Driver/Src/stm32f4xx_hal_gpio.o
 .ARM.attributes
                0x00000000000002b1       0x39 Drivers/STM32F4xx_HAL_Driver/Src/stm32f4xx_hal_i2s.o
 .ARM.attributes
                0x00000000000002ea       0x39 Drivers/STM32F4xx_HAL_Driver/Src/stm32f4xx_hal_i2s_ex.o
 .ARM.attributes
                0x0000000000000323       0x39 Drivers/STM32F4xx_HAL_Driver/Src/stm32f4xx_hal_rcc.o
 .ARM.attributes
                0x000000000000035c       0x39 Drivers/STM32F4xx_HAL_Driver/Src/stm32f4xx_hal_rcc_ex.o
 .ARM.attributes
                0x0000000000000395       0x34 c:/st/stm32cubeide_1.3.0/stm32cubeide/plugins/com.st.stm32cube.ide.mcu.externaltools.gnu-tools-for-stm32.7-2018-q2-update.win32_1.0.0.201904181610/tools/bin/../lib/gcc/arm-none-eabi/7.3.1/../../../../arm-none-eabi/lib/thumb/v7e-m/fpv4-sp/hard\libc_nano.a(lib_a-init.o)
 .ARM.attributes
                0x00000000000003c9       0x34 c:/st/stm32cubeide_1.3.0/stm32cubeide/plugins/com.st.stm32cube.ide.mcu.externaltools.gnu-tools-for-stm32.7-2018-q2-update.win32_1.0.0.201904181610/tools/bin/../lib/gcc/arm-none-eabi/7.3.1/../../../../arm-none-eabi/lib/thumb/v7e-m/fpv4-sp/hard\libc_nano.a(lib_a-memset.o)
 .ARM.attributes
                0x00000000000003fd       0x22 c:/st/stm32cubeide_1.3.0/stm32cubeide/plugins/com.st.stm32cube.ide.mcu.externaltools.gnu-tools-for-stm32.7-2018-q2-update.win32_1.0.0.201904181610/tools/bin/../lib/gcc/arm-none-eabi/7.3.1/thumb/v7e-m/fpv4-sp/hard\libgcc.a(_aeabi_uldivmod.o)
 .ARM.attributes
                0x000000000000041f       0x34 c:/st/stm32cubeide_1.3.0/stm32cubeide/plugins/com.st.stm32cube.ide.mcu.externaltools.gnu-tools-for-stm32.7-2018-q2-update.win32_1.0.0.201904181610/tools/bin/../lib/gcc/arm-none-eabi/7.3.1/thumb/v7e-m/fpv4-sp/hard\libgcc.a(_udivmoddi4.o)
 .ARM.attributes
                0x0000000000000453       0x22 c:/st/stm32cubeide_1.3.0/stm32cubeide/plugins/com.st.stm32cube.ide.mcu.externaltools.gnu-tools-for-stm32.7-2018-q2-update.win32_1.0.0.201904181610/tools/bin/../lib/gcc/arm-none-eabi/7.3.1/thumb/v7e-m/fpv4-sp/hard\libgcc.a(_dvmd_tls.o)
 .ARM.attributes
                0x0000000000000475       0x22 c:/st/stm32cubeide_1.3.0/stm32cubeide/plugins/com.st.stm32cube.ide.mcu.externaltools.gnu-tools-for-stm32.7-2018-q2-update.win32_1.0.0.201904181610/tools/bin/../lib/gcc/arm-none-eabi/7.3.1/thumb/v7e-m/fpv4-sp/hard/crtn.o
OUTPUT(Practical8.elf elf32-littlearm)

.debug_info     0x0000000000000000     0x8943
 .debug_info    0x0000000000000000      0x31b Core/Src/Sprites.o
 .debug_info    0x000000000000031b     0x11d2 Core/Src/main.o
 .debug_info    0x00000000000014ed      0xcbb Core/Src/stm32f4xx_hal_msp.o
 .debug_info    0x00000000000021a8      0x46b Core/Src/stm32f4xx_it.o
 .debug_info    0x0000000000002613      0x57e Core/Src/system_stm32f4xx.o
 .debug_info    0x0000000000002b91       0x22 Core/Startup/startup_stm32f411vetx.o
 .debug_info    0x0000000000002bb3      0x8d5 Drivers/STM32F4xx_HAL_Driver/Src/stm32f4xx_hal.o
 .debug_info    0x0000000000003488      0xce6 Drivers/STM32F4xx_HAL_Driver/Src/stm32f4xx_hal_adc.o
 .debug_info    0x000000000000416e      0xd98 Drivers/STM32F4xx_HAL_Driver/Src/stm32f4xx_hal_cortex.o
 .debug_info    0x0000000000004f06      0x960 Drivers/STM32F4xx_HAL_Driver/Src/stm32f4xx_hal_dma.o
 .debug_info    0x0000000000005866      0x7d7 Drivers/STM32F4xx_HAL_Driver/Src/stm32f4xx_hal_gpio.o
 .debug_info    0x000000000000603d      0xe56 Drivers/STM32F4xx_HAL_Driver/Src/stm32f4xx_hal_i2s.o
 .debug_info    0x0000000000006e93      0xb6e Drivers/STM32F4xx_HAL_Driver/Src/stm32f4xx_hal_i2s_ex.o
 .debug_info    0x0000000000007a01      0x92a Drivers/STM32F4xx_HAL_Driver/Src/stm32f4xx_hal_rcc.o
 .debug_info    0x000000000000832b      0x618 Drivers/STM32F4xx_HAL_Driver/Src/stm32f4xx_hal_rcc_ex.o

.debug_abbrev   0x0000000000000000     0x1a6b
 .debug_abbrev  0x0000000000000000      0x150 Core/Src/Sprites.o
 .debug_abbrev  0x0000000000000150      0x288 Core/Src/main.o
 .debug_abbrev  0x00000000000003d8      0x18c Core/Src/stm32f4xx_hal_msp.o
 .debug_abbrev  0x0000000000000564      0x120 Core/Src/stm32f4xx_it.o
 .debug_abbrev  0x0000000000000684      0x12b Core/Src/system_stm32f4xx.o
 .debug_abbrev  0x00000000000007af       0x12 Core/Startup/startup_stm32f411vetx.o
 .debug_abbrev  0x00000000000007c1      0x1f2 Drivers/STM32F4xx_HAL_Driver/Src/stm32f4xx_hal.o
 .debug_abbrev  0x00000000000009b3      0x1cd Drivers/STM32F4xx_HAL_Driver/Src/stm32f4xx_hal_adc.o
 .debug_abbrev  0x0000000000000b80      0x2fa Drivers/STM32F4xx_HAL_Driver/Src/stm32f4xx_hal_cortex.o
 .debug_abbrev  0x0000000000000e7a      0x1f1 Drivers/STM32F4xx_HAL_Driver/Src/stm32f4xx_hal_dma.o
 .debug_abbrev  0x000000000000106b      0x1c9 Drivers/STM32F4xx_HAL_Driver/Src/stm32f4xx_hal_gpio.o
 .debug_abbrev  0x0000000000001234      0x22a Drivers/STM32F4xx_HAL_Driver/Src/stm32f4xx_hal_i2s.o
 .debug_abbrev  0x000000000000145e      0x255 Drivers/STM32F4xx_HAL_Driver/Src/stm32f4xx_hal_i2s_ex.o
 .debug_abbrev  0x00000000000016b3      0x245 Drivers/STM32F4xx_HAL_Driver/Src/stm32f4xx_hal_rcc.o
 .debug_abbrev  0x00000000000018f8      0x173 Drivers/STM32F4xx_HAL_Driver/Src/stm32f4xx_hal_rcc_ex.o

.debug_aranges  0x0000000000000000      0x7d0
 .debug_aranges
                0x0000000000000000       0x30 Core/Src/Sprites.o
 .debug_aranges
                0x0000000000000030       0x68 Core/Src/main.o
 .debug_aranges
                0x0000000000000098       0x40 Core/Src/stm32f4xx_hal_msp.o
 .debug_aranges
                0x00000000000000d8       0x68 Core/Src/stm32f4xx_it.o
 .debug_aranges
                0x0000000000000140       0x28 Core/Src/system_stm32f4xx.o
 .debug_aranges
                0x0000000000000168       0x28 Core/Startup/startup_stm32f411vetx.o
 .debug_aranges
                0x0000000000000190       0xf0 Drivers/STM32F4xx_HAL_Driver/Src/stm32f4xx_hal.o
 .debug_aranges
                0x0000000000000280       0xe8 Drivers/STM32F4xx_HAL_Driver/Src/stm32f4xx_hal_adc.o
 .debug_aranges
                0x0000000000000368      0x118 Drivers/STM32F4xx_HAL_Driver/Src/stm32f4xx_hal_cortex.o
 .debug_aranges
                0x0000000000000480       0x90 Drivers/STM32F4xx_HAL_Driver/Src/stm32f4xx_hal_dma.o
 .debug_aranges
                0x0000000000000510       0x58 Drivers/STM32F4xx_HAL_Driver/Src/stm32f4xx_hal_gpio.o
 .debug_aranges
                0x0000000000000568      0x108 Drivers/STM32F4xx_HAL_Driver/Src/stm32f4xx_hal_i2s.o
 .debug_aranges
                0x0000000000000670       0x88 Drivers/STM32F4xx_HAL_Driver/Src/stm32f4xx_hal_i2s_ex.o
 .debug_aranges
                0x00000000000006f8       0x88 Drivers/STM32F4xx_HAL_Driver/Src/stm32f4xx_hal_rcc.o
 .debug_aranges
                0x0000000000000780       0x50 Drivers/STM32F4xx_HAL_Driver/Src/stm32f4xx_hal_rcc_ex.o

.debug_ranges   0x0000000000000000      0x6e8
 .debug_ranges  0x0000000000000000       0x20 Core/Src/Sprites.o
 .debug_ranges  0x0000000000000020       0x58 Core/Src/main.o
 .debug_ranges  0x0000000000000078       0x30 Core/Src/stm32f4xx_hal_msp.o
 .debug_ranges  0x00000000000000a8       0x58 Core/Src/stm32f4xx_it.o
 .debug_ranges  0x0000000000000100       0x18 Core/Src/system_stm32f4xx.o
 .debug_ranges  0x0000000000000118       0x20 Core/Startup/startup_stm32f411vetx.o
 .debug_ranges  0x0000000000000138       0xe0 Drivers/STM32F4xx_HAL_Driver/Src/stm32f4xx_hal.o
 .debug_ranges  0x0000000000000218       0xd8 Drivers/STM32F4xx_HAL_Driver/Src/stm32f4xx_hal_adc.o
 .debug_ranges  0x00000000000002f0      0x108 Drivers/STM32F4xx_HAL_Driver/Src/stm32f4xx_hal_cortex.o
 .debug_ranges  0x00000000000003f8       0x80 Drivers/STM32F4xx_HAL_Driver/Src/stm32f4xx_hal_dma.o
 .debug_ranges  0x0000000000000478       0x48 Drivers/STM32F4xx_HAL_Driver/Src/stm32f4xx_hal_gpio.o
 .debug_ranges  0x00000000000004c0       0xf8 Drivers/STM32F4xx_HAL_Driver/Src/stm32f4xx_hal_i2s.o
 .debug_ranges  0x00000000000005b8       0x78 Drivers/STM32F4xx_HAL_Driver/Src/stm32f4xx_hal_i2s_ex.o
 .debug_ranges  0x0000000000000630       0x78 Drivers/STM32F4xx_HAL_Driver/Src/stm32f4xx_hal_rcc.o
 .debug_ranges  0x00000000000006a8       0x40 Drivers/STM32F4xx_HAL_Driver/Src/stm32f4xx_hal_rcc_ex.o

.debug_macro    0x0000000000000000    0x156b3
 .debug_macro   0x0000000000000000      0x1f5 Core/Src/Sprites.o
 .debug_macro   0x00000000000001f5      0xa5a Core/Src/Sprites.o
 .debug_macro   0x0000000000000c4f      0x18a Core/Src/Sprites.o
 .debug_macro   0x0000000000000dd9       0x2e Core/Src/Sprites.o
 .debug_macro   0x0000000000000e07       0x28 Core/Src/Sprites.o
 .debug_macro   0x0000000000000e2f       0x22 Core/Src/Sprites.o
 .debug_macro   0x0000000000000e51       0x8e Core/Src/Sprites.o
 .debug_macro   0x0000000000000edf       0x51 Core/Src/Sprites.o
 .debug_macro   0x0000000000000f30       0xef Core/Src/Sprites.o
 .debug_macro   0x000000000000101f       0x6a Core/Src/Sprites.o
 .debug_macro   0x0000000000001089      0x1df Core/Src/Sprites.o
 .debug_macro   0x0000000000001268       0x1c Core/Src/Sprites.o
 .debug_macro   0x0000000000001284       0x22 Core/Src/Sprites.o
 .debug_macro   0x00000000000012a6       0xdf Core/Src/Sprites.o
 .debug_macro   0x0000000000001385     0x102d Core/Src/Sprites.o
 .debug_macro   0x00000000000023b2      0x11f Core/Src/Sprites.o
 .debug_macro   0x00000000000024d1     0xb937 Core/Src/Sprites.o
 .debug_macro   0x000000000000de08       0x43 Core/Src/Sprites.o
 .debug_macro   0x000000000000de4b     0x3659 Core/Src/Sprites.o
 .debug_macro   0x00000000000114a4      0x174 Core/Src/Sprites.o
 .debug_macro   0x0000000000011618       0x5a Core/Src/Sprites.o
 .debug_macro   0x0000000000011672      0x447 Core/Src/Sprites.o
 .debug_macro   0x0000000000011ab9      0x9fe Core/Src/Sprites.o
 .debug_macro   0x00000000000124b7      0x15f Core/Src/Sprites.o
 .debug_macro   0x0000000000012616      0x117 Core/Src/Sprites.o
 .debug_macro   0x000000000001272d      0x11b Core/Src/Sprites.o
 .debug_macro   0x0000000000012848       0x27 Core/Src/Sprites.o
 .debug_macro   0x000000000001286f      0x287 Core/Src/Sprites.o
 .debug_macro   0x0000000000012af6       0x5f Core/Src/Sprites.o
 .debug_macro   0x0000000000012b55      0x236 Core/Src/Sprites.o
 .debug_macro   0x0000000000012d8b      0x391 Core/Src/Sprites.o
 .debug_macro   0x000000000001311c      0x17d Core/Src/Sprites.o
 .debug_macro   0x0000000000013299       0xf9 Core/Src/Sprites.o
 .debug_macro   0x0000000000013392      0x132 Core/Src/Sprites.o
 .debug_macro   0x00000000000134c4      0x264 Core/Src/Sprites.o
 .debug_macro   0x0000000000013728       0x2e Core/Src/Sprites.o
 .debug_macro   0x0000000000013756      0x1a7 Core/Src/Sprites.o
 .debug_macro   0x00000000000138fd       0x46 Core/Src/Sprites.o
 .debug_macro   0x0000000000013943       0x4a Core/Src/Sprites.o
 .debug_macro   0x000000000001398d      0x11a Core/Src/Sprites.o
 .debug_macro   0x0000000000013aa7       0x85 Core/Src/Sprites.o
 .debug_macro   0x0000000000013b2c       0x89 Core/Src/Sprites.o
 .debug_macro   0x0000000000013bb5      0x126 Core/Src/Sprites.o
 .debug_macro   0x0000000000013cdb       0x4c Core/Src/Sprites.o
 .debug_macro   0x0000000000013d27      0x207 Core/Src/main.o
 .debug_macro   0x0000000000013f2e      0x1ec Core/Src/stm32f4xx_hal_msp.o
 .debug_macro   0x000000000001411a      0x1f6 Core/Src/stm32f4xx_it.o
 .debug_macro   0x0000000000014310      0x1e8 Core/Src/system_stm32f4xx.o
 .debug_macro   0x00000000000144f8      0x242 Drivers/STM32F4xx_HAL_Driver/Src/stm32f4xx_hal.o
 .debug_macro   0x000000000001473a      0x1e3 Drivers/STM32F4xx_HAL_Driver/Src/stm32f4xx_hal_adc.o
 .debug_macro   0x000000000001491d      0x1e2 Drivers/STM32F4xx_HAL_Driver/Src/stm32f4xx_hal_cortex.o
 .debug_macro   0x0000000000014aff      0x1e8 Drivers/STM32F4xx_HAL_Driver/Src/stm32f4xx_hal_dma.o
 .debug_macro   0x0000000000014ce7      0x218 Drivers/STM32F4xx_HAL_Driver/Src/stm32f4xx_hal_gpio.o
 .debug_macro   0x0000000000014eff      0x1ea Drivers/STM32F4xx_HAL_Driver/Src/stm32f4xx_hal_i2s.o
 .debug_macro   0x00000000000150e9      0x1e2 Drivers/STM32F4xx_HAL_Driver/Src/stm32f4xx_hal_i2s_ex.o
 .debug_macro   0x00000000000152cb      0x206 Drivers/STM32F4xx_HAL_Driver/Src/stm32f4xx_hal_rcc.o
 .debug_macro   0x00000000000154d1      0x1e2 Drivers/STM32F4xx_HAL_Driver/Src/stm32f4xx_hal_rcc_ex.o

.debug_line     0x0000000000000000     0x838e
 .debug_line    0x0000000000000000      0x75d Core/Src/Sprites.o
 .debug_line    0x000000000000075d      0x84d Core/Src/main.o
 .debug_line    0x0000000000000faa      0x74b Core/Src/stm32f4xx_hal_msp.o
 .debug_line    0x00000000000016f5      0x790 Core/Src/stm32f4xx_it.o
 .debug_line    0x0000000000001e85      0x6f5 Core/Src/system_stm32f4xx.o
 .debug_line    0x000000000000257a       0x85 Core/Startup/startup_stm32f411vetx.o
 .debug_line    0x00000000000025ff      0x8df Drivers/STM32F4xx_HAL_Driver/Src/stm32f4xx_hal.o
 .debug_line    0x0000000000002ede      0xb07 Drivers/STM32F4xx_HAL_Driver/Src/stm32f4xx_hal_adc.o
 .debug_line    0x00000000000039e5      0xa03 Drivers/STM32F4xx_HAL_Driver/Src/stm32f4xx_hal_cortex.o
 .debug_line    0x00000000000043e8      0x9ad Drivers/STM32F4xx_HAL_Driver/Src/stm32f4xx_hal_dma.o
 .debug_line    0x0000000000004d95      0x882 Drivers/STM32F4xx_HAL_Driver/Src/stm32f4xx_hal_gpio.o
 .debug_line    0x0000000000005617      0xd7b Drivers/STM32F4xx_HAL_Driver/Src/stm32f4xx_hal_i2s.o
 .debug_line    0x0000000000006392      0xea9 Drivers/STM32F4xx_HAL_Driver/Src/stm32f4xx_hal_i2s_ex.o
 .debug_line    0x000000000000723b      0x937 Drivers/STM32F4xx_HAL_Driver/Src/stm32f4xx_hal_rcc.o
 .debug_line    0x0000000000007b72      0x81c Drivers/STM32F4xx_HAL_Driver/Src/stm32f4xx_hal_rcc_ex.o

.debug_str      0x0000000000000000    0x8532b
 .debug_str     0x0000000000000000    0x82a1b Core/Src/Sprites.o
                                      0x82c98 (size before relaxing)
 .debug_str     0x0000000000082a1b      0xd5c Core/Src/main.o
                                      0x83a28 (size before relaxing)
 .debug_str     0x0000000000083777       0xe2 Core/Src/stm32f4xx_hal_msp.o
                                      0x83383 (size before relaxing)
 .debug_str     0x0000000000083859       0xd5 Core/Src/stm32f4xx_it.o
                                      0x82ed5 (size before relaxing)
 .debug_str     0x000000000008392e       0xc4 Core/Src/system_stm32f4xx.o
                                      0x82d6f (size before relaxing)
 .debug_str     0x00000000000839f2       0x36 Core/Startup/startup_stm32f411vetx.o
                                         0x73 (size before relaxing)
 .debug_str     0x0000000000083a28      0x58d Drivers/STM32F4xx_HAL_Driver/Src/stm32f4xx_hal.o
                                      0x836e4 (size before relaxing)
 .debug_str     0x0000000000083fb5      0x2a2 Drivers/STM32F4xx_HAL_Driver/Src/stm32f4xx_hal_adc.o
                                      0x832f4 (size before relaxing)
 .debug_str     0x0000000000084257      0x392 Drivers/STM32F4xx_HAL_Driver/Src/stm32f4xx_hal_cortex.o
                                      0x834c1 (size before relaxing)
 .debug_str     0x00000000000845e9      0x323 Drivers/STM32F4xx_HAL_Driver/Src/stm32f4xx_hal_dma.o
                                      0x83172 (size before relaxing)
 .debug_str     0x000000000008490c      0x223 Drivers/STM32F4xx_HAL_Driver/Src/stm32f4xx_hal_gpio.o
                                      0x82fae (size before relaxing)
 .debug_str     0x0000000000084b2f      0x28c Drivers/STM32F4xx_HAL_Driver/Src/stm32f4xx_hal_i2s.o
                                      0x83311 (size before relaxing)
 .debug_str     0x0000000000084dbb      0x1f7 Drivers/STM32F4xx_HAL_Driver/Src/stm32f4xx_hal_i2s_ex.o
                                      0x8324f (size before relaxing)
 .debug_str     0x0000000000084fb2      0x24e Drivers/STM32F4xx_HAL_Driver/Src/stm32f4xx_hal_rcc.o
                                      0x8315c (size before relaxing)
 .debug_str     0x0000000000085200      0x12b Drivers/STM32F4xx_HAL_Driver/Src/stm32f4xx_hal_rcc_ex.o
                                      0x82eda (size before relaxing)

.comment        0x0000000000000000       0x7b
 .comment       0x0000000000000000       0x7b Core/Src/Sprites.o
                                         0x7c (size before relaxing)
 .comment       0x000000000000007b       0x7c Core/Src/main.o
 .comment       0x000000000000007b       0x7c Core/Src/stm32f4xx_hal_msp.o
 .comment       0x000000000000007b       0x7c Core/Src/stm32f4xx_it.o
 .comment       0x000000000000007b       0x7c Core/Src/system_stm32f4xx.o
 .comment       0x000000000000007b       0x7c Drivers/STM32F4xx_HAL_Driver/Src/stm32f4xx_hal.o
 .comment       0x000000000000007b       0x7c Drivers/STM32F4xx_HAL_Driver/Src/stm32f4xx_hal_adc.o
 .comment       0x000000000000007b       0x7c Drivers/STM32F4xx_HAL_Driver/Src/stm32f4xx_hal_cortex.o
 .comment       0x000000000000007b       0x7c Drivers/STM32F4xx_HAL_Driver/Src/stm32f4xx_hal_dma.o
 .comment       0x000000000000007b       0x7c Drivers/STM32F4xx_HAL_Driver/Src/stm32f4xx_hal_gpio.o
 .comment       0x000000000000007b       0x7c Drivers/STM32F4xx_HAL_Driver/Src/stm32f4xx_hal_i2s.o
 .comment       0x000000000000007b       0x7c Drivers/STM32F4xx_HAL_Driver/Src/stm32f4xx_hal_i2s_ex.o
 .comment       0x000000000000007b       0x7c Drivers/STM32F4xx_HAL_Driver/Src/stm32f4xx_hal_rcc.o
 .comment       0x000000000000007b       0x7c Drivers/STM32F4xx_HAL_Driver/Src/stm32f4xx_hal_rcc_ex.o

.debug_frame    0x0000000000000000     0x1e34
 .debug_frame   0x0000000000000000       0x84 Core/Src/Sprites.o
 .debug_frame   0x0000000000000084      0x16c Core/Src/main.o
 .debug_frame   0x00000000000001f0       0xc8 Core/Src/stm32f4xx_hal_msp.o
 .debug_frame   0x00000000000002b8      0x128 Core/Src/stm32f4xx_it.o
 .debug_frame   0x00000000000003e0       0x58 Core/Src/system_stm32f4xx.o
 .debug_frame   0x0000000000000438      0x374 Drivers/STM32F4xx_HAL_Driver/Src/stm32f4xx_hal.o
 .debug_frame   0x00000000000007ac      0x3fc Drivers/STM32F4xx_HAL_Driver/Src/stm32f4xx_hal_adc.o
 .debug_frame   0x0000000000000ba8      0x498 Drivers/STM32F4xx_HAL_Driver/Src/stm32f4xx_hal_cortex.o
 .debug_frame   0x0000000000001040      0x250 Drivers/STM32F4xx_HAL_Driver/Src/stm32f4xx_hal_dma.o
 .debug_frame   0x0000000000001290      0x14c Drivers/STM32F4xx_HAL_Driver/Src/stm32f4xx_hal_gpio.o
 .debug_frame   0x00000000000013dc      0x484 Drivers/STM32F4xx_HAL_Driver/Src/stm32f4xx_hal_i2s.o
 .debug_frame   0x0000000000001860      0x220 Drivers/STM32F4xx_HAL_Driver/Src/stm32f4xx_hal_i2s_ex.o
 .debug_frame   0x0000000000001a80      0x1f0 Drivers/STM32F4xx_HAL_Driver/Src/stm32f4xx_hal_rcc.o
 .debug_frame   0x0000000000001c70      0x118 Drivers/STM32F4xx_HAL_Driver/Src/stm32f4xx_hal_rcc_ex.o
 .debug_frame   0x0000000000001d88       0x2c c:/st/stm32cubeide_1.3.0/stm32cubeide/plugins/com.st.stm32cube.ide.mcu.externaltools.gnu-tools-for-stm32.7-2018-q2-update.win32_1.0.0.201904181610/tools/bin/../lib/gcc/arm-none-eabi/7.3.1/../../../../arm-none-eabi/lib/thumb/v7e-m/fpv4-sp/hard\libc_nano.a(lib_a-init.o)
 .debug_frame   0x0000000000001db4       0x20 c:/st/stm32cubeide_1.3.0/stm32cubeide/plugins/com.st.stm32cube.ide.mcu.externaltools.gnu-tools-for-stm32.7-2018-q2-update.win32_1.0.0.201904181610/tools/bin/../lib/gcc/arm-none-eabi/7.3.1/../../../../arm-none-eabi/lib/thumb/v7e-m/fpv4-sp/hard\libc_nano.a(lib_a-memset.o)
 .debug_frame   0x0000000000001dd4       0x2c c:/st/stm32cubeide_1.3.0/stm32cubeide/plugins/com.st.stm32cube.ide.mcu.externaltools.gnu-tools-for-stm32.7-2018-q2-update.win32_1.0.0.201904181610/tools/bin/../lib/gcc/arm-none-eabi/7.3.1/thumb/v7e-m/fpv4-sp/hard\libgcc.a(_aeabi_uldivmod.o)
 .debug_frame   0x0000000000001e00       0x34 c:/st/stm32cubeide_1.3.0/stm32cubeide/plugins/com.st.stm32cube.ide.mcu.externaltools.gnu-tools-for-stm32.7-2018-q2-update.win32_1.0.0.201904181610/tools/bin/../lib/gcc/arm-none-eabi/7.3.1/thumb/v7e-m/fpv4-sp/hard\libgcc.a(_udivmoddi4.o)
