main.c:140:6:displayIntroScreen	40	static
main.c:183:6:displayGameOver	40	static
main.c:216:6:clearscreen	24	static
main.c:238:6:displayint	40	static
main.c:264:6:updatescreen	136	static
main.c:407:6:updatePlayerMissileStatus	112	static
main.c:521:6:updateEnemyMissileStatus	40	static
main.c:564:6:explodeInvader1	40	static
main.c:630:5:main	104	static
main.c:911:6:SystemClock_Config	112	static
main.c:966:13:MX_I2S3_Init	8	static
main.c:998:13:MX_DMA_Init	16	static
main.c:1016:13:MX_GPIO_Init	48	static
main.c:1070:6:Error_Handler	4	static
