08:39:52 **** Incremental Build of configuration Debug for project a1-prep ****
make -j4 all 
arm-none-eabi-gcc "../Core/Src/main.c" -mcpu=cortex-m4 -std=gnu11 -g3 -DUSE_HAL_DRIVER -DSTM32F411xE -DDEBUG -c -I../Drivers/CMSIS/Include -I../Drivers/STM32F4xx_HAL_Driver/Inc -I../Core/Inc -I../Drivers/CMSIS/Device/ST/STM32F4xx/Include -I../Drivers/STM32F4xx_HAL_Driver/Inc/Legacy -O0 -ffunction-sections -fdata-sections -Wall -fstack-usage -MMD -MP -MF"Core/Src/main.d" -MT"Core/Src/main.o" --specs=nano.specs -mfpu=fpv4-sp-d16 -mfloat-abi=hard -mthumb -o "Core/Src/main.o"
../Core/Src/main.c: In function 'main':
../Core/Src/main.c:142:12: warning: unused variable 'pd12' [-Wunused-variable]
   uint32_t pd12 = readBitInReg((uint32_t*)(GPIOD_BASE + 0x14), 12);
            ^~~~
arm-none-eabi-gcc -o "a1-prep.elf" @"objects.list"   -mcpu=cortex-m4 -T"C:\Users\benjr\STM32CubeIDE\workspace_1.3.0\a1-prep\STM32F411VETX_FLASH.ld" --specs=nosys.specs -Wl,-Map="a1-prep.map" -Wl,--gc-sections -static --specs=nano.specs -mfpu=fpv4-sp-d16 -mfloat-abi=hard -mthumb -Wl,--start-group -lc -lm -Wl,--end-group
Finished building target: a1-prep.elf
 
arm-none-eabi-objdump -h -S  a1-prep.elf  > "a1-prep.list"
arm-none-eabi-objcopy  -O binary  a1-prep.elf  "a1-prep.bin"
arm-none-eabi-size   a1-prep.elf 
   text	   data	    bss	    dec	    hex	filename
   6216	     20	   1572	   7808	   1e80	a1-prep.elf
Finished building: default.size.stdout
 
Finished building: a1-prep.bin
Finished building: a1-prep.list
 
 

08:39:55 Build Finished. 0 errors, 1 warnings. (took 2s.924ms)

