18:27:34 **** Incremental Build of configuration Debug for project prac5q2 ****
make -j4 all 
arm-none-eabi-gcc "../Core/Src/main.c" -mcpu=cortex-m4 -std=gnu11 -g3 -DUSE_HAL_DRIVER -DSTM32F411xE -DDEBUG -c -I../Drivers/CMSIS/Include -I../Drivers/STM32F4xx_HAL_Driver/Inc -I../Core/Inc -I../Drivers/CMSIS/Device/ST/STM32F4xx/Include -I../Drivers/STM32F4xx_HAL_Driver/Inc/Legacy -O0 -ffunction-sections -fdata-sections -Wall -fstack-usage -MMD -MP -MF"Core/Src/main.d" -MT"Core/Src/main.o" --specs=nano.specs -mfpu=fpv4-sp-d16 -mfloat-abi=hard -mthumb -o "Core/Src/main.o"
arm-none-eabi-gcc -o "prac5q2.elf" @"objects.list"   -mcpu=cortex-m4 -T"C:\Users\benjr\STM32CubeIDE\workspace_1.3.0\prac5q2\STM32F411VETX_FLASH.ld" --specs=nosys.specs -Wl,-Map="prac5q2.map" -Wl,--gc-sections -static --specs=nano.specs -mfpu=fpv4-sp-d16 -mfloat-abi=hard -mthumb -Wl,--start-group -lc -lm -Wl,--end-group
Finished building target: prac5q2.elf
 
arm-none-eabi-objdump -h -S  prac5q2.elf  > "prac5q2.list"
arm-none-eabi-objcopy  -O binary  prac5q2.elf  "prac5q2.bin"
arm-none-eabi-size   prac5q2.elf 
   text	   data	    bss	    dec	    hex	filename
  10020	     32	   1648	  11700	   2db4	prac5q2.elf
Finished building: default.size.stdout
 
Finished building: prac5q2.list
Finished building: prac5q2.bin
 
 

18:27:37 Build Finished. 0 errors, 0 warnings. (took 2s.767ms)

