14:50:02 **** Incremental Build of configuration Debug for project Space Invaders ****
make -j4 all 
arm-none-eabi-gcc "../Core/Src/main.c" -mcpu=cortex-m4 -std=gnu11 -g3 -DUSE_HAL_DRIVER -DSTM32F411xE -DDEBUG -c -I../Drivers/CMSIS/Include -I../Drivers/STM32F4xx_HAL_Driver/Inc -I../Core/Inc -I../Drivers/CMSIS/Device/ST/STM32F4xx/Include -I../Drivers/STM32F4xx_HAL_Driver/Inc/Legacy -O0 -ffunction-sections -fdata-sections -Wall -fstack-usage -MMD -MP -MF"Core/Src/main.d" -MT"Core/Src/main.o" --specs=nano.specs -mfpu=fpv4-sp-d16 -mfloat-abi=hard -mthumb -o "Core/Src/main.o"
../Core/Src/main.c: In function 'updateEnemyMissileStatus':
../Core/Src/main.c:370:6: warning: unused variable 'pos_x' [-Wunused-variable]
  int pos_x = invader1_missile_prev_xpos[missile_index];
      ^~~~~
arm-none-eabi-gcc -o "Space Invaders.elf" @"objects.list"   -mcpu=cortex-m4 -T"C:\Users\benjr\STM32CubeIDE\workspace_1.3.0\Space Invaders\STM32F411VETX_FLASH.ld" --specs=nosys.specs -Wl,-Map="Space Invaders.map" -Wl,--gc-sections -static --specs=nano.specs -mfpu=fpv4-sp-d16 -mfloat-abi=hard -mthumb -Wl,--start-group -lc -lm -Wl,--end-group
Finished building target: Space Invaders.elf
 
arm-none-eabi-objdump -h -S  Space\ Invaders.elf  > "Space Invaders.list"
arm-none-eabi-objcopy  -O binary  Space\ Invaders.elf  "Space Invaders.bin"
arm-none-eabi-size   Space\ Invaders.elf 
   text	   data	    bss	    dec	    hex	filename
  17224	    612	   2276	  20112	   4e90	Space Invaders.elf
Finished building: default.size.stdout
 
Finished building: Space Invaders.bin
Finished building: Space Invaders.list
 
 

14:50:05 Build Finished. 0 errors, 1 warnings. (took 3s.482ms)

